Archive member included because of file (symbol)

.\ARM_GCC_441\Debug\Synthdude.a(VDAC8_1.o)
                              .\ARM_GCC_441\Debug\main.o (VDAC8_1_Start)
.\ARM_GCC_441\Debug\Synthdude.a(isr_1.o)
                              .\ARM_GCC_441\Debug\main.o (isr_1_StartEx)
.\ARM_GCC_441\Debug\Synthdude.a(Timer_1.o)
                              .\ARM_GCC_441\Debug\main.o (Timer_1_Start)
.\ARM_GCC_441\Debug\Synthdude.a(UART_1.o)
                              .\ARM_GCC_441\Debug\main.o (UART_1_Start)
.\ARM_GCC_441\Debug\Synthdude.a(UART_1_IntClock.o)
                              .\ARM_GCC_441\Debug\Synthdude.a(UART_1.o) (UART_1_IntClock_Start)
.\ARM_GCC_441\Debug\Synthdude.a(CyBootAsmGnu.o)
                              .\ARM_GCC_441\Debug\Synthdude.a(UART_1.o) (CyEnterCriticalSection)
.\ARM_GCC_441\Debug\Synthdude.a(CyLib.o)
                              .\ARM_GCC_441\Debug\Cm3Start.o (CyResetStatus)
.\ARM_GCC_441\Debug\Synthdude.a(cyPm.o)
                              .\ARM_GCC_441\Debug\Synthdude.a(CyLib.o) (CyPmReadStatus)
.\ARM_GCC_441\Debug\Synthdude.a(Timer_2.o)
                              .\ARM_GCC_441\Debug\main.o (Timer_2_Start)
.\ARM_GCC_441\Debug\Synthdude.a(isr_2.o)
                              .\ARM_GCC_441\Debug\main.o (isr_2_StartEx)
.\ARM_GCC_441\Debug\Synthdude.a(cyfitter_cfg.o)
                              .\ARM_GCC_441\Debug\Cm3Start.o (cyfitter_cfg)
.\ARM_GCC_441\Debug\Synthdude.a(CyFlash.o)
                              .\ARM_GCC_441\Debug\Synthdude.a(cyPm.o) (CyFlash_SetWaitCycles)
.\ARM_GCC_441\Debug\Synthdude.a(CySpc.o)
                              .\ARM_GCC_441\Debug\Synthdude.a(CyFlash.o) (CySpcStart)
c:/program files (x86)/cypress/psoc creator/2.2/psoc creator/import/gnu_cs/arm/4.4.1/bin/../lib/gcc/arm-none-eabi/4.4.1/../../../../arm-none-eabi/lib/thumb2\libm.a(lib_a-s_ceil.o)
                              .\ARM_GCC_441\Debug\main.o (ceil)
c:/program files (x86)/cypress/psoc creator/2.2/psoc creator/import/gnu_cs/arm/4.4.1/bin/../lib/gcc/arm-none-eabi/4.4.1/../../../../arm-none-eabi/lib/thumb2\libm.a(lib_a-s_floor.o)
                              .\ARM_GCC_441\Debug\main.o (floor)
c:/program files (x86)/cypress/psoc creator/2.2/psoc creator/import/gnu_cs/arm/4.4.1/bin/../lib/gcc/arm-none-eabi/4.4.1/../../../../arm-none-eabi/lib/thumb2\libm.a(lib_a-w_pow.o)
                              .\ARM_GCC_441\Debug\main.o (pow)
c:/program files (x86)/cypress/psoc creator/2.2/psoc creator/import/gnu_cs/arm/4.4.1/bin/../lib/gcc/arm-none-eabi/4.4.1/../../../../arm-none-eabi/lib/thumb2\libm.a(lib_a-w_sqrt.o)
                              .\ARM_GCC_441\Debug\main.o (sqrt)
c:/program files (x86)/cypress/psoc creator/2.2/psoc creator/import/gnu_cs/arm/4.4.1/bin/../lib/gcc/arm-none-eabi/4.4.1/../../../../arm-none-eabi/lib/thumb2\libm.a(lib_a-e_pow.o)
                              c:/program files (x86)/cypress/psoc creator/2.2/psoc creator/import/gnu_cs/arm/4.4.1/bin/../lib/gcc/arm-none-eabi/4.4.1/../../../../arm-none-eabi/lib/thumb2\libm.a(lib_a-w_pow.o) (__ieee754_pow)
c:/program files (x86)/cypress/psoc creator/2.2/psoc creator/import/gnu_cs/arm/4.4.1/bin/../lib/gcc/arm-none-eabi/4.4.1/../../../../arm-none-eabi/lib/thumb2\libm.a(lib_a-e_sqrt.o)
                              c:/program files (x86)/cypress/psoc creator/2.2/psoc creator/import/gnu_cs/arm/4.4.1/bin/../lib/gcc/arm-none-eabi/4.4.1/../../../../arm-none-eabi/lib/thumb2\libm.a(lib_a-w_sqrt.o) (__ieee754_sqrt)
c:/program files (x86)/cypress/psoc creator/2.2/psoc creator/import/gnu_cs/arm/4.4.1/bin/../lib/gcc/arm-none-eabi/4.4.1/../../../../arm-none-eabi/lib/thumb2\libm.a(lib_a-s_fabs.o)
                              c:/program files (x86)/cypress/psoc creator/2.2/psoc creator/import/gnu_cs/arm/4.4.1/bin/../lib/gcc/arm-none-eabi/4.4.1/../../../../arm-none-eabi/lib/thumb2\libm.a(lib_a-e_pow.o) (fabs)
c:/program files (x86)/cypress/psoc creator/2.2/psoc creator/import/gnu_cs/arm/4.4.1/bin/../lib/gcc/arm-none-eabi/4.4.1/../../../../arm-none-eabi/lib/thumb2\libm.a(lib_a-s_finite.o)
                              c:/program files (x86)/cypress/psoc creator/2.2/psoc creator/import/gnu_cs/arm/4.4.1/bin/../lib/gcc/arm-none-eabi/4.4.1/../../../../arm-none-eabi/lib/thumb2\libm.a(lib_a-w_pow.o) (finite)
c:/program files (x86)/cypress/psoc creator/2.2/psoc creator/import/gnu_cs/arm/4.4.1/bin/../lib/gcc/arm-none-eabi/4.4.1/../../../../arm-none-eabi/lib/thumb2\libm.a(lib_a-s_isnand.o)
                              c:/program files (x86)/cypress/psoc creator/2.2/psoc creator/import/gnu_cs/arm/4.4.1/bin/../lib/gcc/arm-none-eabi/4.4.1/../../../../arm-none-eabi/lib/thumb2\libm.a(lib_a-w_pow.o) (__isnand)
c:/program files (x86)/cypress/psoc creator/2.2/psoc creator/import/gnu_cs/arm/4.4.1/bin/../lib/gcc/arm-none-eabi/4.4.1/../../../../arm-none-eabi/lib/thumb2\libm.a(lib_a-s_lib_ver.o)
[...]
Memory Configuration

Name             Origin             Length             Attributes
rom              0x00000000         0x00040000         xr
ram              0x1fff8000         0x0000b000         xrw
*default*        0x00000000         0xffffffff

Linker script and memory map

LOAD c:/program files (x86)/cypress/psoc creator/2.2/psoc creator/import/gnu_cs/arm/4.4.1/bin/../lib/gcc/arm-none-eabi/4.4.1/thumb2/crti.o
LOAD c:/program files (x86)/cypress/psoc creator/2.2/psoc creator/import/gnu_cs/arm/4.4.1/bin/../lib/gcc/arm-none-eabi/4.4.1/thumb2/crtbegin.o
START GROUP
LOAD .\ARM_GCC_441\Debug\main.o
LOAD .\ARM_GCC_441\Debug\Cm3Start.o
LOAD .\ARM_GCC_441\Debug\Synthdude.a
LOAD C:\Program Files (x86)\Cypress\PSoC Creator\2.2\PSoC Creator\psoc\content\cycomponentlibrary\CyComponentLibrary.cylib\CortexM3\ARM_GCC_441\Debug\CyComponentLibrary.a
LOAD c:/program files (x86)/cypress/psoc creator/2.2/psoc creator/import/gnu_cs/arm/4.4.1/bin/../lib/gcc/arm-none-eabi/4.4.1/../../../../arm-none-eabi/lib/thumb2\libm.a
END GROUP
START GROUP
LOAD c:/program files (x86)/cypress/psoc creator/2.2/psoc creator/import/gnu_cs/arm/4.4.1/bin/../lib/gcc/arm-none-eabi/4.4.1/thumb2\libgcc.a
LOAD c:/program files (x86)/cypress/psoc creator/2.2/psoc creator/import/gnu_cs/arm/4.4.1/bin/../lib/gcc/arm-none-eabi/4.4.1/../../../../arm-none-eabi/lib/thumb2\libc.a
END GROUP
LOAD c:/program files (x86)/cypress/psoc creator/2.2/psoc creator/import/gnu_cs/arm/4.4.1/bin/../lib/gcc/arm-none-eabi/4.4.1/thumb2/crtend.o
LOAD c:/program files (x86)/cypress/psoc creator/2.2/psoc creator/import/gnu_cs/arm/4.4.1/bin/../lib/gcc/arm-none-eabi/4.4.1/thumb2/crtn.o
START GROUP
LOAD c:/program files (x86)/cypress/psoc creator/2.2/psoc creator/import/gnu_cs/arm/4.4.1/bin/../lib/gcc/arm-none-eabi/4.4.1/thumb2\libgcc.a
LOAD c:/program files (x86)/cypress/psoc creator/2.2/psoc creator/import/gnu_cs/arm/4.4.1/bin/../lib/gcc/arm-none-eabi/4.4.1/../../../../arm-none-eabi/lib/thumb2\libc.a
LOAD c:/program files (x86)/cypress/psoc creator/2.2/psoc creator/import/gnu_cs/arm/4.4.1/bin/../lib/gcc/arm-none-eabi/4.4.1/../../../../arm-none-eabi/lib/thumb2\libcs3.a
LOAD c:/program files (x86)/cypress/psoc creator/2.2/psoc creator/import/gnu_cs/arm/4.4.1/bin/../lib/gcc/arm-none-eabi/4.4.1/../../../../arm-none-eabi/lib/thumb2\libcs3unhosted.a
LOAD c:/program files (x86)/cypress/psoc creator/2.2/psoc creator/import/gnu_cs/arm/4.4.1/bin/../lib/gcc/arm-none-eabi/4.4.1/../../../../arm-none-eabi/lib/thumb2\libcs3micro.a
END GROUP
                0x1fff9840                PROVIDE (__cs3_heap_start, _end)
                0x00000001                PROVIDE (__cs3_region_num, ((__cs3_regions_end - __cs3_regions) / 0x14))
                0x20008000                PROVIDE (__cs3_stack, 0x20008000)
                0x20004000                PROVIDE (__cs3_heap_end, (__cs3_stack - 0x4000))

.text           0x00000000     0x40dc
 CREATE_OBJECT_SYMBOLS
                0x00000000                PROVIDE (__cs3_interrupt_vector, RomVectors)
 *(.romvectors)
 .romvectors    0x00000000       0x10 .\ARM_GCC_441\Debug\Cm3Start.o
                0x00000000                RomVectors
 *(.cs3.interrupt_vector)
                0x00000001                ASSERT ((. != __cs3_interrupt_vector), No interrupt vector)
                0x000011e8                PROVIDE (__cs3_reset, Reset)
 *(.cs3.reset)
                0x00000001                ASSERT ((. != __cs3_reset), No reset code)
 *(.dma_init)
 .dma_init      0x00000010      0x1a0 .\ARM_GCC_441\Debug\Synthdude.a(cyfitter_cfg.o)
                0x00000001                ASSERT ((((0x0 + .) <= 0x10000) || 0x0), DMA Init must be within the first 64k of flash)
 *(.text.cs3.init)
 .text.cs3.init
                0x000001b0       0x5c c:/program files (x86)/cypress/psoc creator/2.2/psoc creator/import/gnu_cs/arm/4.4.1/bin/../lib/gcc/arm-none-eabi/4.4.1/../../../../arm-none-eabi/lib/thumb2\libcs3.a(start_c.o)
                0x000001b0                __cs3_start_c
 *(.text .text.* .gnu.linkonce.t.*)
 .text          0x0000020c       0x30 c:/program files (x86)/cypress/psoc creator/2.2/psoc creator/import/gnu_cs/arm/4.4.1/bin/../lib/gcc/arm-none-eabi/4.4.1/thumb2/crtbegin.o
 .text.FFT      0x0000023c      0x494 .\ARM_GCC_441\Debug\main.o
                0x0000023c                FFT
 .text.isr_1    0x000006d0      0x1e0 .\ARM_GCC_441\Debug\main.o
                0x000006d0                isr_1
 .text.isr_2    0x000008b0       0xc0 .\ARM_GCC_441\Debug\main.o
                0x000008b0                isr_2
 .text.main     0x00000970      0x870 .\ARM_GCC_441\Debug\main.o
                0x00000970                main
 .text.IntDefaultHandler
                0x000011e0        0x8 .\ARM_GCC_441\Debug\Cm3Start.o
                0x000011e0                IntDefaultHandler
 .text.Reset    0x000011e8       0x24 .\ARM_GCC_441\Debug\Cm3Start.o
                0x000011e8                Reset
 .text.initialize_psoc
                0x0000120c       0xb4 .\ARM_GCC_441\Debug\Cm3Start.o
                0x0000120c                initialize_psoc
 .text.VDAC8_1_Init
                0x000012c0       0x34 .\ARM_GCC_441\Debug\Synthdude.a(VDAC8_1.o)
                0x000012c0                VDAC8_1_Init
 .text.VDAC8_1_Enable
                0x000012f4       0x44 .\ARM_GCC_441\Debug\Synthdude.a(VDAC8_1.o)
                0x000012f4                VDAC8_1_Enable
 .text.VDAC8_1_Start
                0x00001338       0x34 .\ARM_GCC_441\Debug\Synthdude.a(VDAC8_1.o)
                0x00001338                VDAC8_1_Start
 .text.VDAC8_1_SetSpeed
                0x0000136c       0x50 .\ARM_GCC_441\Debug\Synthdude.a(VDAC8_1.o)
                0x0000136c                VDAC8_1_SetSpeed
 .text.VDAC8_1_SetRange
                0x000013bc       0x54 .\ARM_GCC_441\Debug\Synthdude.a(VDAC8_1.o)
                0x000013bc                VDAC8_1_SetRange
 .text.VDAC8_1_SetValue
                0x00001410       0x20 .\ARM_GCC_441\Debug\Synthdude.a(VDAC8_1.o)
                0x00001410                VDAC8_1_SetValue
 .text.VDAC8_1_DacTrim
                0x00001430       0x44 .\ARM_GCC_441\Debug\Synthdude.a(VDAC8_1.o)
                0x00001430                VDAC8_1_DacTrim
 .text.isr_1_StartEx
                0x00001474       0x28 .\ARM_GCC_441\Debug\Synthdude.a(isr_1.o)
                0x00001474                isr_1_StartEx
 .text.isr_1_SetVector
                0x0000149c       0x28 .\ARM_GCC_441\Debug\Synthdude.a(isr_1.o)
                0x0000149c                isr_1_SetVector
 .text.isr_1_SetPriority
                0x000014c4       0x28 .\ARM_GCC_441\Debug\Synthdude.a(isr_1.o)
                0x000014c4                isr_1_SetPriority
 .text.isr_1_Enable
                0x000014ec       0x18 .\ARM_GCC_441\Debug\Synthdude.a(isr_1.o)
                0x000014ec                isr_1_Enable
 .text.isr_1_Disable
                0x00001504       0x18 .\ARM_GCC_441\Debug\Synthdude.a(isr_1.o)
                0x00001504                isr_1_Disable
 .text.Timer_1_Init
                0x0000151c       0xdc .\ARM_GCC_441\Debug\Synthdude.a(Timer_1.o)
                0x0000151c                Timer_1_Init
 .text.Timer_1_Enable
                0x000015f8       0x60 .\ARM_GCC_441\Debug\Synthdude.a(Timer_1.o)
                0x000015f8                Timer_1_Enable
 .text.Timer_1_Start
                0x00001658       0x2c .\ARM_GCC_441\Debug\Synthdude.a(Timer_1.o)
                0x00001658                Timer_1_Start
 .text.Timer_1_SetInterruptMode
                0x00001684       0x20 .\ARM_GCC_441\Debug\Synthdude.a(Timer_1.o)
                0x00001684                Timer_1_SetInterruptMode
 .text.Timer_1_ReadStatusRegister
                0x000016a4       0x18 .\ARM_GCC_441\Debug\Synthdude.a(Timer_1.o)
                0x000016a4                Timer_1_ReadStatusRegister
 .text.Timer_1_WritePeriod
                0x000016bc       0x24 .\ARM_GCC_441\Debug\Synthdude.a(Timer_1.o)
                0x000016bc                Timer_1_WritePeriod
 .text.Timer_1_WriteCounter
                0x000016e0       0x20 .\ARM_GCC_441\Debug\Synthdude.a(Timer_1.o)
                0x000016e0                Timer_1_WriteCounter
 .text.UART_1_Start
                0x00001700       0x2c .\ARM_GCC_441\Debug\Synthdude.a(UART_1.o)
                0x00001700                UART_1_Start
 .text.UART_1_Init
                0x0000172c       0x50 .\ARM_GCC_441\Debug\Synthdude.a(UART_1.o)
                0x0000172c                UART_1_Init
 .text.UART_1_Enable
                0x0000177c       0x78 .\ARM_GCC_441\Debug\Synthdude.a(UART_1.o)
                0x0000177c                UART_1_Enable
 .text.UART_1_IntClock_Start
                0x000017f4       0x44 .\ARM_GCC_441\Debug\Synthdude.a(UART_1_IntClock.o)
                0x000017f4                UART_1_IntClock_Start
 .text          0x00001838       0x20 .\ARM_GCC_441\Debug\Synthdude.a(CyBootAsmGnu.o)
                0x00001838                CyDelayCycles
                0x00001848                CyEnterCriticalSection
                0x00001850                CyExitCriticalSection
 .text.Timer_2_Init
                0x00001858       0xdc .\ARM_GCC_441\Debug\Synthdude.a(Timer_2.o)
                0x00001858                Timer_2_Init
 .text.Timer_2_Enable
                0x00001934       0x60 .\ARM_GCC_441\Debug\Synthdude.a(Timer_2.o)
                0x00001934                Timer_2_Enable
 .text.Timer_2_Start
                0x00001994       0x2c .\ARM_GCC_441\Debug\Synthdude.a(Timer_2.o)
                0x00001994                Timer_2_Start
 .text.Timer_2_SetInterruptMode
                0x000019c0       0x20 .\ARM_GCC_441\Debug\Synthdude.a(Timer_2.o)
                0x000019c0                Timer_2_SetInterruptMode
 .text.Timer_2_ReadStatusRegister
                0x000019e0       0x18 .\ARM_GCC_441\Debug\Synthdude.a(Timer_2.o)
                0x000019e0                Timer_2_ReadStatusRegister
 .text.Timer_2_WritePeriod
                0x000019f8       0x24 .\ARM_GCC_441\Debug\Synthdude.a(Timer_2.o)
                0x000019f8                Timer_2_WritePeriod
 .text.Timer_2_WriteCounter
                0x00001a1c       0x20 .\ARM_GCC_441\Debug\Synthdude.a(Timer_2.o)
                0x00001a1c                Timer_2_WriteCounter
 .text.isr_2_StartEx
                0x00001a3c       0x28 .\ARM_GCC_441\Debug\Synthdude.a(isr_2.o)
                0x00001a3c                isr_2_StartEx
 .text.isr_2_SetVector
                0x00001a64       0x28 .\ARM_GCC_441\Debug\Synthdude.a(isr_2.o)
                0x00001a64                isr_2_SetVector
 .text.isr_2_SetPriority
                0x00001a8c       0x28 .\ARM_GCC_441\Debug\Synthdude.a(isr_2.o)
                0x00001a8c                isr_2_SetPriority
 .text.isr_2_Enable
                0x00001ab4       0x18 .\ARM_GCC_441\Debug\Synthdude.a(isr_2.o)
                0x00001ab4                isr_2_Enable
 .text.isr_2_Disable
                0x00001acc       0x18 .\ARM_GCC_441\Debug\Synthdude.a(isr_2.o)
                0x00001acc                isr_2_Disable
 .text.CYCONFIGCPY
                0x00001ae4       0x20 .\ARM_GCC_441\Debug\Synthdude.a(cyfitter_cfg.o)
 .text.cfg_dma_init
                0x00001b04      0x1bc .\ARM_GCC_441\Debug\Synthdude.a(cyfitter_cfg.o)
 .text.ClockSetup
                0x00001cc0      0x160 .\ARM_GCC_441\Debug\Synthdude.a(cyfitter_cfg.o)
 .text.AnalogSetDefault
                0x00001e20       0x68 .\ARM_GCC_441\Debug\Synthdude.a(cyfitter_cfg.o)
 .text.cyfitter_cfg
                0x00001e88      0x114 .\ARM_GCC_441\Debug\Synthdude.a(cyfitter_cfg.o)
                0x00001e88                cyfitter_cfg
 *fill*         0x00001f9c        0x4 00
 .text          0x00001fa0      0x120 c:/program files (x86)/cypress/psoc creator/2.2/psoc creator/import/gnu_cs/arm/4.4.1/bin/../lib/gcc/arm-none-eabi/4.4.1/../../../../arm-none-eabi/lib/thumb2\libm.a(lib_a-s_ceil.o)
                0x00001fa0                ceil
 .text          0x000020c0      0x128 c:/program files (x86)/cypress/psoc creator/2.2/psoc creator/import/gnu_cs/arm/4.4.1/bin/../lib/gcc/arm-none-eabi/4.4.1/../../../../arm-none-eabi/lib/thumb2\libm.a(lib_a-s_floor.o)
                0x000020c0                floor
 .text          0x000021e8      0x358 c:/program files (x86)/cypress/psoc creator/2.2/psoc creator/import/gnu_cs/arm/4.4.1/bin/../lib/gcc/arm-none-eabi/4.4.1/../../../../arm-none-eabi/lib/thumb2\libm.a(lib_a-w_pow.o)
                0x000021e8                pow
 .text          0x00002540       0xac c:/program files (x86)/cypress/psoc creator/2.2/psoc creator/import/gnu_cs/arm/4.4.1/bin/../lib/gcc/arm-none-eabi/4.4.1/../../../../arm-none-eabi/lib/thumb2\libm.a(lib_a-w_sqrt.o)
                0x00002540                sqrt
 *fill*         0x000025ec        0x4 00
 .text          0x000025f0      0xb60 c:/program files (x86)/cypress/psoc creator/2.2/psoc creator/import/gnu_cs/arm/4.4.1/bin/../lib/gcc/arm-none-eabi/4.4.1/../../../../arm-none-eabi/lib/thumb2\libm.a(lib_a-e_pow.o)
                0x000025f0                __ieee754_pow
 .text          0x00003150      0x1dc c:/program files (x86)/cypress/psoc creator/2.2/psoc creator/import/gnu_cs/arm/4.4.1/bin/../lib/gcc/arm-none-eabi/4.4.1/../../../../arm-none-eabi/lib/thumb2\libm.a(lib_a-e_sqrt.o)
                0x00003150                __ieee754_sqrt
 .text          0x0000332c        0x8 c:/program files (x86)/cypress/psoc creator/2.2/psoc creator/import/gnu_cs/arm/4.4.1/bin/../lib/gcc/arm-none-eabi/4.4.1/../../../../arm-none-eabi/lib/thumb2\libm.a(lib_a-s_fabs.o)
                0x0000332c                fabs
 .text          0x00003334       0x10 c:/program files (x86)/cypress/psoc creator/2.2/psoc creator/import/gnu_cs/arm/4.4.1/bin/../lib/gcc/arm-none-eabi/4.4.1/../../../../arm-none-eabi/lib/thumb2\libm.a(lib_a-s_finite.o)
                0x00003334                finite
 .text          0x00003344       0x1c c:/program files (x86)/cypress/psoc creator/2.2/psoc creator/import/gnu_cs/arm/4.4.1/bin/../lib/gcc/arm-none-eabi/4.4.1/../../../../arm-none-eabi/lib/thumb2\libm.a(lib_a-s_isnand.o)
                0x00003344                __isnand
 .text          0x00003360        0x4 c:/program files (x86)/cypress/psoc creator/2.2/psoc creator/import/gnu_cs/arm/4.4.1/bin/../lib/gcc/arm-none-eabi/4.4.1/../../../../arm-none-eabi/lib/thumb2\libm.a(lib_a-s_matherr.o)
                0x00003360                matherr
 .text          0x00003364        0xc c:/program files (x86)/cypress/psoc creator/2.2/psoc creator/import/gnu_cs/arm/4.4.1/bin/../lib/gcc/arm-none-eabi/4.4.1/../../../../arm-none-eabi/lib/thumb2\libm.a(lib_a-s_nan.o)
                0x00003364                nan
 .text          0x00003370      0x134 c:/program files (x86)/cypress/psoc creator/2.2/psoc creator/import/gnu_cs/arm/4.4.1/bin/../lib/gcc/arm-none-eabi/4.4.1/../../../../arm-none-eabi/lib/thumb2\libm.a(lib_a-s_rint.o)
                0x00003370                rint
 *fill*         0x000034a4        0x4 00
 .text          0x000034a8      0x118 c:/program files (x86)/cypress/psoc creator/2.2/psoc creator/import/gnu_cs/arm/4.4.1/bin/../lib/gcc/arm-none-eabi/4.4.1/../../../../arm-none-eabi/lib/thumb2\libm.a(lib_a-s_scalbn.o)
                0x000034a8                scalbn
 .text          0x000035c0       0x18 c:/program files (x86)/cypress/psoc creator/2.2/psoc creator/import/gnu_cs/arm/4.4.1/bin/../lib/gcc/arm-none-eabi/4.4.1/../../../../arm-none-eabi/lib/thumb2\libm.a(lib_a-s_copysign.o)
                0x000035c0                copysign
 .text          0x000035d8      0x370 c:/program files (x86)/cypress/psoc creator/2.2/psoc creator/import/gnu_cs/arm/4.4.1/bin/../lib/gcc/arm-none-eabi/4.4.1/thumb2\libgcc.a(_arm_addsubdf3.o)
                0x000035d8                __aeabi_drsub
                0x000035e0                __aeabi_dsub
                0x000035e0                __subdf3
                0x000035e4                __aeabi_dadd
                0x000035e4                __adddf3
                0x0000385c                __floatunsidf
                0x0000385c                __aeabi_ui2d
                0x0000387c                __floatsidf
                0x0000387c                __aeabi_i2d
                0x000038a0                __aeabi_f2d
                0x000038a0                __extendsfdf2
                0x000038dc                __floatundidf
                0x000038dc                __aeabi_ul2d
                0x000038ec                __floatdidf
                0x000038ec                __aeabi_l2d
 .text          0x00003948      0x424 c:/program files (x86)/cypress/psoc creator/2.2/psoc creator/import/gnu_cs/arm/4.4.1/bin/../lib/gcc/arm-none-eabi/4.4.1/thumb2\libgcc.a(_arm_muldivdf3.o)
                0x00003948                __aeabi_dmul
                0x00003948                __muldf3
                0x00003b9c                __divdf3
                0x00003b9c                __aeabi_ddiv
 .text          0x00003d6c      0x110 c:/program files (x86)/cypress/psoc creator/2.2/psoc creator/import/gnu_cs/arm/4.4.1/bin/../lib/gcc/arm-none-eabi/4.4.1/thumb2\libgcc.a(_arm_cmpdf2.o)
                0x00003d6c                __gtdf2
                0x00003d6c                __gedf2
                0x00003d74                __ltdf2
                0x00003d74                __ledf2
                0x00003d7c                __nedf2
                0x00003d7c                __eqdf2
                0x00003d7c                __cmpdf2
                0x00003df8                __aeabi_cdrcmple
                0x00003e08                __aeabi_cdcmpeq
                0x00003e08                __aeabi_cdcmple
                0x00003e18                __aeabi_dcmpeq
                0x00003e2c                __aeabi_dcmplt
                0x00003e40                __aeabi_dcmple
                0x00003e54                __aeabi_dcmpge
                0x00003e68                __aeabi_dcmpgt
 .text          0x00003e7c       0x40 c:/program files (x86)/cypress/psoc creator/2.2/psoc creator/import/gnu_cs/arm/4.4.1/bin/../lib/gcc/arm-none-eabi/4.4.1/thumb2\libgcc.a(_arm_fixunsdfsi.o)
                0x00003e7c                __aeabi_d2uiz
                0x00003e7c                __fixunsdfsi
 .text          0x00003ebc        0xc c:/program files (x86)/cypress/psoc creator/2.2/psoc creator/import/gnu_cs/arm/4.4.1/bin/../lib/gcc/arm-none-eabi/4.4.1/../../../../arm-none-eabi/lib/thumb2\libc.a(lib_a-errno.o)
                0x00003ebc                __errno
 .text          0x00003ec8      0x190 c:/program files (x86)/cypress/psoc creator/2.2/psoc creator/import/gnu_cs/arm/4.4.1/bin/../lib/gcc/arm-none-eabi/4.4.1/../../../../arm-none-eabi/lib/thumb2\libc.a(lib_a-memcpy.o)
                0x00003ec8                memcpy
 .text          0x00004058       0x30 c:/program files (x86)/cypress/psoc creator/2.2/psoc creator/import/gnu_cs/arm/4.4.1/bin/../lib/gcc/arm-none-eabi/4.4.1/../../../../arm-none-eabi/lib/thumb2\libcs3.a(start_c.o)
                0x00004058                __cs3_premain
 .text          0x00004088        0x2 c:/program files (x86)/cypress/psoc creator/2.2/psoc creator/import/gnu_cs/arm/4.4.1/bin/../lib/gcc/arm-none-eabi/4.4.1/../../../../arm-none-eabi/lib/thumb2\libcs3micro.a(micro_isr_interrupt.o)
                0x00004088                __cs3_isr_external_24
                0x00004088                __cs3_isr_external_9
                0x00004088                __cs3_isr_external_14
                0x00004088                __cs3_isr_reserved_9
                0x00004088                __cs3_isr_external_4
                0x00004088                __cs3_isr_external_21
                0x00004088                __cs3_isr_external_0
                0x00004088                __cs3_isr_external_27
                0x00004088                __cs3_isr_external_11
                0x00004088                __cs3_isr_usage_fault
                0x00004088                __cs3_isr_svcall
                0x00004088                __cs3_isr_external_3
                0x00004088                __cs3_isr_mpu_fault
                0x00004088                __cs3_isr_external_16
                0x00004088                __cs3_isr_pendsv
                0x00004088                __cs3_isr_external_31
                0x00004088                __cs3_isr_nmi
                0x00004088                __cs3_isr_external_5
                0x00004088                __cs3_isr_external_6
                0x00004088                __cs3_isr_external_12
                0x00004088                __cs3_isr_hard_fault
                0x00004088                __cs3_isr_bus_fault
                0x00004088                __cs3_isr_external_1
                0x00004088                __cs3_isr_external_13
                0x00004088                __cs3_isr_external_30
                0x00004088                __cs3_isr_external_23
                0x00004088                __cs3_isr_external_20
                0x00004088                __cs3_isr_debug
                0x00004088                __cs3_isr_reserved_13
                0x00004088                __cs3_isr_external_8
                0x00004088                __cs3_isr_external_26
                0x00004088                __cs3_isr_reserved_8
                0x00004088                __cs3_isr_reserved_7
                0x00004088                __cs3_isr_external_7
                0x00004088                __cs3_isr_external_28
                0x00004088                __cs3_isr_systick
                0x00004088                __cs3_isr_external_22
                0x00004088                __cs3_isr_external_10
                0x00004088                __cs3_isr_external_15
                0x00004088                __cs3_isr_interrupt
                0x00004088                __cs3_isr_external_18
                0x00004088                __cs3_isr_external_29
                0x00004088                __cs3_isr_external_25
                0x00004088                __cs3_isr_reserved_10
                0x00004088                __cs3_isr_external_2
                0x00004088                __cs3_isr_external_17
                0x00004088                __cs3_isr_external_19
 *fill*         0x0000408a        0x2 00
 .text          0x0000408c       0x50 c:/program files (x86)/cypress/psoc creator/2.2/psoc creator/import/gnu_cs/arm/4.4.1/bin/../lib/gcc/arm-none-eabi/4.4.1/../../../../arm-none-eabi/lib/thumb2\libc.a(lib_a-init.o)
                0x0000408c                __libc_init_array
 *(.plt)
 *(.gnu.warning)
 *(.glue_7t)
 .glue_7t       0x00000000        0x0 linker stubs
 *(.glue_7)
 .glue_7        0x00000000        0x0 linker stubs
 *(.vfp11_veneer)
 .vfp11_veneer  0x00000000        0x0 linker stubs
 *(.bootloader)
 *(.ARM.extab* .gnu.linkonce.armextab.*)
 *(.gcc_except_table)

.v4_bx          0x000040dc        0x0
 .v4_bx         0x00000000        0x0 linker stubs

.eh_frame_hdr
 *(.eh_frame_hdr)

.eh_frame
 *(.eh_frame)
                0x000040dc                PROVIDE (__exidx_start, .)

.ARM.exidx
 *(.ARM.exidx* .gnu.linkonce.armexidx.*)
                0x000040dc                __exidx_end = .

.rodata         0x000040e0      0x4e8
 *(.rodata .rodata.* .gnu.linkonce.r.*)
 .rodata        0x000040e0      0x3a0 .\ARM_GCC_441\Debug\main.o
                0x000040e0                StepRates
                0x00004140                SineTable256
                0x00004240                SquareTable256
                0x00004340                SawTable256
                0x00004440                Filter
 .rodata        0x00004480       0xbc .\ARM_GCC_441\Debug\Synthdude.a(cyfitter_cfg.o)
 .rodata.str1.4
                0x0000453c        0x4 c:/program files (x86)/cypress/psoc creator/2.2/psoc creator/import/gnu_cs/arm/4.4.1/bin/../lib/gcc/arm-none-eabi/4.4.1/../../../../arm-none-eabi/lib/thumb2\libm.a(lib_a-w_pow.o)
 .rodata.str1.4
                0x00004540        0x5 c:/program files (x86)/cypress/psoc creator/2.2/psoc creator/import/gnu_cs/arm/4.4.1/bin/../lib/gcc/arm-none-eabi/4.4.1/../../../../arm-none-eabi/lib/thumb2\libm.a(lib_a-w_sqrt.o)
                                  0x8 (size before relaxing)
 *fill*         0x00004545        0x3 00
 .rodata        0x00004548       0x30 c:/program files (x86)/cypress/psoc creator/2.2/psoc creator/import/gnu_cs/arm/4.4.1/bin/../lib/gcc/arm-none-eabi/4.4.1/../../../../arm-none-eabi/lib/thumb2\libm.a(lib_a-e_pow.o)
 .rodata.str1.4
                0x00000000        0x5 c:/program files (x86)/cypress/psoc creator/2.2/psoc creator/import/gnu_cs/arm/4.4.1/bin/../lib/gcc/arm-none-eabi/4.4.1/../../../../arm-none-eabi/lib/thumb2\libm.a(lib_a-e_pow.o)
                                  0x4 (size before relaxing)
 .rodata        0x00004578       0x10 c:/program files (x86)/cypress/psoc creator/2.2/psoc creator/import/gnu_cs/arm/4.4.1/bin/../lib/gcc/arm-none-eabi/4.4.1/../../../../arm-none-eabi/lib/thumb2\libm.a(lib_a-s_rint.o)
 .rodata.str1.4
                0x00004588        0x4 c:/program files (x86)/cypress/psoc creator/2.2/psoc creator/import/gnu_cs/arm/4.4.1/bin/../lib/gcc/arm-none-eabi/4.4.1/../../../../arm-none-eabi/lib/thumb2\libc.a(lib_a-impure.o)
                0x0000458c                . = ALIGN (0x4)
 *(.init)
 .init          0x0000458c        0x4 c:/program files (x86)/cypress/psoc creator/2.2/psoc creator/import/gnu_cs/arm/4.4.1/bin/../lib/gcc/arm-none-eabi/4.4.1/thumb2/crti.o
                0x0000458c                _init
 .init          0x00004590        0x8 c:/program files (x86)/cypress/psoc creator/2.2/psoc creator/import/gnu_cs/arm/4.4.1/bin/../lib/gcc/arm-none-eabi/4.4.1/thumb2/crtn.o
                0x00004598                . = ALIGN (0x4)
                0x00004598                __preinit_array_start = .
 *(.preinit_array)
                0x00004598                __preinit_array_end = .
                0x00004598                . = ALIGN (0x4)
                0x00004598                __init_array_start = .
 *(SORT(.init_array.*))
 *(.init_array)
 .init_array    0x00004598        0x4 c:/program files (x86)/cypress/psoc creator/2.2/psoc creator/import/gnu_cs/arm/4.4.1/bin/../lib/gcc/arm-none-eabi/4.4.1/thumb2/crtbegin.o
 .init_array    0x0000459c        0x4 .\ARM_GCC_441\Debug\Cm3Start.o
                0x000045a0                __init_array_end = .
                0x000045a0                . = ALIGN (0x4)
 *(.fini)
 .fini          0x000045a0        0x4 c:/program files (x86)/cypress/psoc creator/2.2/psoc creator/import/gnu_cs/arm/4.4.1/bin/../lib/gcc/arm-none-eabi/4.4.1/thumb2/crti.o
                0x000045a0                _fini
 .fini          0x000045a4        0x8 c:/program files (x86)/cypress/psoc creator/2.2/psoc creator/import/gnu_cs/arm/4.4.1/bin/../lib/gcc/arm-none-eabi/4.4.1/thumb2/crtn.o
                0x000045ac                . = ALIGN (0x4)
                0x000045ac                __fini_array_start = .
 *(.fini_array)
 .fini_array    0x000045ac        0x4 c:/program files (x86)/cypress/psoc creator/2.2/psoc creator/import/gnu_cs/arm/4.4.1/bin/../lib/gcc/arm-none-eabi/4.4.1/thumb2/crtbegin.o
 *(SORT(.fini_array.*))
                0x000045b0                __fini_array_end = .
                0x000045b0                . = ALIGN (0x4)
 *crtbegin.o(.ctors)
 *(EXCLUDE_FILE(*crtend.o) .ctors)
 *(SORT(.ctors.*))
 *crtend.o(.ctors)
                0x000045b0                . = ALIGN (0x4)
 *crtbegin.o(.dtors)
 *(EXCLUDE_FILE(*crtend.o) .dtors)
 *(SORT(.dtors.*))
 *crtend.o(.dtors)
                0x000045b0                . = ALIGN (0x4)
                0x000045b0                __cs3_regions = .
                0x000045b0        0x4 LONG 0x0
                0x000045b4        0x4 LONG 0x45c8 __cs3_region_init_ram
                0x000045b8        0x4 LONG 0x1fff8108 __cs3_region_start_data
                0x000045bc        0x4 LONG 0x100 __cs3_region_init_size_ram
                0x000045c0        0x4 LONG 0x1638 __cs3_region_zero_size_ram
                0x000045c4                __cs3_regions_end = .
                0x000045c8                . = ALIGN (0x8)
 *fill*         0x000045c4        0x4 00
                0x000045c8                _etext = .

.ramvectors     0x1fff8000      0x100
                0x1fff8000                __cs3_region_start_ram = .
 *(.cs3.region-head.ram)
                0x1fff8001                ASSERT ((. == __cs3_region_start_ram), .cs3.region-head.ram not permitted)
 *(.ramvectors)
 .ramvectors    0x1fff8000      0x100 .\ARM_GCC_441\Debug\Cm3Start.o
                0x1fff8000                CyRamVectors

.noinit         0x1fff8100        0x4
 *(.noinit)
 .noinit        0x1fff8100        0x4 .\ARM_GCC_441\Debug\Cm3Start.o

.data           0x1fff8108      0x100 load address 0x000045c8
                0x1fff8108                __cs3_region_start_data = .
 *(.jcr)
 .jcr           0x1fff8108        0x0 c:/program files (x86)/cypress/psoc creator/2.2/psoc creator/import/gnu_cs/arm/4.4.1/bin/../lib/gcc/arm-none-eabi/4.4.1/thumb2/crtbegin.o
 .jcr           0x1fff8108        0x4 c:/program files (x86)/cypress/psoc creator/2.2/psoc creator/import/gnu_cs/arm/4.4.1/bin/../lib/gcc/arm-none-eabi/4.4.1/thumb2/crtend.o
 *(.got.plt)
 *(.got)
 *(.shdata)
 *(.data .data.* .gnu.linkonce.d.*)
 .data          0x1fff810c        0x1 .\ARM_GCC_441\Debug\main.o
                0x1fff810c                step_scale
 .data          0x1fff810d        0x1 c:/program files (x86)/cypress/psoc creator/2.2/psoc creator/import/gnu_cs/arm/4.4.1/bin/../lib/gcc/arm-none-eabi/4.4.1/../../../../arm-none-eabi/lib/thumb2\libm.a(lib_a-s_lib_ver.o)
                0x1fff810d                __fdlib_version
 *fill*         0x1fff810e        0x2 00
 .data          0x1fff8110       0xf4 c:/program files (x86)/cypress/psoc creator/2.2/psoc creator/import/gnu_cs/arm/4.4.1/bin/../lib/gcc/arm-none-eabi/4.4.1/../../../../arm-none-eabi/lib/thumb2\libc.a(lib_a-impure.o)
                0x1fff8110                _impure_ptr
                0x1fff8208                . = ALIGN (0x8)
 *fill*         0x1fff8204        0x4 00
 *(.ram)
                0x1fff8208                _edata = .

.bss            0x1fff8208     0x1638 load address 0x000046c8
 *(.shbss)
 *(.bss .bss.* .gnu.linkonce.b.*)
 .bss           0x1fff8208        0x1 c:/program files (x86)/cypress/psoc creator/2.2/psoc creator/import/gnu_cs/arm/4.4.1/bin/../lib/gcc/arm-none-eabi/4.4.1/thumb2/crtbegin.o
 *fill*         0x1fff8209        0x7 00
 .bss           0x1fff8210     0x1618 .\ARM_GCC_441\Debug\main.o
                0x1fff8210                waveform
                0x1fff8810                phase
                0x1fff8818                current_note
                0x1fff8819                octave
                0x1fff8820                data_re
                0x1fff9020                data_im
                0x1fff9820                note
 .bss           0x1fff9828        0x1 .\ARM_GCC_441\Debug\Synthdude.a(VDAC8_1.o)
                0x1fff9828                VDAC8_1_initVar
 .bss           0x1fff9829        0x1 .\ARM_GCC_441\Debug\Synthdude.a(Timer_1.o)
                0x1fff9829                Timer_1_initVar
 .bss           0x1fff982a        0x2 .\ARM_GCC_441\Debug\Synthdude.a(UART_1.o)
                0x1fff982a                UART_1_initVar
 .bss           0x1fff982c        0x1 .\ARM_GCC_441\Debug\Synthdude.a(Timer_2.o)
                0x1fff982c                Timer_2_initVar
 *fill*         0x1fff982d        0x3 00
 .bss           0x1fff9830        0x8 .\ARM_GCC_441\Debug\Synthdude.a(cyfitter_cfg.o)
 *(COMMON)
 COMMON         0x1fff9838        0x1 .\ARM_GCC_441\Debug\Synthdude.a(CyLib.o)
                0x1fff9838                CyResetStatus
                0x1fff9840                . = ALIGN (0x8)
 *fill*         0x1fff9839        0x7 00
 *(.ram.b)
                0x1fff9840                _end = .
                0x1fff9840                __end = .
                0x20003000                __cs3_region_end_ram = (__cs3_region_start_ram + 0xb000)
                0x0000b000                __cs3_region_size_ram = 0xb000
                0x000045c8                __cs3_region_init_ram = LOADADDR (.data)
                0x00000100                __cs3_region_init_size_ram = (_edata - ADDR (.data))
                0x00001638                __cs3_region_zero_size_ram = (_end - _edata)

.stab
 *(.stab)

.stabstr
 *(.stabstr)

.debug
 *(.debug)

.line
 *(.line)

.debug_srcinfo
 *(.debug_srcinfo)

.debug_sfnames
 *(.debug_sfnames)

.comment        0x00000000      0x25a
 .comment       0x00000000       0x2b .\ARM_GCC_441\Debug\main.o
 .comment       0x0000002b       0x2b .\ARM_GCC_441\Debug\Cm3Start.o
 .comment       0x00000056       0x2b .\ARM_GCC_441\Debug\Synthdude.a(VDAC8_1.o)
 .comment       0x00000081       0x2b .\ARM_GCC_441\Debug\Synthdude.a(isr_1.o)
 .comment       0x000000ac       0x2b .\ARM_GCC_441\Debug\Synthdude.a(Timer_1.o)
 .comment       0x000000d7       0x2b .\ARM_GCC_441\Debug\Synthdude.a(UART_1.o)
 .comment       0x00000102       0x2b .\ARM_GCC_441\Debug\Synthdude.a(UART_1_IntClock.o)
 .comment       0x0000012d       0x2b .\ARM_GCC_441\Debug\Synthdude.a(CyLib.o)
 .comment       0x00000158       0x2b .\ARM_GCC_441\Debug\Synthdude.a(cyPm.o)
 .comment       0x00000183       0x2b .\ARM_GCC_441\Debug\Synthdude.a(Timer_2.o)
 .comment       0x000001ae       0x2b .\ARM_GCC_441\Debug\Synthdude.a(isr_2.o)
 .comment       0x000001d9       0x2b .\ARM_GCC_441\Debug\Synthdude.a(cyfitter_cfg.o)
 .comment       0x00000204       0x2b .\ARM_GCC_441\Debug\Synthdude.a(CyFlash.o)
 .comment       0x0000022f       0x2b .\ARM_GCC_441\Debug\Synthdude.a(CySpc.o)

.debug_aranges  0x00000000      0x848
 *(.debug_aranges)
 .debug_aranges
                0x00000000       0x40 .\ARM_GCC_441\Debug\main.o
 .debug_aranges
                0x00000040       0x30 .\ARM_GCC_441\Debug\Cm3Start.o
 .debug_aranges
                0x00000070       0x58 .\ARM_GCC_441\Debug\Synthdude.a(VDAC8_1.o)
 .debug_aranges
                0x000000c8       0x80 .\ARM_GCC_441\Debug\Synthdude.a(isr_1.o)
 .debug_aranges
                0x00000148       0x88 .\ARM_GCC_441\Debug\Synthdude.a(Timer_1.o)
 .debug_aranges
                0x000001d0       0xf0 .\ARM_GCC_441\Debug\Synthdude.a(UART_1.o)
 .debug_aranges
                0x000002c0       0x70 .\ARM_GCC_441\Debug\Synthdude.a(UART_1_IntClock.o)
 .debug_aranges
                0x00000330       0x20 .\ARM_GCC_441\Debug\Synthdude.a(CyBootAsmGnu.o)
 .debug_aranges
                0x00000350      0x218 .\ARM_GCC_441\Debug\Synthdude.a(CyLib.o)
 .debug_aranges
                0x00000568       0xa0 .\ARM_GCC_441\Debug\Synthdude.a(cyPm.o)
 .debug_aranges
                0x00000608       0x88 .\ARM_GCC_441\Debug\Synthdude.a(Timer_2.o)
 .debug_aranges
                0x00000690       0x80 .\ARM_GCC_441\Debug\Synthdude.a(isr_2.o)
 .debug_aranges
                0x00000710       0x58 .\ARM_GCC_441\Debug\Synthdude.a(cyfitter_cfg.o)
 .debug_aranges
                0x00000768       0x78 .\ARM_GCC_441\Debug\Synthdude.a(CyFlash.o)
 .debug_aranges
                0x000007e0       0x68 .\ARM_GCC_441\Debug\Synthdude.a(CySpc.o)

.debug_pubnames
                0x00000000     0x139b
 *(.debug_pubnames)
 .debug_pubnames
                0x00000000       0xf1 .\ARM_GCC_441\Debug\main.o
 .debug_pubnames
                0x000000f1       0x66 .\ARM_GCC_441\Debug\Cm3Start.o
 .debug_pubnames
                0x00000157       0xc0 .\ARM_GCC_441\Debug\Synthdude.a(VDAC8_1.o)
 .debug_pubnames
                0x00000217      0x10d .\ARM_GCC_441\Debug\Synthdude.a(isr_1.o)
 .debug_pubnames
                0x00000324      0x17e .\ARM_GCC_441\Debug\Synthdude.a(Timer_1.o)
 .debug_pubnames
                0x000004a2      0x29c .\ARM_GCC_441\Debug\Synthdude.a(UART_1.o)
 .debug_pubnames
                0x0000073e      0x18c .\ARM_GCC_441\Debug\Synthdude.a(UART_1_IntClock.o)
 .debug_pubnames
                0x000008ca      0x57a .\ARM_GCC_441\Debug\Synthdude.a(CyLib.o)
 .debug_pubnames
                0x00000e44       0xbb .\ARM_GCC_441\Debug\Synthdude.a(cyPm.o)
 .debug_pubnames
                0x00000eff      0x17e .\ARM_GCC_441\Debug\Synthdude.a(Timer_2.o)
 .debug_pubnames
                0x0000107d      0x10d .\ARM_GCC_441\Debug\Synthdude.a(isr_2.o)
 .debug_pubnames
                0x0000118a       0x3d .\ARM_GCC_441\Debug\Synthdude.a(cyfitter_cfg.o)
 .debug_pubnames
                0x000011c7      0x104 .\ARM_GCC_441\Debug\Synthdude.a(CyFlash.o)
 .debug_pubnames
                0x000012cb       0xd0 .\ARM_GCC_441\Debug\Synthdude.a(CySpc.o)

.debug_info     0x00000000     0x35f8
 *(.debug_info .gnu.linkonce.wi.*)
 .debug_info    0x00000000      0x4e4 .\ARM_GCC_441\Debug\main.o
 .debug_info    0x000004e4      0x168 .\ARM_GCC_441\Debug\Cm3Start.o
 .debug_info    0x0000064c      0x198 .\ARM_GCC_441\Debug\Synthdude.a(VDAC8_1.o)
 .debug_info    0x000007e4      0x23b .\ARM_GCC_441\Debug\Synthdude.a(isr_1.o)
 .debug_info    0x00000a1f      0x253 .\ARM_GCC_441\Debug\Synthdude.a(Timer_1.o)
 .debug_info    0x00000c72      0x55c .\ARM_GCC_441\Debug\Synthdude.a(UART_1.o)
 .debug_info    0x000011ce      0x269 .\ARM_GCC_441\Debug\Synthdude.a(UART_1_IntClock.o)
 .debug_info    0x00001437       0xaf .\ARM_GCC_441\Debug\Synthdude.a(CyBootAsmGnu.o)
 .debug_info    0x000014e6      0xc71 .\ARM_GCC_441\Debug\Synthdude.a(CyLib.o)
 .debug_info    0x00002157      0x5bb .\ARM_GCC_441\Debug\Synthdude.a(cyPm.o)
 .debug_info    0x00002712      0x253 .\ARM_GCC_441\Debug\Synthdude.a(Timer_2.o)
 .debug_info    0x00002965      0x23b .\ARM_GCC_441\Debug\Synthdude.a(isr_2.o)
 .debug_info    0x00002ba0      0x385 .\ARM_GCC_441\Debug\Synthdude.a(cyfitter_cfg.o)
 .debug_info    0x00002f25      0x334 .\ARM_GCC_441\Debug\Synthdude.a(CyFlash.o)
 .debug_info    0x00003259      0x39f .\ARM_GCC_441\Debug\Synthdude.a(CySpc.o)

.debug_abbrev   0x00000000      0xeb4
 *(.debug_abbrev)
 .debug_abbrev  0x00000000      0x15d .\ARM_GCC_441\Debug\main.o
 .debug_abbrev  0x0000015d       0xec .\ARM_GCC_441\Debug\Cm3Start.o
 .debug_abbrev  0x00000249       0xab .\ARM_GCC_441\Debug\Synthdude.a(VDAC8_1.o)
 .debug_abbrev  0x000002f4       0xe1 .\ARM_GCC_441\Debug\Synthdude.a(isr_1.o)
 .debug_abbrev  0x000003d5       0xc9 .\ARM_GCC_441\Debug\Synthdude.a(Timer_1.o)
 .debug_abbrev  0x0000049e      0x10c .\ARM_GCC_441\Debug\Synthdude.a(UART_1.o)
 .debug_abbrev  0x000005aa       0xd8 .\ARM_GCC_441\Debug\Synthdude.a(UART_1_IntClock.o)
 .debug_abbrev  0x00000682       0x14 .\ARM_GCC_441\Debug\Synthdude.a(CyBootAsmGnu.o)
 .debug_abbrev  0x00000696      0x182 .\ARM_GCC_441\Debug\Synthdude.a(CyLib.o)
 .debug_abbrev  0x00000818      0x14d .\ARM_GCC_441\Debug\Synthdude.a(cyPm.o)
 .debug_abbrev  0x00000965       0xc9 .\ARM_GCC_441\Debug\Synthdude.a(Timer_2.o)
 .debug_abbrev  0x00000a2e       0xe1 .\ARM_GCC_441\Debug\Synthdude.a(isr_2.o)
 .debug_abbrev  0x00000b0f      0x14d .\ARM_GCC_441\Debug\Synthdude.a(cyfitter_cfg.o)
 .debug_abbrev  0x00000c5c      0x14a .\ARM_GCC_441\Debug\Synthdude.a(CyFlash.o)
 .debug_abbrev  0x00000da6      0x10e .\ARM_GCC_441\Debug\Synthdude.a(CySpc.o)

.debug_line     0x00000000     0x1c43
 *(.debug_line)
 .debug_line    0x00000000      0x19a .\ARM_GCC_441\Debug\main.o
 .debug_line    0x0000019a       0xb8 .\ARM_GCC_441\Debug\Cm3Start.o
 .debug_line    0x00000252      0x10e .\ARM_GCC_441\Debug\Synthdude.a(VDAC8_1.o)
 .debug_line    0x00000360      0x159 .\ARM_GCC_441\Debug\Synthdude.a(isr_1.o)
 .debug_line    0x000004b9      0x17b .\ARM_GCC_441\Debug\Synthdude.a(Timer_1.o)
 .debug_line    0x00000634      0x2b4 .\ARM_GCC_441\Debug\Synthdude.a(UART_1.o)
 .debug_line    0x000008e8      0x184 .\ARM_GCC_441\Debug\Synthdude.a(UART_1_IntClock.o)
 .debug_line    0x00000a6c       0x67 .\ARM_GCC_441\Debug\Synthdude.a(CyBootAsmGnu.o)
 .debug_line    0x00000ad3      0x659 .\ARM_GCC_441\Debug\Synthdude.a(CyLib.o)
 .debug_line    0x0000112c      0x34d .\ARM_GCC_441\Debug\Synthdude.a(cyPm.o)
 .debug_line    0x00001479      0x17b .\ARM_GCC_441\Debug\Synthdude.a(Timer_2.o)
 .debug_line    0x000015f4      0x159 .\ARM_GCC_441\Debug\Synthdude.a(isr_2.o)
 .debug_line    0x0000174d      0x1d5 .\ARM_GCC_441\Debug\Synthdude.a(cyfitter_cfg.o)
 .debug_line    0x00001922      0x194 .\ARM_GCC_441\Debug\Synthdude.a(CyFlash.o)
 .debug_line    0x00001ab6      0x18d .\ARM_GCC_441\Debug\Synthdude.a(CySpc.o)

.debug_frame    0x00000000     0x1d64
 *(.debug_frame)
 .debug_frame   0x00000000       0xd4 .\ARM_GCC_441\Debug\main.o
 .debug_frame   0x000000d4       0x5c .\ARM_GCC_441\Debug\Cm3Start.o
 .debug_frame   0x00000130       0xf4 .\ARM_GCC_441\Debug\Synthdude.a(VDAC8_1.o)
 .debug_frame   0x00000224      0x180 .\ARM_GCC_441\Debug\Synthdude.a(isr_1.o)
 .debug_frame   0x000003a4      0x198 .\ARM_GCC_441\Debug\Synthdude.a(Timer_1.o)
 .debug_frame   0x0000053c      0x328 .\ARM_GCC_441\Debug\Synthdude.a(UART_1.o)
 .debug_frame   0x00000864      0x14c .\ARM_GCC_441\Debug\Synthdude.a(UART_1_IntClock.o)
 .debug_frame   0x000009b0      0x778 .\ARM_GCC_441\Debug\Synthdude.a(CyLib.o)
 .debug_frame   0x00001128      0x208 .\ARM_GCC_441\Debug\Synthdude.a(cyPm.o)
 .debug_frame   0x00001330      0x198 .\ARM_GCC_441\Debug\Synthdude.a(Timer_2.o)
 .debug_frame   0x000014c8      0x180 .\ARM_GCC_441\Debug\Synthdude.a(isr_2.o)
 .debug_frame   0x00001648      0x100 .\ARM_GCC_441\Debug\Synthdude.a(cyfitter_cfg.o)
 .debug_frame   0x00001748      0x178 .\ARM_GCC_441\Debug\Synthdude.a(CyFlash.o)
 .debug_frame   0x000018c0      0x13c .\ARM_GCC_441\Debug\Synthdude.a(CySpc.o)
 .debug_frame   0x000019fc       0x34 c:/program files (x86)/cypress/psoc creator/2.2/psoc creator/import/gnu_cs/arm/4.4.1/bin/../lib/gcc/arm-none-eabi/4.4.1/../../../../arm-none-eabi/lib/thumb2\libm.a(lib_a-s_ceil.o)
 .debug_frame   0x00001a30       0x34 c:/program files (x86)/cypress/psoc creator/2.2/psoc creator/import/gnu_cs/arm/4.4.1/bin/../lib/gcc/arm-none-eabi/4.4.1/../../../../arm-none-eabi/lib/thumb2\libm.a(lib_a-s_floor.o)
 .debug_frame   0x00001a64       0x3c c:/program files (x86)/cypress/psoc creator/2.2/psoc creator/import/gnu_cs/arm/4.4.1/bin/../lib/gcc/arm-none-eabi/4.4.1/../../../../arm-none-eabi/lib/thumb2\libm.a(lib_a-w_pow.o)
 .debug_frame   0x00001aa0       0x3c c:/program files (x86)/cypress/psoc creator/2.2/psoc creator/import/gnu_cs/arm/4.4.1/bin/../lib/gcc/arm-none-eabi/4.4.1/../../../../arm-none-eabi/lib/thumb2\libm.a(lib_a-w_sqrt.o)
 .debug_frame   0x00001adc       0x3c c:/program files (x86)/cypress/psoc creator/2.2/psoc creator/import/gnu_cs/arm/4.4.1/bin/../lib/gcc/arm-none-eabi/4.4.1/../../../../arm-none-eabi/lib/thumb2\libm.a(lib_a-e_pow.o)
 .debug_frame   0x00001b18       0x34 c:/program files (x86)/cypress/psoc creator/2.2/psoc creator/import/gnu_cs/arm/4.4.1/bin/../lib/gcc/arm-none-eabi/4.4.1/../../../../arm-none-eabi/lib/thumb2\libm.a(lib_a-e_sqrt.o)
 .debug_frame   0x00001b4c       0x20 c:/program files (x86)/cypress/psoc creator/2.2/psoc creator/import/gnu_cs/arm/4.4.1/bin/../lib/gcc/arm-none-eabi/4.4.1/../../../../arm-none-eabi/lib/thumb2\libm.a(lib_a-s_fabs.o)
 .debug_frame   0x00001b6c       0x20 c:/program files (x86)/cypress/psoc creator/2.2/psoc creator/import/gnu_cs/arm/4.4.1/bin/../lib/gcc/arm-none-eabi/4.4.1/../../../../arm-none-eabi/lib/thumb2\libm.a(lib_a-s_finite.o)
 .debug_frame   0x00001b8c       0x20 c:/program files (x86)/cypress/psoc creator/2.2/psoc creator/import/gnu_cs/arm/4.4.1/bin/../lib/gcc/arm-none-eabi/4.4.1/../../../../arm-none-eabi/lib/thumb2\libm.a(lib_a-s_isnand.o)
 .debug_frame   0x00001bac       0x20 c:/program files (x86)/cypress/psoc creator/2.2/psoc creator/import/gnu_cs/arm/4.4.1/bin/../lib/gcc/arm-none-eabi/4.4.1/../../../../arm-none-eabi/lib/thumb2\libm.a(lib_a-s_matherr.o)
 .debug_frame   0x00001bcc       0x20 c:/program files (x86)/cypress/psoc creator/2.2/psoc creator/import/gnu_cs/arm/4.4.1/bin/../lib/gcc/arm-none-eabi/4.4.1/../../../../arm-none-eabi/lib/thumb2\libm.a(lib_a-s_nan.o)
 .debug_frame   0x00001bec       0x38 c:/program files (x86)/cypress/psoc creator/2.2/psoc creator/import/gnu_cs/arm/4.4.1/bin/../lib/gcc/arm-none-eabi/4.4.1/../../../../arm-none-eabi/lib/thumb2\libm.a(lib_a-s_rint.o)
 .debug_frame   0x00001c24       0x30 c:/program files (x86)/cypress/psoc creator/2.2/psoc creator/import/gnu_cs/arm/4.4.1/bin/../lib/gcc/arm-none-eabi/4.4.1/../../../../arm-none-eabi/lib/thumb2\libm.a(lib_a-s_scalbn.o)
 .debug_frame   0x00001c54       0x28 c:/program files (x86)/cypress/psoc creator/2.2/psoc creator/import/gnu_cs/arm/4.4.1/bin/../lib/gcc/arm-none-eabi/4.4.1/../../../../arm-none-eabi/lib/thumb2\libm.a(lib_a-s_copysign.o)
 .debug_frame   0x00001c7c       0x20 c:/program files (x86)/cypress/psoc creator/2.2/psoc creator/import/gnu_cs/arm/4.4.1/bin/../lib/gcc/arm-none-eabi/4.4.1/../../../../arm-none-eabi/lib/thumb2\libc.a(lib_a-errno.o)
 .debug_frame   0x00001c9c       0x34 c:/program files (x86)/cypress/psoc creator/2.2/psoc creator/import/gnu_cs/arm/4.4.1/bin/../lib/gcc/arm-none-eabi/4.4.1/../../../../arm-none-eabi/lib/thumb2\libc.a(lib_a-memcpy.o)
 .debug_frame   0x00001cd0       0x28 c:/program files (x86)/cypress/psoc creator/2.2/psoc creator/import/gnu_cs/arm/4.4.1/bin/../lib/gcc/arm-none-eabi/4.4.1/../../../../arm-none-eabi/lib/thumb2\libc.a(lib_a-memset.o)
 .debug_frame   0x00001cf8       0x40 c:/program files (x86)/cypress/psoc creator/2.2/psoc creator/import/gnu_cs/arm/4.4.1/bin/../lib/gcc/arm-none-eabi/4.4.1/../../../../arm-none-eabi/lib/thumb2\libcs3.a(start_c.o)
 .debug_frame   0x00001d38       0x2c c:/program files (x86)/cypress/psoc creator/2.2/psoc creator/import/gnu_cs/arm/4.4.1/bin/../lib/gcc/arm-none-eabi/4.4.1/../../../../arm-none-eabi/lib/thumb2\libc.a(lib_a-init.o)

.debug_str      0x00000000     0x1996
 *(.debug_str)
 .debug_str     0x00000000      0x1bf .\ARM_GCC_441\Debug\main.o
                                0x210 (size before relaxing)
 .debug_str     0x000001bf       0x9b .\ARM_GCC_441\Debug\Cm3Start.o
                                0x1a1 (size before relaxing)
 .debug_str     0x0000025a       0xbe .\ARM_GCC_441\Debug\Synthdude.a(VDAC8_1.o)
                                0x1ca (size before relaxing)
 .debug_str     0x00000318      0x100 .\ARM_GCC_441\Debug\Synthdude.a(isr_1.o)
                                0x21b (size before relaxing)
 .debug_str     0x00000418      0x184 .\ARM_GCC_441\Debug\Synthdude.a(Timer_1.o)
                                0x291 (size before relaxing)
 .debug_str     0x0000059c      0x2b5 .\ARM_GCC_441\Debug\Synthdude.a(UART_1.o)
                                0x3df (size before relaxing)
 .debug_str     0x00000851      0x1d2 .\ARM_GCC_441\Debug\Synthdude.a(UART_1_IntClock.o)
                                0x2df (size before relaxing)
 .debug_str     0x00000a23      0x62d .\ARM_GCC_441\Debug\Synthdude.a(CyLib.o)
                                0x78e (size before relaxing)
 .debug_str     0x00001050      0x382 .\ARM_GCC_441\Debug\Synthdude.a(cyPm.o)
                                0x4b3 (size before relaxing)
 .debug_str     0x000013d2      0x153 .\ARM_GCC_441\Debug\Synthdude.a(Timer_2.o)
                                0x291 (size before relaxing)
 .debug_str     0x00001525       0xe8 .\ARM_GCC_441\Debug\Synthdude.a(isr_2.o)
                                0x21b (size before relaxing)
 .debug_str     0x0000160d      0x154 .\ARM_GCC_441\Debug\Synthdude.a(cyfitter_cfg.o)
                                0x27d (size before relaxing)
 .debug_str     0x00001761      0x137 .\ARM_GCC_441\Debug\Synthdude.a(CyFlash.o)
                                0x26f (size before relaxing)
 .debug_str     0x00001898       0xfe .\ARM_GCC_441\Debug\Synthdude.a(CySpc.o)
                                0x23e (size before relaxing)

.debug_loc      0x00000000     0x2a8b
 *(.debug_loc)
 .debug_loc     0x00000000      0x118 .\ARM_GCC_441\Debug\main.o
 .debug_loc     0x00000118       0x62 .\ARM_GCC_441\Debug\Cm3Start.o
 .debug_loc     0x0000017a      0x188 .\ARM_GCC_441\Debug\Synthdude.a(VDAC8_1.o)
 .debug_loc     0x00000302      0x26b .\ARM_GCC_441\Debug\Synthdude.a(isr_1.o)
 .debug_loc     0x0000056d      0x28a .\ARM_GCC_441\Debug\Synthdude.a(Timer_1.o)
 .debug_loc     0x000007f7      0x591 .\ARM_GCC_441\Debug\Synthdude.a(UART_1.o)
 .debug_loc     0x00000d88      0x221 .\ARM_GCC_441\Debug\Synthdude.a(UART_1_IntClock.o)
 .debug_loc     0x00000fa9      0xca0 .\ARM_GCC_441\Debug\Synthdude.a(CyLib.o)
 .debug_loc     0x00001c49      0x32f .\ARM_GCC_441\Debug\Synthdude.a(cyPm.o)
 .debug_loc     0x00001f78      0x28a .\ARM_GCC_441\Debug\Synthdude.a(Timer_2.o)
 .debug_loc     0x00002202      0x26b .\ARM_GCC_441\Debug\Synthdude.a(isr_2.o)
 .debug_loc     0x0000246d      0x1ac .\ARM_GCC_441\Debug\Synthdude.a(cyfitter_cfg.o)
 .debug_loc     0x00002619      0x24c .\ARM_GCC_441\Debug\Synthdude.a(CyFlash.o)
 .debug_loc     0x00002865      0x226 .\ARM_GCC_441\Debug\Synthdude.a(CySpc.o)

.debug_macinfo
 *(.debug_macinfo)

.debug_ranges   0x00000000      0x7b8
 *(.debug_ranges)
 .debug_ranges  0x00000000       0x38 .\ARM_GCC_441\Debug\main.o
 .debug_ranges  0x00000038       0x28 .\ARM_GCC_441\Debug\Cm3Start.o
 .debug_ranges  0x00000060       0x50 .\ARM_GCC_441\Debug\Synthdude.a(VDAC8_1.o)
 .debug_ranges  0x000000b0       0x78 .\ARM_GCC_441\Debug\Synthdude.a(isr_1.o)
 .debug_ranges  0x00000128       0x80 .\ARM_GCC_441\Debug\Synthdude.a(Timer_1.o)
 .debug_ranges  0x000001a8       0xe8 .\ARM_GCC_441\Debug\Synthdude.a(UART_1.o)
 .debug_ranges  0x00000290       0x68 .\ARM_GCC_441\Debug\Synthdude.a(UART_1_IntClock.o)
 .debug_ranges  0x000002f8      0x210 .\ARM_GCC_441\Debug\Synthdude.a(CyLib.o)
 .debug_ranges  0x00000508       0x98 .\ARM_GCC_441\Debug\Synthdude.a(cyPm.o)
 .debug_ranges  0x000005a0       0x80 .\ARM_GCC_441\Debug\Synthdude.a(Timer_2.o)
 .debug_ranges  0x00000620       0x78 .\ARM_GCC_441\Debug\Synthdude.a(isr_2.o)
 .debug_ranges  0x00000698       0x50 .\ARM_GCC_441\Debug\Synthdude.a(cyfitter_cfg.o)
 .debug_ranges  0x000006e8       0x70 .\ARM_GCC_441\Debug\Synthdude.a(CyFlash.o)
 .debug_ranges  0x00000758       0x60 .\ARM_GCC_441\Debug\Synthdude.a(CySpc.o)

.debug_weaknames
 *(.debug_weaknames)

.debug_funcnames
 *(.debug_funcnames)

.debug_typenames
 *(.debug_typenames)

.debug_varnames
 *(.debug_varnames)

.note.gnu.arm.ident
 *(.note.gnu.arm.ident)

.ARM.attributes
                0x00000000       0x25
 *(.ARM.attributes)
 .ARM.attributes
                0x00000000       0x19 c:/program files (x86)/cypress/psoc creator/2.2/psoc creator/import/gnu_cs/arm/4.4.1/bin/../lib/gcc/arm-none-eabi/4.4.1/thumb2/crti.o
 .ARM.attributes
                0x00000019       0x29 c:/program files (x86)/cypress/psoc creator/2.2/psoc creator/import/gnu_cs/arm/4.4.1/bin/../lib/gcc/arm-none-eabi/4.4.1/thumb2/crtbegin.o
 .ARM.attributes
                0x00000042       0x31 .\ARM_GCC_441\Debug\main.o
 .ARM.attributes
                0x00000073       0x31 .\ARM_GCC_441\Debug\Cm3Start.o
 .ARM.attributes
                0x000000a4       0x31 .\ARM_GCC_441\Debug\Synthdude.a(VDAC8_1.o)
 .ARM.attributes
                0x000000d5       0x31 .\ARM_GCC_441\Debug\Synthdude.a(isr_1.o)
 .ARM.attributes
                0x00000106       0x31 .\ARM_GCC_441\Debug\Synthdude.a(Timer_1.o)
 .ARM.attributes
                0x00000137       0x31 .\ARM_GCC_441\Debug\Synthdude.a(UART_1.o)
 .ARM.attributes
                0x00000168       0x31 .\ARM_GCC_441\Debug\Synthdude.a(UART_1_IntClock.o)
 .ARM.attributes
                0x00000199       0x21 .\ARM_GCC_441\Debug\Synthdude.a(CyBootAsmGnu.o)
 .ARM.attributes
                0x000001ba       0x31 .\ARM_GCC_441\Debug\Synthdude.a(CyLib.o)
 .ARM.attributes
                0x000001eb       0x31 .\ARM_GCC_441\Debug\Synthdude.a(cyPm.o)
 .ARM.attributes
                0x0000021c       0x31 .\ARM_GCC_441\Debug\Synthdude.a(Timer_2.o)
 .ARM.attributes
                0x0000024d       0x31 .\ARM_GCC_441\Debug\Synthdude.a(isr_2.o)
 .ARM.attributes
                0x0000027e       0x31 .\ARM_GCC_441\Debug\Synthdude.a(cyfitter_cfg.o)
 .ARM.attributes
                0x000002af       0x31 .\ARM_GCC_441\Debug\Synthdude.a(CyFlash.o)
 .ARM.attributes
                0x000002e0       0x31 .\ARM_GCC_441\Debug\Synthdude.a(CySpc.o)
 .ARM.attributes
                0x00000311       0x29 c:/program files (x86)/cypress/psoc creator/2.2/psoc creator/import/gnu_cs/arm/4.4.1/bin/../lib/gcc/arm-none-eabi/4.4.1/../../../../arm-none-eabi/lib/thumb2\libm.a(lib_a-s_ceil.o)
 .ARM.attributes
                0x0000033a       0x29 c:/program files (x86)/cypress/psoc creator/2.2/psoc creator/import/gnu_cs/arm/4.4.1/bin/../lib/gcc/arm-none-eabi/4.4.1/../../../../arm-none-eabi/lib/thumb2\libm.a(lib_a-s_floor.o)
 .ARM.attributes
                0x00000363       0x29 c:/program files (x86)/cypress/psoc creator/2.2/psoc creator/import/gnu_cs/arm/4.4.1/bin/../lib/gcc/arm-none-eabi/4.4.1/../../../../arm-none-eabi/lib/thumb2\libm.a(lib_a-w_pow.o)
 .ARM.attributes
                0x0000038c       0x29 c:/program files (x86)/cypress/psoc creator/2.2/psoc creator/import/gnu_cs/arm/4.4.1/bin/../lib/gcc/arm-none-eabi/4.4.1/../../../../arm-none-eabi/lib/thumb2\libm.a(lib_a-w_sqrt.o)
 .ARM.attributes
                0x000003b5       0x29 c:/program files (x86)/cypress/psoc creator/2.2/psoc creator/import/gnu_cs/arm/4.4.1/bin/../lib/gcc/arm-none-eabi/4.4.1/../../../../arm-none-eabi/lib/thumb2\libm.a(lib_a-e_pow.o)
 .ARM.attributes
                0x000003de       0x29 c:/program files (x86)/cypress/psoc creator/2.2/psoc creator/import/gnu_cs/arm/4.4.1/bin/../lib/gcc/arm-none-eabi/4.4.1/../../../../arm-none-eabi/lib/thumb2\libm.a(lib_a-e_sqrt.o)
 .ARM.attributes
                0x00000407       0x29 c:/program files (x86)/cypress/psoc creator/2.2/psoc creator/import/gnu_cs/arm/4.4.1/bin/../lib/gcc/arm-none-eabi/4.4.1/../../../../arm-none-eabi/lib/thumb2\libm.a(lib_a-s_fabs.o)
 .ARM.attributes
                0x00000430       0x29 c:/program files (x86)/cypress/psoc creator/2.2/psoc creator/import/gnu_cs/arm/4.4.1/bin/../lib/gcc/arm-none-eabi/4.4.1/../../../../arm-none-eabi/lib/thumb2\libm.a(lib_a-s_finite.o)
 .ARM.attributes
                0x00000459       0x29 c:/program files (x86)/cypress/psoc creator/2.2/psoc creator/import/gnu_cs/arm/4.4.1/bin/../lib/gcc/arm-none-eabi/4.4.1/../../../../arm-none-eabi/lib/thumb2\libm.a(lib_a-s_isnand.o)
 .ARM.attributes
                0x00000482       0x29 c:/program files (x86)/cypress/psoc creator/2.2/psoc creator/import/gnu_cs/arm/4.4.1/bin/../lib/gcc/arm-none-eabi/4.4.1/../../../../arm-none-eabi/lib/thumb2\libm.a(lib_a-s_lib_ver.o)
 .ARM.attributes
                0x000004ab       0x29 c:/program files (x86)/cypress/psoc creator/2.2/psoc creator/import/gnu_cs/arm/4.4.1/bin/../lib/gcc/arm-none-eabi/4.4.1/../../../../arm-none-eabi/lib/thumb2\libm.a(lib_a-s_matherr.o)
 .ARM.attributes
                0x000004d4       0x29 c:/program files (x86)/cypress/psoc creator/2.2/psoc creator/import/gnu_cs/arm/4.4.1/bin/../lib/gcc/arm-none-eabi/4.4.1/../../../../arm-none-eabi/lib/thumb2\libm.a(lib_a-s_nan.o)
 .ARM.attributes
                0x000004fd       0x29 c:/program files (x86)/cypress/psoc creator/2.2/psoc creator/import/gnu_cs/arm/4.4.1/bin/../lib/gcc/arm-none-eabi/4.4.1/../../../../arm-none-eabi/lib/thumb2\libm.a(lib_a-s_rint.o)
 .ARM.attributes
                0x00000526       0x29 c:/program files (x86)/cypress/psoc creator/2.2/psoc creator/import/gnu_cs/arm/4.4.1/bin/../lib/gcc/arm-none-eabi/4.4.1/../../../../arm-none-eabi/lib/thumb2\libm.a(lib_a-s_scalbn.o)
 .ARM.attributes
                0x0000054f       0x29 c:/program files (x86)/cypress/psoc creator/2.2/psoc creator/import/gnu_cs/arm/4.4.1/bin/../lib/gcc/arm-none-eabi/4.4.1/../../../../arm-none-eabi/lib/thumb2\libm.a(lib_a-s_copysign.o)
 .ARM.attributes
                0x00000578       0x1b c:/program files (x86)/cypress/psoc creator/2.2/psoc creator/import/gnu_cs/arm/4.4.1/bin/../lib/gcc/arm-none-eabi/4.4.1/thumb2\libgcc.a(_arm_addsubdf3.o)
 .ARM.attributes
                0x00000593       0x1b c:/program files (x86)/cypress/psoc creator/2.2/psoc creator/import/gnu_cs/arm/4.4.1/bin/../lib/gcc/arm-none-eabi/4.4.1/thumb2\libgcc.a(_arm_muldivdf3.o)
 .ARM.attributes
                0x000005ae       0x1b c:/program files (x86)/cypress/psoc creator/2.2/psoc creator/import/gnu_cs/arm/4.4.1/bin/../lib/gcc/arm-none-eabi/4.4.1/thumb2\libgcc.a(_arm_cmpdf2.o)
 .ARM.attributes
                0x000005c9       0x1b c:/program files (x86)/cypress/psoc creator/2.2/psoc creator/import/gnu_cs/arm/4.4.1/bin/../lib/gcc/arm-none-eabi/4.4.1/thumb2\libgcc.a(_arm_fixunsdfsi.o)
 .ARM.attributes
                0x000005e4       0x29 c:/program files (x86)/cypress/psoc creator/2.2/psoc creator/import/gnu_cs/arm/4.4.1/bin/../lib/gcc/arm-none-eabi/4.4.1/../../../../arm-none-eabi/lib/thumb2\libc.a(lib_a-errno.o)
 .ARM.attributes
                0x0000060d       0x29 c:/program files (x86)/cypress/psoc creator/2.2/psoc creator/import/gnu_cs/arm/4.4.1/bin/../lib/gcc/arm-none-eabi/4.4.1/../../../../arm-none-eabi/lib/thumb2\libc.a(lib_a-impure.o)
 .ARM.attributes
                0x00000636       0x29 c:/program files (x86)/cypress/psoc creator/2.2/psoc creator/import/gnu_cs/arm/4.4.1/bin/../lib/gcc/arm-none-eabi/4.4.1/../../../../arm-none-eabi/lib/thumb2\libc.a(lib_a-memcpy.o)
 .ARM.attributes
                0x0000065f       0x29 c:/program files (x86)/cypress/psoc creator/2.2/psoc creator/import/gnu_cs/arm/4.4.1/bin/../lib/gcc/arm-none-eabi/4.4.1/../../../../arm-none-eabi/lib/thumb2\libc.a(lib_a-memset.o)
 .ARM.attributes
                0x00000688       0x29 c:/program files (x86)/cypress/psoc creator/2.2/psoc creator/import/gnu_cs/arm/4.4.1/bin/../lib/gcc/arm-none-eabi/4.4.1/thumb2/crtend.o
 .ARM.attributes
                0x000006b1       0x19 c:/program files (x86)/cypress/psoc creator/2.2/psoc creator/import/gnu_cs/arm/4.4.1/bin/../lib/gcc/arm-none-eabi/4.4.1/thumb2/crtn.o
 .ARM.attributes
                0x000006ca       0x29 c:/program files (x86)/cypress/psoc creator/2.2/psoc creator/import/gnu_cs/arm/4.4.1/bin/../lib/gcc/arm-none-eabi/4.4.1/../../../../arm-none-eabi/lib/thumb2\libcs3.a(start_c.o)
 .ARM.attributes
                0x000006f3       0x19 c:/program files (x86)/cypress/psoc creator/2.2/psoc creator/import/gnu_cs/arm/4.4.1/bin/../lib/gcc/arm-none-eabi/4.4.1/../../../../arm-none-eabi/lib/thumb2\libcs3micro.a(micro_isr_interrupt.o)
 .ARM.attributes
                0x0000070c       0x29 c:/program files (x86)/cypress/psoc creator/2.2/psoc creator/import/gnu_cs/arm/4.4.1/bin/../lib/gcc/arm-none-eabi/4.4.1/../../../../arm-none-eabi/lib/thumb2\libc.a(lib_a-init.o)

/DISCARD/
 *(.note.GNU-stack)
OUTPUT(.\ARM_GCC_441\Debug\Synthdude.elf elf32-littlearm)
