ARM GAS  C:\Users\RAPHAE~1\AppData\Local\Temp\cci4gtaY.s 			page 1


   1              		.syntax unified
   2              		.cpu cortex-m3
   3              		.fpu softvfp
   4              		.eabi_attribute 20, 1
   5              		.eabi_attribute 21, 1
   6              		.eabi_attribute 23, 3
   7              		.eabi_attribute 24, 1
   8              		.eabi_attribute 25, 1
   9              		.eabi_attribute 26, 1
  10              		.eabi_attribute 30, 6
  11              		.eabi_attribute 18, 4
  12              		.thumb
  13              		.file	"VDAC8_1.c"
  14              		.section	.debug_abbrev,"",%progbits
  15              	.Ldebug_abbrev0:
  16              		.section	.debug_info,"",%progbits
  17              	.Ldebug_info0:
  18              		.section	.debug_line,"",%progbits
  19              	.Ldebug_line0:
  20 0000 0A010000 		.text
  20      02006000 
  20      00000201 
  20      FB0E0D00 
  20      01010101 
  21              	.Ltext0:
  22              		.cfi_sections	.debug_frame
  23              		.global	VDAC8_1_initVar
  24              		.bss
  25              		.type	VDAC8_1_initVar, %object
  26              		.size	VDAC8_1_initVar, 1
  27              	VDAC8_1_initVar:
  28 0000 00       		.space	1
  29              		.section	.text.VDAC8_1_Init,"ax",%progbits
  30              		.align	2
  31              		.global	VDAC8_1_Init
  32              		.thumb
  33              		.thumb_func
  34              		.type	VDAC8_1_Init, %function
  35              	VDAC8_1_Init:
  36              	.LFB0:
  37              		.file 1 ".\\Generated_Source\\PSoC5\\VDAC8_1.c"
   1:.\Generated_Source\PSoC5/VDAC8_1.c **** /*******************************************************************************
   2:.\Generated_Source\PSoC5/VDAC8_1.c **** * File Name: VDAC8_1.c  
   3:.\Generated_Source\PSoC5/VDAC8_1.c **** * Version 1.90
   4:.\Generated_Source\PSoC5/VDAC8_1.c **** *
   5:.\Generated_Source\PSoC5/VDAC8_1.c **** * Description:
   6:.\Generated_Source\PSoC5/VDAC8_1.c **** *  This file provides the source code to the API for the 8-bit Voltage DAC 
   7:.\Generated_Source\PSoC5/VDAC8_1.c **** *  (VDAC8) User Module.
   8:.\Generated_Source\PSoC5/VDAC8_1.c **** *
   9:.\Generated_Source\PSoC5/VDAC8_1.c **** * Note:
  10:.\Generated_Source\PSoC5/VDAC8_1.c **** *  Any unusual or non-standard behavior should be noted here. Other-
  11:.\Generated_Source\PSoC5/VDAC8_1.c **** *  wise, this section should remain blank.
  12:.\Generated_Source\PSoC5/VDAC8_1.c **** *
  13:.\Generated_Source\PSoC5/VDAC8_1.c **** ********************************************************************************
  14:.\Generated_Source\PSoC5/VDAC8_1.c **** * Copyright 2008-2012, Cypress Semiconductor Corporation.  All rights reserved.
  15:.\Generated_Source\PSoC5/VDAC8_1.c **** * You may use this file only in accordance with the license, terms, conditions, 
  16:.\Generated_Source\PSoC5/VDAC8_1.c **** * disclaimers, and limitations in the end user license agreement accompanying 
ARM GAS  C:\Users\RAPHAE~1\AppData\Local\Temp\cci4gtaY.s 			page 2


  17:.\Generated_Source\PSoC5/VDAC8_1.c **** * the software package with which this file was provided.
  18:.\Generated_Source\PSoC5/VDAC8_1.c **** *******************************************************************************/
  19:.\Generated_Source\PSoC5/VDAC8_1.c **** 
  20:.\Generated_Source\PSoC5/VDAC8_1.c **** #include "cytypes.h"
  21:.\Generated_Source\PSoC5/VDAC8_1.c **** #include "VDAC8_1.h"
  22:.\Generated_Source\PSoC5/VDAC8_1.c **** 
  23:.\Generated_Source\PSoC5/VDAC8_1.c **** #if (CY_PSOC5A)
  24:.\Generated_Source\PSoC5/VDAC8_1.c **** #include <CyLib.h>
  25:.\Generated_Source\PSoC5/VDAC8_1.c **** #endif /* CY_PSOC5A */
  26:.\Generated_Source\PSoC5/VDAC8_1.c **** 
  27:.\Generated_Source\PSoC5/VDAC8_1.c **** uint8 VDAC8_1_initVar = 0u;
  28:.\Generated_Source\PSoC5/VDAC8_1.c **** 
  29:.\Generated_Source\PSoC5/VDAC8_1.c **** #if (CY_PSOC5A)
  30:.\Generated_Source\PSoC5/VDAC8_1.c ****     static uint8 VDAC8_1_restoreVal = 0u;
  31:.\Generated_Source\PSoC5/VDAC8_1.c **** #endif /* CY_PSOC5A */
  32:.\Generated_Source\PSoC5/VDAC8_1.c **** 
  33:.\Generated_Source\PSoC5/VDAC8_1.c **** #if (CY_PSOC5A)
  34:.\Generated_Source\PSoC5/VDAC8_1.c ****     static VDAC8_1_backupStruct VDAC8_1_backup;
  35:.\Generated_Source\PSoC5/VDAC8_1.c **** #endif /* CY_PSOC5A */
  36:.\Generated_Source\PSoC5/VDAC8_1.c **** 
  37:.\Generated_Source\PSoC5/VDAC8_1.c **** 
  38:.\Generated_Source\PSoC5/VDAC8_1.c **** /*******************************************************************************
  39:.\Generated_Source\PSoC5/VDAC8_1.c **** * Function Name: VDAC8_1_Init
  40:.\Generated_Source\PSoC5/VDAC8_1.c **** ********************************************************************************
  41:.\Generated_Source\PSoC5/VDAC8_1.c **** * Summary:
  42:.\Generated_Source\PSoC5/VDAC8_1.c **** *  Initialize to the schematic state.
  43:.\Generated_Source\PSoC5/VDAC8_1.c **** * 
  44:.\Generated_Source\PSoC5/VDAC8_1.c **** * Parameters:
  45:.\Generated_Source\PSoC5/VDAC8_1.c **** *  void:
  46:.\Generated_Source\PSoC5/VDAC8_1.c **** *
  47:.\Generated_Source\PSoC5/VDAC8_1.c **** * Return:
  48:.\Generated_Source\PSoC5/VDAC8_1.c **** *  void
  49:.\Generated_Source\PSoC5/VDAC8_1.c **** *
  50:.\Generated_Source\PSoC5/VDAC8_1.c **** * Theory:
  51:.\Generated_Source\PSoC5/VDAC8_1.c **** *
  52:.\Generated_Source\PSoC5/VDAC8_1.c **** * Side Effects:
  53:.\Generated_Source\PSoC5/VDAC8_1.c **** *
  54:.\Generated_Source\PSoC5/VDAC8_1.c **** *******************************************************************************/
  55:.\Generated_Source\PSoC5/VDAC8_1.c **** void VDAC8_1_Init(void) 
  56:.\Generated_Source\PSoC5/VDAC8_1.c **** {
  38              		.loc 1 56 0
  39              		.cfi_startproc
  40              		@ args = 0, pretend = 0, frame = 0
  41              		@ frame_needed = 1, uses_anonymous_args = 0
  42 0000 80B5     		push	{r7, lr}
  43              	.LCFI0:
  44              		.cfi_def_cfa_offset 8
  45 0002 00AF     		add	r7, sp, #0
  46              		.cfi_offset 14, -4
  47              		.cfi_offset 7, -8
  48              	.LCFI1:
  49              		.cfi_def_cfa_register 7
  57:.\Generated_Source\PSoC5/VDAC8_1.c ****     VDAC8_1_CR0 = (VDAC8_1_MODE_V );
  50              		.loc 1 57 0
  51 0004 45F62003 		movw	r3, #:lower16:1073764384
  52 0008 C4F20003 		movt	r3, #:upper16:1073764384
  53 000c 4FF00002 		mov	r2, #0
ARM GAS  C:\Users\RAPHAE~1\AppData\Local\Temp\cci4gtaY.s 			page 3


  54 0010 1A70     		strb	r2, [r3, #0]
  58:.\Generated_Source\PSoC5/VDAC8_1.c **** 
  59:.\Generated_Source\PSoC5/VDAC8_1.c ****     /* Set default data source */
  60:.\Generated_Source\PSoC5/VDAC8_1.c ****     #if(VDAC8_1_DEFAULT_DATA_SRC != 0 )
  61:.\Generated_Source\PSoC5/VDAC8_1.c ****         VDAC8_1_CR1 = (VDAC8_1_DEFAULT_CNTL | VDAC8_1_DACBUS_ENABLE) ;
  62:.\Generated_Source\PSoC5/VDAC8_1.c ****     #else
  63:.\Generated_Source\PSoC5/VDAC8_1.c ****         VDAC8_1_CR1 = (VDAC8_1_DEFAULT_CNTL | VDAC8_1_DACBUS_DISABLE) ;
  55              		.loc 1 63 0
  56 0012 45F62103 		movw	r3, #:lower16:1073764385
  57 0016 C4F20003 		movt	r3, #:upper16:1073764385
  58 001a 4FF00002 		mov	r2, #0
  59 001e 1A70     		strb	r2, [r3, #0]
  64:.\Generated_Source\PSoC5/VDAC8_1.c ****     #endif /* (VDAC8_1_DEFAULT_DATA_SRC != 0 ) */
  65:.\Generated_Source\PSoC5/VDAC8_1.c **** 
  66:.\Generated_Source\PSoC5/VDAC8_1.c ****     /* Set default strobe mode */
  67:.\Generated_Source\PSoC5/VDAC8_1.c ****     #if(VDAC8_1_DEFAULT_STRB != 0)
  68:.\Generated_Source\PSoC5/VDAC8_1.c ****         VDAC8_1_Strobe |= VDAC8_1_STRB_EN ;
  69:.\Generated_Source\PSoC5/VDAC8_1.c ****     #endif/* (VDAC8_1_DEFAULT_STRB != 0) */
  70:.\Generated_Source\PSoC5/VDAC8_1.c **** 
  71:.\Generated_Source\PSoC5/VDAC8_1.c ****     /* Set default range */
  72:.\Generated_Source\PSoC5/VDAC8_1.c ****     VDAC8_1_SetRange(VDAC8_1_DEFAULT_RANGE); 
  60              		.loc 1 72 0
  61 0020 4FF00000 		mov	r0, #0
  62 0024 FFF7FEFF 		bl	VDAC8_1_SetRange
  73:.\Generated_Source\PSoC5/VDAC8_1.c **** 
  74:.\Generated_Source\PSoC5/VDAC8_1.c ****     /* Set default speed */
  75:.\Generated_Source\PSoC5/VDAC8_1.c ****     VDAC8_1_SetSpeed(VDAC8_1_DEFAULT_SPEED);
  63              		.loc 1 75 0
  64 0028 4FF00200 		mov	r0, #2
  65 002c FFF7FEFF 		bl	VDAC8_1_SetSpeed
  76:.\Generated_Source\PSoC5/VDAC8_1.c **** }
  66              		.loc 1 76 0
  67 0030 80BD     		pop	{r7, pc}
  68              		.cfi_endproc
  69              	.LFE0:
  70              		.size	VDAC8_1_Init, .-VDAC8_1_Init
  71 0032 00BF     		.section	.text.VDAC8_1_Enable,"ax",%progbits
  72              		.align	2
  73              		.global	VDAC8_1_Enable
  74              		.thumb
  75              		.thumb_func
  76              		.type	VDAC8_1_Enable, %function
  77              	VDAC8_1_Enable:
  78              	.LFB1:
  77:.\Generated_Source\PSoC5/VDAC8_1.c **** 
  78:.\Generated_Source\PSoC5/VDAC8_1.c **** 
  79:.\Generated_Source\PSoC5/VDAC8_1.c **** /*******************************************************************************
  80:.\Generated_Source\PSoC5/VDAC8_1.c **** * Function Name: VDAC8_1_Enable
  81:.\Generated_Source\PSoC5/VDAC8_1.c **** ********************************************************************************
  82:.\Generated_Source\PSoC5/VDAC8_1.c **** * Summary:
  83:.\Generated_Source\PSoC5/VDAC8_1.c **** *  Enable the VDAC8
  84:.\Generated_Source\PSoC5/VDAC8_1.c **** * 
  85:.\Generated_Source\PSoC5/VDAC8_1.c **** * Parameters:
  86:.\Generated_Source\PSoC5/VDAC8_1.c **** *  void
  87:.\Generated_Source\PSoC5/VDAC8_1.c **** *
  88:.\Generated_Source\PSoC5/VDAC8_1.c **** * Return:
  89:.\Generated_Source\PSoC5/VDAC8_1.c **** *  void
ARM GAS  C:\Users\RAPHAE~1\AppData\Local\Temp\cci4gtaY.s 			page 4


  90:.\Generated_Source\PSoC5/VDAC8_1.c **** *
  91:.\Generated_Source\PSoC5/VDAC8_1.c **** * Theory:
  92:.\Generated_Source\PSoC5/VDAC8_1.c **** *
  93:.\Generated_Source\PSoC5/VDAC8_1.c **** * Side Effects:
  94:.\Generated_Source\PSoC5/VDAC8_1.c **** *
  95:.\Generated_Source\PSoC5/VDAC8_1.c **** *******************************************************************************/
  96:.\Generated_Source\PSoC5/VDAC8_1.c **** void VDAC8_1_Enable(void) 
  97:.\Generated_Source\PSoC5/VDAC8_1.c **** {
  79              		.loc 1 97 0
  80              		.cfi_startproc
  81              		@ args = 0, pretend = 0, frame = 0
  82              		@ frame_needed = 1, uses_anonymous_args = 0
  83              		@ link register save eliminated.
  84 0000 80B4     		push	{r7}
  85              	.LCFI2:
  86              		.cfi_def_cfa_offset 4
  87 0002 00AF     		add	r7, sp, #0
  88              		.cfi_offset 7, -4
  89              	.LCFI3:
  90              		.cfi_def_cfa_register 7
  98:.\Generated_Source\PSoC5/VDAC8_1.c ****     VDAC8_1_PWRMGR |= VDAC8_1_ACT_PWR_EN;
  91              		.loc 1 98 0
  92 0004 44F2A833 		movw	r3, #:lower16:1073759144
  93 0008 C4F20003 		movt	r3, #:upper16:1073759144
  94 000c 44F2A832 		movw	r2, #:lower16:1073759144
  95 0010 C4F20002 		movt	r2, #:upper16:1073759144
  96 0014 1278     		ldrb	r2, [r2, #0]
  97 0016 D2B2     		uxtb	r2, r2
  98 0018 42F00102 		orr	r2, r2, #1
  99 001c D2B2     		uxtb	r2, r2
 100 001e 1A70     		strb	r2, [r3, #0]
  99:.\Generated_Source\PSoC5/VDAC8_1.c ****     VDAC8_1_STBY_PWRMGR |= VDAC8_1_STBY_PWR_EN;
 101              		.loc 1 99 0
 102 0020 44F2B833 		movw	r3, #:lower16:1073759160
 103 0024 C4F20003 		movt	r3, #:upper16:1073759160
 104 0028 44F2B832 		movw	r2, #:lower16:1073759160
 105 002c C4F20002 		movt	r2, #:upper16:1073759160
 106 0030 1278     		ldrb	r2, [r2, #0]
 107 0032 D2B2     		uxtb	r2, r2
 108 0034 42F00102 		orr	r2, r2, #1
 109 0038 D2B2     		uxtb	r2, r2
 110 003a 1A70     		strb	r2, [r3, #0]
 100:.\Generated_Source\PSoC5/VDAC8_1.c **** 
 101:.\Generated_Source\PSoC5/VDAC8_1.c ****     /*This is to restore the value of register CR0 ,
 102:.\Generated_Source\PSoC5/VDAC8_1.c ****     which is modified  in Stop API , this prevents misbehaviour of VDAC */
 103:.\Generated_Source\PSoC5/VDAC8_1.c ****     #if (CY_PSOC5A)
 104:.\Generated_Source\PSoC5/VDAC8_1.c ****         if(VDAC8_1_restoreVal == 1u) 
 105:.\Generated_Source\PSoC5/VDAC8_1.c ****         {
 106:.\Generated_Source\PSoC5/VDAC8_1.c ****              VDAC8_1_CR0 = VDAC8_1_backup.data_value;
 107:.\Generated_Source\PSoC5/VDAC8_1.c ****              VDAC8_1_restoreVal = 0u;
 108:.\Generated_Source\PSoC5/VDAC8_1.c ****         }
 109:.\Generated_Source\PSoC5/VDAC8_1.c ****     #endif /* CY_PSOC5A */
 110:.\Generated_Source\PSoC5/VDAC8_1.c **** }
 111              		.loc 1 110 0
 112 003c BD46     		mov	sp, r7
 113 003e 80BC     		pop	{r7}
 114 0040 7047     		bx	lr
ARM GAS  C:\Users\RAPHAE~1\AppData\Local\Temp\cci4gtaY.s 			page 5


 115              		.cfi_endproc
 116              	.LFE1:
 117              		.size	VDAC8_1_Enable, .-VDAC8_1_Enable
 118 0042 00BF     		.section	.text.VDAC8_1_Start,"ax",%progbits
 119              		.align	2
 120              		.global	VDAC8_1_Start
 121              		.thumb
 122              		.thumb_func
 123              		.type	VDAC8_1_Start, %function
 124              	VDAC8_1_Start:
 125              	.LFB2:
 111:.\Generated_Source\PSoC5/VDAC8_1.c **** 
 112:.\Generated_Source\PSoC5/VDAC8_1.c **** 
 113:.\Generated_Source\PSoC5/VDAC8_1.c **** /*******************************************************************************
 114:.\Generated_Source\PSoC5/VDAC8_1.c **** * Function Name: VDAC8_1_Start
 115:.\Generated_Source\PSoC5/VDAC8_1.c **** ********************************************************************************
 116:.\Generated_Source\PSoC5/VDAC8_1.c **** *
 117:.\Generated_Source\PSoC5/VDAC8_1.c **** * Summary:
 118:.\Generated_Source\PSoC5/VDAC8_1.c **** *  The start function initializes the voltage DAC with the default values, 
 119:.\Generated_Source\PSoC5/VDAC8_1.c **** *  and sets the power to the given level.  A power level of 0, is the same as
 120:.\Generated_Source\PSoC5/VDAC8_1.c **** *  executing the stop function.
 121:.\Generated_Source\PSoC5/VDAC8_1.c **** *
 122:.\Generated_Source\PSoC5/VDAC8_1.c **** * Parameters:
 123:.\Generated_Source\PSoC5/VDAC8_1.c **** *  Power: Sets power level between off (0) and (3) high power
 124:.\Generated_Source\PSoC5/VDAC8_1.c **** *
 125:.\Generated_Source\PSoC5/VDAC8_1.c **** * Return:
 126:.\Generated_Source\PSoC5/VDAC8_1.c **** *  void 
 127:.\Generated_Source\PSoC5/VDAC8_1.c **** *
 128:.\Generated_Source\PSoC5/VDAC8_1.c **** * Global variables:
 129:.\Generated_Source\PSoC5/VDAC8_1.c **** *  VDAC8_1_initVar: Is modified when this function is called for the 
 130:.\Generated_Source\PSoC5/VDAC8_1.c **** *  first time. Is used to ensure that initialization happens only once.
 131:.\Generated_Source\PSoC5/VDAC8_1.c **** *
 132:.\Generated_Source\PSoC5/VDAC8_1.c **** *******************************************************************************/
 133:.\Generated_Source\PSoC5/VDAC8_1.c **** void VDAC8_1_Start(void)  
 134:.\Generated_Source\PSoC5/VDAC8_1.c **** {
 126              		.loc 1 134 0
 127              		.cfi_startproc
 128              		@ args = 0, pretend = 0, frame = 0
 129              		@ frame_needed = 1, uses_anonymous_args = 0
 130 0000 80B5     		push	{r7, lr}
 131              	.LCFI4:
 132              		.cfi_def_cfa_offset 8
 133 0002 00AF     		add	r7, sp, #0
 134              		.cfi_offset 14, -4
 135              		.cfi_offset 7, -8
 136              	.LCFI5:
 137              		.cfi_def_cfa_register 7
 135:.\Generated_Source\PSoC5/VDAC8_1.c ****     /* Hardware initiazation only needs to occure the first time */
 136:.\Generated_Source\PSoC5/VDAC8_1.c ****     if(VDAC8_1_initVar == 0u)
 138              		.loc 1 136 0
 139 0004 40F20003 		movw	r3, #:lower16:VDAC8_1_initVar
 140 0008 C0F20003 		movt	r3, #:upper16:VDAC8_1_initVar
 141 000c 1B78     		ldrb	r3, [r3, #0]	@ zero_extendqisi2
 142 000e 002B     		cmp	r3, #0
 143 0010 08D1     		bne	.L6
 137:.\Generated_Source\PSoC5/VDAC8_1.c ****     { 
 138:.\Generated_Source\PSoC5/VDAC8_1.c ****         VDAC8_1_Init();
ARM GAS  C:\Users\RAPHAE~1\AppData\Local\Temp\cci4gtaY.s 			page 6


 144              		.loc 1 138 0
 145 0012 FFF7FEFF 		bl	VDAC8_1_Init
 139:.\Generated_Source\PSoC5/VDAC8_1.c ****         VDAC8_1_initVar = 1u;
 146              		.loc 1 139 0
 147 0016 40F20003 		movw	r3, #:lower16:VDAC8_1_initVar
 148 001a C0F20003 		movt	r3, #:upper16:VDAC8_1_initVar
 149 001e 4FF00102 		mov	r2, #1
 150 0022 1A70     		strb	r2, [r3, #0]
 151              	.L6:
 140:.\Generated_Source\PSoC5/VDAC8_1.c ****     }
 141:.\Generated_Source\PSoC5/VDAC8_1.c **** 
 142:.\Generated_Source\PSoC5/VDAC8_1.c ****     /* Enable power to DAC */
 143:.\Generated_Source\PSoC5/VDAC8_1.c ****     VDAC8_1_Enable();
 152              		.loc 1 143 0
 153 0024 FFF7FEFF 		bl	VDAC8_1_Enable
 144:.\Generated_Source\PSoC5/VDAC8_1.c **** 
 145:.\Generated_Source\PSoC5/VDAC8_1.c ****     /* Set default value */
 146:.\Generated_Source\PSoC5/VDAC8_1.c ****     VDAC8_1_SetValue(VDAC8_1_DEFAULT_DATA); 
 154              		.loc 1 146 0
 155 0028 4FF06400 		mov	r0, #100
 156 002c FFF7FEFF 		bl	VDAC8_1_SetValue
 147:.\Generated_Source\PSoC5/VDAC8_1.c **** }
 157              		.loc 1 147 0
 158 0030 80BD     		pop	{r7, pc}
 159              		.cfi_endproc
 160              	.LFE2:
 161              		.size	VDAC8_1_Start, .-VDAC8_1_Start
 162 0032 00BF     		.section	.text.VDAC8_1_Stop,"ax",%progbits
 163              		.align	2
 164              		.global	VDAC8_1_Stop
 165              		.thumb
 166              		.thumb_func
 167              		.type	VDAC8_1_Stop, %function
 168              	VDAC8_1_Stop:
 169              	.LFB3:
 148:.\Generated_Source\PSoC5/VDAC8_1.c **** 
 149:.\Generated_Source\PSoC5/VDAC8_1.c **** 
 150:.\Generated_Source\PSoC5/VDAC8_1.c **** /*******************************************************************************
 151:.\Generated_Source\PSoC5/VDAC8_1.c **** * Function Name: VDAC8_1_Stop
 152:.\Generated_Source\PSoC5/VDAC8_1.c **** ********************************************************************************
 153:.\Generated_Source\PSoC5/VDAC8_1.c **** *
 154:.\Generated_Source\PSoC5/VDAC8_1.c **** * Summary:
 155:.\Generated_Source\PSoC5/VDAC8_1.c **** *  Powers down DAC to lowest power state.
 156:.\Generated_Source\PSoC5/VDAC8_1.c **** *
 157:.\Generated_Source\PSoC5/VDAC8_1.c **** * Parameters:
 158:.\Generated_Source\PSoC5/VDAC8_1.c **** *  void
 159:.\Generated_Source\PSoC5/VDAC8_1.c **** *
 160:.\Generated_Source\PSoC5/VDAC8_1.c **** * Return:
 161:.\Generated_Source\PSoC5/VDAC8_1.c **** *  void
 162:.\Generated_Source\PSoC5/VDAC8_1.c **** *
 163:.\Generated_Source\PSoC5/VDAC8_1.c **** * Theory:
 164:.\Generated_Source\PSoC5/VDAC8_1.c **** *
 165:.\Generated_Source\PSoC5/VDAC8_1.c **** * Side Effects:
 166:.\Generated_Source\PSoC5/VDAC8_1.c **** *
 167:.\Generated_Source\PSoC5/VDAC8_1.c **** *******************************************************************************/
 168:.\Generated_Source\PSoC5/VDAC8_1.c **** void VDAC8_1_Stop(void) 
 169:.\Generated_Source\PSoC5/VDAC8_1.c **** {
ARM GAS  C:\Users\RAPHAE~1\AppData\Local\Temp\cci4gtaY.s 			page 7


 170              		.loc 1 169 0
 171              		.cfi_startproc
 172              		@ args = 0, pretend = 0, frame = 0
 173              		@ frame_needed = 1, uses_anonymous_args = 0
 174              		@ link register save eliminated.
 175 0000 80B4     		push	{r7}
 176              	.LCFI6:
 177              		.cfi_def_cfa_offset 4
 178 0002 00AF     		add	r7, sp, #0
 179              		.cfi_offset 7, -4
 180              	.LCFI7:
 181              		.cfi_def_cfa_register 7
 170:.\Generated_Source\PSoC5/VDAC8_1.c ****     /* Disble power to DAC */
 171:.\Generated_Source\PSoC5/VDAC8_1.c ****     VDAC8_1_PWRMGR &= (uint8)(~VDAC8_1_ACT_PWR_EN);
 182              		.loc 1 171 0
 183 0004 44F2A833 		movw	r3, #:lower16:1073759144
 184 0008 C4F20003 		movt	r3, #:upper16:1073759144
 185 000c 44F2A832 		movw	r2, #:lower16:1073759144
 186 0010 C4F20002 		movt	r2, #:upper16:1073759144
 187 0014 1278     		ldrb	r2, [r2, #0]
 188 0016 D2B2     		uxtb	r2, r2
 189 0018 02F0FE02 		and	r2, r2, #254
 190 001c 1A70     		strb	r2, [r3, #0]
 172:.\Generated_Source\PSoC5/VDAC8_1.c ****     VDAC8_1_STBY_PWRMGR &= (uint8)(~VDAC8_1_STBY_PWR_EN);
 191              		.loc 1 172 0
 192 001e 44F2B833 		movw	r3, #:lower16:1073759160
 193 0022 C4F20003 		movt	r3, #:upper16:1073759160
 194 0026 44F2B832 		movw	r2, #:lower16:1073759160
 195 002a C4F20002 		movt	r2, #:upper16:1073759160
 196 002e 1278     		ldrb	r2, [r2, #0]
 197 0030 D2B2     		uxtb	r2, r2
 198 0032 02F0FE02 		and	r2, r2, #254
 199 0036 1A70     		strb	r2, [r3, #0]
 173:.\Generated_Source\PSoC5/VDAC8_1.c **** 
 174:.\Generated_Source\PSoC5/VDAC8_1.c ****     /* This is a work around for PSoC5A  ,
 175:.\Generated_Source\PSoC5/VDAC8_1.c ****     this sets VDAC to current mode with output off */
 176:.\Generated_Source\PSoC5/VDAC8_1.c ****     #if (CY_PSOC5A)
 177:.\Generated_Source\PSoC5/VDAC8_1.c ****         VDAC8_1_backup.data_value = VDAC8_1_CR0;
 178:.\Generated_Source\PSoC5/VDAC8_1.c ****         VDAC8_1_CR0 = VDAC8_1_CUR_MODE_OUT_OFF;
 179:.\Generated_Source\PSoC5/VDAC8_1.c ****         VDAC8_1_restoreVal = 1u;
 180:.\Generated_Source\PSoC5/VDAC8_1.c ****     #endif /* CY_PSOC5A */
 181:.\Generated_Source\PSoC5/VDAC8_1.c **** }
 200              		.loc 1 181 0
 201 0038 BD46     		mov	sp, r7
 202 003a 80BC     		pop	{r7}
 203 003c 7047     		bx	lr
 204              		.cfi_endproc
 205              	.LFE3:
 206              		.size	VDAC8_1_Stop, .-VDAC8_1_Stop
 207 003e 00BF     		.section	.text.VDAC8_1_SetSpeed,"ax",%progbits
 208              		.align	2
 209              		.global	VDAC8_1_SetSpeed
 210              		.thumb
 211              		.thumb_func
 212              		.type	VDAC8_1_SetSpeed, %function
 213              	VDAC8_1_SetSpeed:
 214              	.LFB4:
ARM GAS  C:\Users\RAPHAE~1\AppData\Local\Temp\cci4gtaY.s 			page 8


 182:.\Generated_Source\PSoC5/VDAC8_1.c **** 
 183:.\Generated_Source\PSoC5/VDAC8_1.c **** 
 184:.\Generated_Source\PSoC5/VDAC8_1.c **** /*******************************************************************************
 185:.\Generated_Source\PSoC5/VDAC8_1.c **** * Function Name: VDAC8_1_SetSpeed
 186:.\Generated_Source\PSoC5/VDAC8_1.c **** ********************************************************************************
 187:.\Generated_Source\PSoC5/VDAC8_1.c **** *
 188:.\Generated_Source\PSoC5/VDAC8_1.c **** * Summary:
 189:.\Generated_Source\PSoC5/VDAC8_1.c **** *  Set DAC speed
 190:.\Generated_Source\PSoC5/VDAC8_1.c **** *
 191:.\Generated_Source\PSoC5/VDAC8_1.c **** * Parameters:
 192:.\Generated_Source\PSoC5/VDAC8_1.c **** *  power: Sets speed value
 193:.\Generated_Source\PSoC5/VDAC8_1.c **** *
 194:.\Generated_Source\PSoC5/VDAC8_1.c **** * Return:
 195:.\Generated_Source\PSoC5/VDAC8_1.c **** *  void
 196:.\Generated_Source\PSoC5/VDAC8_1.c **** *
 197:.\Generated_Source\PSoC5/VDAC8_1.c **** * Theory:
 198:.\Generated_Source\PSoC5/VDAC8_1.c **** *
 199:.\Generated_Source\PSoC5/VDAC8_1.c **** * Side Effects:
 200:.\Generated_Source\PSoC5/VDAC8_1.c **** *
 201:.\Generated_Source\PSoC5/VDAC8_1.c **** *******************************************************************************/
 202:.\Generated_Source\PSoC5/VDAC8_1.c **** void VDAC8_1_SetSpeed(uint8 speed) 
 203:.\Generated_Source\PSoC5/VDAC8_1.c **** {
 215              		.loc 1 203 0
 216              		.cfi_startproc
 217              		@ args = 0, pretend = 0, frame = 8
 218              		@ frame_needed = 1, uses_anonymous_args = 0
 219              		@ link register save eliminated.
 220 0000 80B4     		push	{r7}
 221              	.LCFI8:
 222              		.cfi_def_cfa_offset 4
 223 0002 83B0     		sub	sp, sp, #12
 224              	.LCFI9:
 225              		.cfi_def_cfa_offset 16
 226 0004 00AF     		add	r7, sp, #0
 227              		.cfi_offset 7, -4
 228              	.LCFI10:
 229              		.cfi_def_cfa_register 7
 230 0006 0346     		mov	r3, r0
 231 0008 FB71     		strb	r3, [r7, #7]
 204:.\Generated_Source\PSoC5/VDAC8_1.c ****     /* Clear power mask then write in new value */
 205:.\Generated_Source\PSoC5/VDAC8_1.c ****     VDAC8_1_CR0 &= (uint8)(~VDAC8_1_HS_MASK);
 232              		.loc 1 205 0
 233 000a 45F62003 		movw	r3, #:lower16:1073764384
 234 000e C4F20003 		movt	r3, #:upper16:1073764384
 235 0012 45F62002 		movw	r2, #:lower16:1073764384
 236 0016 C4F20002 		movt	r2, #:upper16:1073764384
 237 001a 1278     		ldrb	r2, [r2, #0]
 238 001c D2B2     		uxtb	r2, r2
 239 001e 02F0FD02 		and	r2, r2, #253
 240 0022 1A70     		strb	r2, [r3, #0]
 206:.\Generated_Source\PSoC5/VDAC8_1.c ****     VDAC8_1_CR0 |=  (speed & VDAC8_1_HS_MASK);
 241              		.loc 1 206 0
 242 0024 45F62003 		movw	r3, #:lower16:1073764384
 243 0028 C4F20003 		movt	r3, #:upper16:1073764384
 244 002c 45F62002 		movw	r2, #:lower16:1073764384
 245 0030 C4F20002 		movt	r2, #:upper16:1073764384
 246 0034 1278     		ldrb	r2, [r2, #0]
ARM GAS  C:\Users\RAPHAE~1\AppData\Local\Temp\cci4gtaY.s 			page 9


 247 0036 D1B2     		uxtb	r1, r2
 248 0038 FA79     		ldrb	r2, [r7, #7]	@ zero_extendqisi2
 249 003a 02F00202 		and	r2, r2, #2
 250 003e 41EA0202 		orr	r2, r1, r2
 251 0042 D2B2     		uxtb	r2, r2
 252 0044 1A70     		strb	r2, [r3, #0]
 207:.\Generated_Source\PSoC5/VDAC8_1.c **** }
 253              		.loc 1 207 0
 254 0046 07F10C07 		add	r7, r7, #12
 255 004a BD46     		mov	sp, r7
 256 004c 80BC     		pop	{r7}
 257 004e 7047     		bx	lr
 258              		.cfi_endproc
 259              	.LFE4:
 260              		.size	VDAC8_1_SetSpeed, .-VDAC8_1_SetSpeed
 261              		.section	.text.VDAC8_1_SetRange,"ax",%progbits
 262              		.align	2
 263              		.global	VDAC8_1_SetRange
 264              		.thumb
 265              		.thumb_func
 266              		.type	VDAC8_1_SetRange, %function
 267              	VDAC8_1_SetRange:
 268              	.LFB5:
 208:.\Generated_Source\PSoC5/VDAC8_1.c **** 
 209:.\Generated_Source\PSoC5/VDAC8_1.c **** 
 210:.\Generated_Source\PSoC5/VDAC8_1.c **** /*******************************************************************************
 211:.\Generated_Source\PSoC5/VDAC8_1.c **** * Function Name: VDAC8_1_SetRange
 212:.\Generated_Source\PSoC5/VDAC8_1.c **** ********************************************************************************
 213:.\Generated_Source\PSoC5/VDAC8_1.c **** *
 214:.\Generated_Source\PSoC5/VDAC8_1.c **** * Summary:
 215:.\Generated_Source\PSoC5/VDAC8_1.c **** *  Set one of three current ranges.
 216:.\Generated_Source\PSoC5/VDAC8_1.c **** *
 217:.\Generated_Source\PSoC5/VDAC8_1.c **** * Parameters:
 218:.\Generated_Source\PSoC5/VDAC8_1.c **** *  Range: Sets one of Three valid ranges.
 219:.\Generated_Source\PSoC5/VDAC8_1.c **** *
 220:.\Generated_Source\PSoC5/VDAC8_1.c **** * Return:
 221:.\Generated_Source\PSoC5/VDAC8_1.c **** *  void 
 222:.\Generated_Source\PSoC5/VDAC8_1.c **** *
 223:.\Generated_Source\PSoC5/VDAC8_1.c **** * Theory:
 224:.\Generated_Source\PSoC5/VDAC8_1.c **** *
 225:.\Generated_Source\PSoC5/VDAC8_1.c **** * Side Effects:
 226:.\Generated_Source\PSoC5/VDAC8_1.c **** *
 227:.\Generated_Source\PSoC5/VDAC8_1.c **** *******************************************************************************/
 228:.\Generated_Source\PSoC5/VDAC8_1.c **** void VDAC8_1_SetRange(uint8 range) 
 229:.\Generated_Source\PSoC5/VDAC8_1.c **** {
 269              		.loc 1 229 0
 270              		.cfi_startproc
 271              		@ args = 0, pretend = 0, frame = 8
 272              		@ frame_needed = 1, uses_anonymous_args = 0
 273 0000 80B5     		push	{r7, lr}
 274              	.LCFI11:
 275              		.cfi_def_cfa_offset 8
 276 0002 82B0     		sub	sp, sp, #8
 277              	.LCFI12:
 278              		.cfi_def_cfa_offset 16
 279 0004 00AF     		add	r7, sp, #0
 280              		.cfi_offset 14, -4
ARM GAS  C:\Users\RAPHAE~1\AppData\Local\Temp\cci4gtaY.s 			page 10


 281              		.cfi_offset 7, -8
 282              	.LCFI13:
 283              		.cfi_def_cfa_register 7
 284 0006 0346     		mov	r3, r0
 285 0008 FB71     		strb	r3, [r7, #7]
 230:.\Generated_Source\PSoC5/VDAC8_1.c ****     VDAC8_1_CR0 &= (uint8)(~VDAC8_1_RANGE_MASK);      /* Clear existing mode */
 286              		.loc 1 230 0
 287 000a 45F62003 		movw	r3, #:lower16:1073764384
 288 000e C4F20003 		movt	r3, #:upper16:1073764384
 289 0012 45F62002 		movw	r2, #:lower16:1073764384
 290 0016 C4F20002 		movt	r2, #:upper16:1073764384
 291 001a 1278     		ldrb	r2, [r2, #0]
 292 001c D2B2     		uxtb	r2, r2
 293 001e 02F0F302 		and	r2, r2, #243
 294 0022 1A70     		strb	r2, [r3, #0]
 231:.\Generated_Source\PSoC5/VDAC8_1.c ****     VDAC8_1_CR0 |= (range & VDAC8_1_RANGE_MASK);      /*  Set Range  */
 295              		.loc 1 231 0
 296 0024 45F62003 		movw	r3, #:lower16:1073764384
 297 0028 C4F20003 		movt	r3, #:upper16:1073764384
 298 002c 45F62002 		movw	r2, #:lower16:1073764384
 299 0030 C4F20002 		movt	r2, #:upper16:1073764384
 300 0034 1278     		ldrb	r2, [r2, #0]
 301 0036 D1B2     		uxtb	r1, r2
 302 0038 FA79     		ldrb	r2, [r7, #7]	@ zero_extendqisi2
 303 003a 02F00C02 		and	r2, r2, #12
 304 003e 41EA0202 		orr	r2, r1, r2
 305 0042 D2B2     		uxtb	r2, r2
 306 0044 1A70     		strb	r2, [r3, #0]
 232:.\Generated_Source\PSoC5/VDAC8_1.c ****     VDAC8_1_DacTrim();
 307              		.loc 1 232 0
 308 0046 FFF7FEFF 		bl	VDAC8_1_DacTrim
 233:.\Generated_Source\PSoC5/VDAC8_1.c **** }
 309              		.loc 1 233 0
 310 004a 07F10807 		add	r7, r7, #8
 311 004e BD46     		mov	sp, r7
 312 0050 80BD     		pop	{r7, pc}
 313              		.cfi_endproc
 314              	.LFE5:
 315              		.size	VDAC8_1_SetRange, .-VDAC8_1_SetRange
 316 0052 00BF     		.section	.text.VDAC8_1_SetValue,"ax",%progbits
 317              		.align	2
 318              		.global	VDAC8_1_SetValue
 319              		.thumb
 320              		.thumb_func
 321              		.type	VDAC8_1_SetValue, %function
 322              	VDAC8_1_SetValue:
 323              	.LFB6:
 234:.\Generated_Source\PSoC5/VDAC8_1.c **** 
 235:.\Generated_Source\PSoC5/VDAC8_1.c **** 
 236:.\Generated_Source\PSoC5/VDAC8_1.c **** /*******************************************************************************
 237:.\Generated_Source\PSoC5/VDAC8_1.c **** * Function Name: VDAC8_1_SetValue
 238:.\Generated_Source\PSoC5/VDAC8_1.c **** ********************************************************************************
 239:.\Generated_Source\PSoC5/VDAC8_1.c **** *
 240:.\Generated_Source\PSoC5/VDAC8_1.c **** * Summary:
 241:.\Generated_Source\PSoC5/VDAC8_1.c **** *  Set 8-bit DAC value
 242:.\Generated_Source\PSoC5/VDAC8_1.c **** *
 243:.\Generated_Source\PSoC5/VDAC8_1.c **** * Parameters:  
ARM GAS  C:\Users\RAPHAE~1\AppData\Local\Temp\cci4gtaY.s 			page 11


 244:.\Generated_Source\PSoC5/VDAC8_1.c **** *  value:  Sets DAC value between 0 and 255.
 245:.\Generated_Source\PSoC5/VDAC8_1.c **** *
 246:.\Generated_Source\PSoC5/VDAC8_1.c **** * Return: 
 247:.\Generated_Source\PSoC5/VDAC8_1.c **** *  void 
 248:.\Generated_Source\PSoC5/VDAC8_1.c **** *
 249:.\Generated_Source\PSoC5/VDAC8_1.c **** * Theory: 
 250:.\Generated_Source\PSoC5/VDAC8_1.c **** *
 251:.\Generated_Source\PSoC5/VDAC8_1.c **** * Side Effects:
 252:.\Generated_Source\PSoC5/VDAC8_1.c **** *
 253:.\Generated_Source\PSoC5/VDAC8_1.c **** *******************************************************************************/
 254:.\Generated_Source\PSoC5/VDAC8_1.c **** void VDAC8_1_SetValue(uint8 value) 
 255:.\Generated_Source\PSoC5/VDAC8_1.c **** {
 324              		.loc 1 255 0
 325              		.cfi_startproc
 326              		@ args = 0, pretend = 0, frame = 8
 327              		@ frame_needed = 1, uses_anonymous_args = 0
 328              		@ link register save eliminated.
 329 0000 80B4     		push	{r7}
 330              	.LCFI14:
 331              		.cfi_def_cfa_offset 4
 332 0002 83B0     		sub	sp, sp, #12
 333              	.LCFI15:
 334              		.cfi_def_cfa_offset 16
 335 0004 00AF     		add	r7, sp, #0
 336              		.cfi_offset 7, -4
 337              	.LCFI16:
 338              		.cfi_def_cfa_register 7
 339 0006 0346     		mov	r3, r0
 340 0008 FB71     		strb	r3, [r7, #7]
 256:.\Generated_Source\PSoC5/VDAC8_1.c ****     #if (CY_PSOC5A)
 257:.\Generated_Source\PSoC5/VDAC8_1.c ****         uint8 VDAC8_1_intrStatus = CyEnterCriticalSection();
 258:.\Generated_Source\PSoC5/VDAC8_1.c ****     #endif /* CY_PSOC5A */
 259:.\Generated_Source\PSoC5/VDAC8_1.c **** 
 260:.\Generated_Source\PSoC5/VDAC8_1.c ****     VDAC8_1_Data = value;                /*  Set Value  */
 341              		.loc 1 260 0
 342 000a 45F68033 		movw	r3, #:lower16:1073765248
 343 000e C4F20003 		movt	r3, #:upper16:1073765248
 344 0012 FA79     		ldrb	r2, [r7, #7]
 345 0014 1A70     		strb	r2, [r3, #0]
 261:.\Generated_Source\PSoC5/VDAC8_1.c **** 
 262:.\Generated_Source\PSoC5/VDAC8_1.c ****     /* PSOC5A requires a double write */
 263:.\Generated_Source\PSoC5/VDAC8_1.c ****     /* Exit Critical Section */
 264:.\Generated_Source\PSoC5/VDAC8_1.c ****     #if (CY_PSOC5A)
 265:.\Generated_Source\PSoC5/VDAC8_1.c ****         VDAC8_1_Data = value;
 266:.\Generated_Source\PSoC5/VDAC8_1.c ****         CyExitCriticalSection(VDAC8_1_intrStatus);
 267:.\Generated_Source\PSoC5/VDAC8_1.c ****     #endif /* CY_PSOC5A */
 268:.\Generated_Source\PSoC5/VDAC8_1.c **** }
 346              		.loc 1 268 0
 347 0016 07F10C07 		add	r7, r7, #12
 348 001a BD46     		mov	sp, r7
 349 001c 80BC     		pop	{r7}
 350 001e 7047     		bx	lr
 351              		.cfi_endproc
 352              	.LFE6:
 353              		.size	VDAC8_1_SetValue, .-VDAC8_1_SetValue
 354              		.section	.text.VDAC8_1_DacTrim,"ax",%progbits
 355              		.align	2
ARM GAS  C:\Users\RAPHAE~1\AppData\Local\Temp\cci4gtaY.s 			page 12


 356              		.global	VDAC8_1_DacTrim
 357              		.thumb
 358              		.thumb_func
 359              		.type	VDAC8_1_DacTrim, %function
 360              	VDAC8_1_DacTrim:
 361              	.LFB7:
 269:.\Generated_Source\PSoC5/VDAC8_1.c **** 
 270:.\Generated_Source\PSoC5/VDAC8_1.c **** 
 271:.\Generated_Source\PSoC5/VDAC8_1.c **** /*******************************************************************************
 272:.\Generated_Source\PSoC5/VDAC8_1.c **** * Function Name: VDAC8_1_DacTrim
 273:.\Generated_Source\PSoC5/VDAC8_1.c **** ********************************************************************************
 274:.\Generated_Source\PSoC5/VDAC8_1.c **** *
 275:.\Generated_Source\PSoC5/VDAC8_1.c **** * Summary:
 276:.\Generated_Source\PSoC5/VDAC8_1.c **** *  Set the trim value for the given range.
 277:.\Generated_Source\PSoC5/VDAC8_1.c **** *
 278:.\Generated_Source\PSoC5/VDAC8_1.c **** * Parameters:
 279:.\Generated_Source\PSoC5/VDAC8_1.c **** *  range:  1V or 4V range.  See constants.
 280:.\Generated_Source\PSoC5/VDAC8_1.c **** *
 281:.\Generated_Source\PSoC5/VDAC8_1.c **** * Return:
 282:.\Generated_Source\PSoC5/VDAC8_1.c **** *  void
 283:.\Generated_Source\PSoC5/VDAC8_1.c **** *
 284:.\Generated_Source\PSoC5/VDAC8_1.c **** * Theory: 
 285:.\Generated_Source\PSoC5/VDAC8_1.c **** *
 286:.\Generated_Source\PSoC5/VDAC8_1.c **** * Side Effects:
 287:.\Generated_Source\PSoC5/VDAC8_1.c **** *
 288:.\Generated_Source\PSoC5/VDAC8_1.c **** *******************************************************************************/
 289:.\Generated_Source\PSoC5/VDAC8_1.c **** void VDAC8_1_DacTrim(void) 
 290:.\Generated_Source\PSoC5/VDAC8_1.c **** {
 362              		.loc 1 290 0
 363              		.cfi_startproc
 364              		@ args = 0, pretend = 0, frame = 8
 365              		@ frame_needed = 1, uses_anonymous_args = 0
 366              		@ link register save eliminated.
 367 0000 80B4     		push	{r7}
 368              	.LCFI17:
 369              		.cfi_def_cfa_offset 4
 370 0002 83B0     		sub	sp, sp, #12
 371              	.LCFI18:
 372              		.cfi_def_cfa_offset 16
 373 0004 00AF     		add	r7, sp, #0
 374              		.cfi_offset 7, -4
 375              	.LCFI19:
 376              		.cfi_def_cfa_register 7
 291:.\Generated_Source\PSoC5/VDAC8_1.c ****     uint8 mode;
 292:.\Generated_Source\PSoC5/VDAC8_1.c **** 
 293:.\Generated_Source\PSoC5/VDAC8_1.c ****     mode = (uint8)((VDAC8_1_CR0 & VDAC8_1_RANGE_MASK) >> 2) + VDAC8_1_TRIM_M7_1V_RNG_OFFSET;
 377              		.loc 1 293 0
 378 0006 45F62003 		movw	r3, #:lower16:1073764384
 379 000a C4F20003 		movt	r3, #:upper16:1073764384
 380 000e 1B78     		ldrb	r3, [r3, #0]
 381 0010 DBB2     		uxtb	r3, r3
 382 0012 03F00C03 		and	r3, r3, #12
 383 0016 4FEA9303 		lsr	r3, r3, #2
 384 001a DBB2     		uxtb	r3, r3
 385 001c 03F10603 		add	r3, r3, #6
 386 0020 FB71     		strb	r3, [r7, #7]
 294:.\Generated_Source\PSoC5/VDAC8_1.c ****     VDAC8_1_TR = CY_GET_XTND_REG8((uint8 *)(VDAC8_1_DAC_TRIM_BASE + mode));
ARM GAS  C:\Users\RAPHAE~1\AppData\Local\Temp\cci4gtaY.s 			page 13


 387              		.loc 1 294 0
 388 0022 44F20863 		movw	r3, #:lower16:1073759752
 389 0026 C4F20003 		movt	r3, #:upper16:1073759752
 390 002a FA79     		ldrb	r2, [r7, #7]	@ zero_extendqisi2
 391 002c 02F19242 		add	r2, r2, #1224736768
 392 0030 02F59072 		add	r2, r2, #288
 393 0034 1278     		ldrb	r2, [r2, #0]
 394 0036 D2B2     		uxtb	r2, r2
 395 0038 1A70     		strb	r2, [r3, #0]
 295:.\Generated_Source\PSoC5/VDAC8_1.c **** }
 396              		.loc 1 295 0
 397 003a 07F10C07 		add	r7, r7, #12
 398 003e BD46     		mov	sp, r7
 399 0040 80BC     		pop	{r7}
 400 0042 7047     		bx	lr
 401              		.cfi_endproc
 402              	.LFE7:
 403              		.size	VDAC8_1_DacTrim, .-VDAC8_1_DacTrim
 404              		.text
 405              	.Letext0:
 406              		.section	.debug_loc,"",%progbits
 407              	.Ldebug_loc0:
 408              	.LLST0:
 409 0000 00000000 		.4byte	.LFB0
 410 0004 02000000 		.4byte	.LCFI0
 411 0008 0100     		.2byte	0x1
 412 000a 5D       		.byte	0x5d
 413 000b 02000000 		.4byte	.LCFI0
 414 000f 04000000 		.4byte	.LCFI1
 415 0013 0200     		.2byte	0x2
 416 0015 7D       		.byte	0x7d
 417 0016 08       		.sleb128 8
 418 0017 04000000 		.4byte	.LCFI1
 419 001b 32000000 		.4byte	.LFE0
 420 001f 0200     		.2byte	0x2
 421 0021 77       		.byte	0x77
 422 0022 08       		.sleb128 8
 423 0023 00000000 		.4byte	0x0
 424 0027 00000000 		.4byte	0x0
 425              	.LLST1:
 426 002b 00000000 		.4byte	.LFB1
 427 002f 02000000 		.4byte	.LCFI2
 428 0033 0100     		.2byte	0x1
 429 0035 5D       		.byte	0x5d
 430 0036 02000000 		.4byte	.LCFI2
 431 003a 04000000 		.4byte	.LCFI3
 432 003e 0200     		.2byte	0x2
 433 0040 7D       		.byte	0x7d
 434 0041 04       		.sleb128 4
 435 0042 04000000 		.4byte	.LCFI3
 436 0046 42000000 		.4byte	.LFE1
 437 004a 0200     		.2byte	0x2
 438 004c 77       		.byte	0x77
 439 004d 04       		.sleb128 4
 440 004e 00000000 		.4byte	0x0
 441 0052 00000000 		.4byte	0x0
 442              	.LLST2:
ARM GAS  C:\Users\RAPHAE~1\AppData\Local\Temp\cci4gtaY.s 			page 14


 443 0056 00000000 		.4byte	.LFB2
 444 005a 02000000 		.4byte	.LCFI4
 445 005e 0100     		.2byte	0x1
 446 0060 5D       		.byte	0x5d
 447 0061 02000000 		.4byte	.LCFI4
 448 0065 04000000 		.4byte	.LCFI5
 449 0069 0200     		.2byte	0x2
 450 006b 7D       		.byte	0x7d
 451 006c 08       		.sleb128 8
 452 006d 04000000 		.4byte	.LCFI5
 453 0071 32000000 		.4byte	.LFE2
 454 0075 0200     		.2byte	0x2
 455 0077 77       		.byte	0x77
 456 0078 08       		.sleb128 8
 457 0079 00000000 		.4byte	0x0
 458 007d 00000000 		.4byte	0x0
 459              	.LLST3:
 460 0081 00000000 		.4byte	.LFB3
 461 0085 02000000 		.4byte	.LCFI6
 462 0089 0100     		.2byte	0x1
 463 008b 5D       		.byte	0x5d
 464 008c 02000000 		.4byte	.LCFI6
 465 0090 04000000 		.4byte	.LCFI7
 466 0094 0200     		.2byte	0x2
 467 0096 7D       		.byte	0x7d
 468 0097 04       		.sleb128 4
 469 0098 04000000 		.4byte	.LCFI7
 470 009c 3E000000 		.4byte	.LFE3
 471 00a0 0200     		.2byte	0x2
 472 00a2 77       		.byte	0x77
 473 00a3 04       		.sleb128 4
 474 00a4 00000000 		.4byte	0x0
 475 00a8 00000000 		.4byte	0x0
 476              	.LLST4:
 477 00ac 00000000 		.4byte	.LFB4
 478 00b0 02000000 		.4byte	.LCFI8
 479 00b4 0100     		.2byte	0x1
 480 00b6 5D       		.byte	0x5d
 481 00b7 02000000 		.4byte	.LCFI8
 482 00bb 04000000 		.4byte	.LCFI9
 483 00bf 0200     		.2byte	0x2
 484 00c1 7D       		.byte	0x7d
 485 00c2 04       		.sleb128 4
 486 00c3 04000000 		.4byte	.LCFI9
 487 00c7 06000000 		.4byte	.LCFI10
 488 00cb 0200     		.2byte	0x2
 489 00cd 7D       		.byte	0x7d
 490 00ce 10       		.sleb128 16
 491 00cf 06000000 		.4byte	.LCFI10
 492 00d3 50000000 		.4byte	.LFE4
 493 00d7 0200     		.2byte	0x2
 494 00d9 77       		.byte	0x77
 495 00da 10       		.sleb128 16
 496 00db 00000000 		.4byte	0x0
 497 00df 00000000 		.4byte	0x0
 498              	.LLST5:
 499 00e3 00000000 		.4byte	.LFB5
ARM GAS  C:\Users\RAPHAE~1\AppData\Local\Temp\cci4gtaY.s 			page 15


 500 00e7 02000000 		.4byte	.LCFI11
 501 00eb 0100     		.2byte	0x1
 502 00ed 5D       		.byte	0x5d
 503 00ee 02000000 		.4byte	.LCFI11
 504 00f2 04000000 		.4byte	.LCFI12
 505 00f6 0200     		.2byte	0x2
 506 00f8 7D       		.byte	0x7d
 507 00f9 08       		.sleb128 8
 508 00fa 04000000 		.4byte	.LCFI12
 509 00fe 06000000 		.4byte	.LCFI13
 510 0102 0200     		.2byte	0x2
 511 0104 7D       		.byte	0x7d
 512 0105 10       		.sleb128 16
 513 0106 06000000 		.4byte	.LCFI13
 514 010a 52000000 		.4byte	.LFE5
 515 010e 0200     		.2byte	0x2
 516 0110 77       		.byte	0x77
 517 0111 10       		.sleb128 16
 518 0112 00000000 		.4byte	0x0
 519 0116 00000000 		.4byte	0x0
 520              	.LLST6:
 521 011a 00000000 		.4byte	.LFB6
 522 011e 02000000 		.4byte	.LCFI14
 523 0122 0100     		.2byte	0x1
 524 0124 5D       		.byte	0x5d
 525 0125 02000000 		.4byte	.LCFI14
 526 0129 04000000 		.4byte	.LCFI15
 527 012d 0200     		.2byte	0x2
 528 012f 7D       		.byte	0x7d
 529 0130 04       		.sleb128 4
 530 0131 04000000 		.4byte	.LCFI15
 531 0135 06000000 		.4byte	.LCFI16
 532 0139 0200     		.2byte	0x2
 533 013b 7D       		.byte	0x7d
 534 013c 10       		.sleb128 16
 535 013d 06000000 		.4byte	.LCFI16
 536 0141 20000000 		.4byte	.LFE6
 537 0145 0200     		.2byte	0x2
 538 0147 77       		.byte	0x77
 539 0148 10       		.sleb128 16
 540 0149 00000000 		.4byte	0x0
 541 014d 00000000 		.4byte	0x0
 542              	.LLST7:
 543 0151 00000000 		.4byte	.LFB7
 544 0155 02000000 		.4byte	.LCFI17
 545 0159 0100     		.2byte	0x1
 546 015b 5D       		.byte	0x5d
 547 015c 02000000 		.4byte	.LCFI17
 548 0160 04000000 		.4byte	.LCFI18
 549 0164 0200     		.2byte	0x2
 550 0166 7D       		.byte	0x7d
 551 0167 04       		.sleb128 4
 552 0168 04000000 		.4byte	.LCFI18
 553 016c 06000000 		.4byte	.LCFI19
 554 0170 0200     		.2byte	0x2
 555 0172 7D       		.byte	0x7d
 556 0173 10       		.sleb128 16
ARM GAS  C:\Users\RAPHAE~1\AppData\Local\Temp\cci4gtaY.s 			page 16


 557 0174 06000000 		.4byte	.LCFI19
 558 0178 44000000 		.4byte	.LFE7
 559 017c 0200     		.2byte	0x2
 560 017e 77       		.byte	0x77
 561 017f 10       		.sleb128 16
 562 0180 00000000 		.4byte	0x0
 563 0184 00000000 		.4byte	0x0
 564              		.file 2 ".\\Generated_Source\\PSoC5\\/cytypes.h"
 565              		.section	.debug_info
 566 0000 94010000 		.4byte	0x194
 567 0004 0200     		.2byte	0x2
 568 0006 00000000 		.4byte	.Ldebug_abbrev0
 569 000a 04       		.byte	0x4
 570 000b 01       		.uleb128 0x1
 571 000c 66010000 		.4byte	.LASF23
 572 0010 01       		.byte	0x1
 573 0011 10010000 		.4byte	.LASF24
 574 0015 B2000000 		.4byte	.LASF25
 575 0019 00000000 		.4byte	0x0
 576 001d 00000000 		.4byte	0x0
 577 0021 00000000 		.4byte	.Ldebug_ranges0+0x0
 578 0025 00000000 		.4byte	.Ldebug_line0
 579 0029 02       		.uleb128 0x2
 580 002a 01       		.byte	0x1
 581 002b 06       		.byte	0x6
 582 002c AD010000 		.4byte	.LASF0
 583 0030 02       		.uleb128 0x2
 584 0031 01       		.byte	0x1
 585 0032 08       		.byte	0x8
 586 0033 55000000 		.4byte	.LASF1
 587 0037 02       		.uleb128 0x2
 588 0038 02       		.byte	0x2
 589 0039 05       		.byte	0x5
 590 003a 94010000 		.4byte	.LASF2
 591 003e 02       		.uleb128 0x2
 592 003f 02       		.byte	0x2
 593 0040 07       		.byte	0x7
 594 0041 84000000 		.4byte	.LASF3
 595 0045 02       		.uleb128 0x2
 596 0046 04       		.byte	0x4
 597 0047 05       		.byte	0x5
 598 0048 A4010000 		.4byte	.LASF4
 599 004c 02       		.uleb128 0x2
 600 004d 04       		.byte	0x4
 601 004e 07       		.byte	0x7
 602 004f 72000000 		.4byte	.LASF5
 603 0053 02       		.uleb128 0x2
 604 0054 08       		.byte	0x8
 605 0055 05       		.byte	0x5
 606 0056 00000000 		.4byte	.LASF6
 607 005a 02       		.uleb128 0x2
 608 005b 08       		.byte	0x8
 609 005c 07       		.byte	0x7
 610 005d 33010000 		.4byte	.LASF7
 611 0061 03       		.uleb128 0x3
 612 0062 04       		.byte	0x4
 613 0063 05       		.byte	0x5
ARM GAS  C:\Users\RAPHAE~1\AppData\Local\Temp\cci4gtaY.s 			page 17


 614 0064 696E7400 		.ascii	"int\000"
 615 0068 02       		.uleb128 0x2
 616 0069 04       		.byte	0x4
 617 006a 07       		.byte	0x7
 618 006b 31000000 		.4byte	.LASF8
 619 006f 04       		.uleb128 0x4
 620 0070 9E010000 		.4byte	.LASF26
 621 0074 02       		.byte	0x2
 622 0075 4C       		.byte	0x4c
 623 0076 30000000 		.4byte	0x30
 624 007a 02       		.uleb128 0x2
 625 007b 04       		.byte	0x4
 626 007c 04       		.byte	0x4
 627 007d 4F000000 		.4byte	.LASF9
 628 0081 02       		.uleb128 0x2
 629 0082 08       		.byte	0x8
 630 0083 04       		.byte	0x4
 631 0084 AB000000 		.4byte	.LASF10
 632 0088 02       		.uleb128 0x2
 633 0089 01       		.byte	0x1
 634 008a 08       		.byte	0x8
 635 008b 7F010000 		.4byte	.LASF11
 636 008f 05       		.uleb128 0x5
 637 0090 01       		.byte	0x1
 638 0091 72010000 		.4byte	.LASF12
 639 0095 01       		.byte	0x1
 640 0096 37       		.byte	0x37
 641 0097 01       		.byte	0x1
 642 0098 00000000 		.4byte	.LFB0
 643 009c 32000000 		.4byte	.LFE0
 644 00a0 00000000 		.4byte	.LLST0
 645 00a4 05       		.uleb128 0x5
 646 00a5 01       		.byte	0x1
 647 00a6 63000000 		.4byte	.LASF13
 648 00aa 01       		.byte	0x1
 649 00ab 60       		.byte	0x60
 650 00ac 01       		.byte	0x1
 651 00ad 00000000 		.4byte	.LFB1
 652 00b1 42000000 		.4byte	.LFE1
 653 00b5 2B000000 		.4byte	.LLST1
 654 00b9 05       		.uleb128 0x5
 655 00ba 01       		.byte	0x1
 656 00bb 9D000000 		.4byte	.LASF14
 657 00bf 01       		.byte	0x1
 658 00c0 85       		.byte	0x85
 659 00c1 01       		.byte	0x1
 660 00c2 00000000 		.4byte	.LFB2
 661 00c6 32000000 		.4byte	.LFE2
 662 00ca 56000000 		.4byte	.LLST2
 663 00ce 05       		.uleb128 0x5
 664 00cf 01       		.byte	0x1
 665 00d0 1E000000 		.4byte	.LASF15
 666 00d4 01       		.byte	0x1
 667 00d5 A8       		.byte	0xa8
 668 00d6 01       		.byte	0x1
 669 00d7 00000000 		.4byte	.LFB3
 670 00db 3E000000 		.4byte	.LFE3
ARM GAS  C:\Users\RAPHAE~1\AppData\Local\Temp\cci4gtaY.s 			page 18


 671 00df 81000000 		.4byte	.LLST3
 672 00e3 06       		.uleb128 0x6
 673 00e4 01       		.byte	0x1
 674 00e5 3E000000 		.4byte	.LASF16
 675 00e9 01       		.byte	0x1
 676 00ea CA       		.byte	0xca
 677 00eb 01       		.byte	0x1
 678 00ec 00000000 		.4byte	.LFB4
 679 00f0 50000000 		.4byte	.LFE4
 680 00f4 AC000000 		.4byte	.LLST4
 681 00f8 0B010000 		.4byte	0x10b
 682 00fc 07       		.uleb128 0x7
 683 00fd 60010000 		.4byte	.LASF18
 684 0101 01       		.byte	0x1
 685 0102 CA       		.byte	0xca
 686 0103 6F000000 		.4byte	0x6f
 687 0107 02       		.byte	0x2
 688 0108 91       		.byte	0x91
 689 0109 77       		.sleb128 -9
 690 010a 00       		.byte	0x0
 691 010b 06       		.uleb128 0x6
 692 010c 01       		.byte	0x1
 693 010d B9010000 		.4byte	.LASF17
 694 0111 01       		.byte	0x1
 695 0112 E4       		.byte	0xe4
 696 0113 01       		.byte	0x1
 697 0114 00000000 		.4byte	.LFB5
 698 0118 52000000 		.4byte	.LFE5
 699 011c E3000000 		.4byte	.LLST5
 700 0120 33010000 		.4byte	0x133
 701 0124 07       		.uleb128 0x7
 702 0125 97000000 		.4byte	.LASF19
 703 0129 01       		.byte	0x1
 704 012a E4       		.byte	0xe4
 705 012b 6F000000 		.4byte	0x6f
 706 012f 02       		.byte	0x2
 707 0130 91       		.byte	0x91
 708 0131 77       		.sleb128 -9
 709 0132 00       		.byte	0x0
 710 0133 06       		.uleb128 0x6
 711 0134 01       		.byte	0x1
 712 0135 4A010000 		.4byte	.LASF20
 713 0139 01       		.byte	0x1
 714 013a FE       		.byte	0xfe
 715 013b 01       		.byte	0x1
 716 013c 00000000 		.4byte	.LFB6
 717 0140 20000000 		.4byte	.LFE6
 718 0144 1A010000 		.4byte	.LLST6
 719 0148 5B010000 		.4byte	0x15b
 720 014c 07       		.uleb128 0x7
 721 014d 2B000000 		.4byte	.LASF21
 722 0151 01       		.byte	0x1
 723 0152 FE       		.byte	0xfe
 724 0153 6F000000 		.4byte	0x6f
 725 0157 02       		.byte	0x2
 726 0158 91       		.byte	0x91
 727 0159 77       		.sleb128 -9
ARM GAS  C:\Users\RAPHAE~1\AppData\Local\Temp\cci4gtaY.s 			page 19


 728 015a 00       		.byte	0x0
 729 015b 08       		.uleb128 0x8
 730 015c 01       		.byte	0x1
 731 015d 0E000000 		.4byte	.LASF22
 732 0161 01       		.byte	0x1
 733 0162 2101     		.2byte	0x121
 734 0164 01       		.byte	0x1
 735 0165 00000000 		.4byte	.LFB7
 736 0169 44000000 		.4byte	.LFE7
 737 016d 51010000 		.4byte	.LLST7
 738 0171 85010000 		.4byte	0x185
 739 0175 09       		.uleb128 0x9
 740 0176 5B010000 		.4byte	.LASF27
 741 017a 01       		.byte	0x1
 742 017b 2301     		.2byte	0x123
 743 017d 6F000000 		.4byte	0x6f
 744 0181 02       		.byte	0x2
 745 0182 91       		.byte	0x91
 746 0183 77       		.sleb128 -9
 747 0184 00       		.byte	0x0
 748 0185 0A       		.uleb128 0xa
 749 0186 84010000 		.4byte	.LASF28
 750 018a 01       		.byte	0x1
 751 018b 1B       		.byte	0x1b
 752 018c 6F000000 		.4byte	0x6f
 753 0190 01       		.byte	0x1
 754 0191 05       		.byte	0x5
 755 0192 03       		.byte	0x3
 756 0193 00000000 		.4byte	VDAC8_1_initVar
 757 0197 00       		.byte	0x0
 758              		.section	.debug_abbrev
 759 0000 01       		.uleb128 0x1
 760 0001 11       		.uleb128 0x11
 761 0002 01       		.byte	0x1
 762 0003 25       		.uleb128 0x25
 763 0004 0E       		.uleb128 0xe
 764 0005 13       		.uleb128 0x13
 765 0006 0B       		.uleb128 0xb
 766 0007 03       		.uleb128 0x3
 767 0008 0E       		.uleb128 0xe
 768 0009 1B       		.uleb128 0x1b
 769 000a 0E       		.uleb128 0xe
 770 000b 11       		.uleb128 0x11
 771 000c 01       		.uleb128 0x1
 772 000d 52       		.uleb128 0x52
 773 000e 01       		.uleb128 0x1
 774 000f 55       		.uleb128 0x55
 775 0010 06       		.uleb128 0x6
 776 0011 10       		.uleb128 0x10
 777 0012 06       		.uleb128 0x6
 778 0013 00       		.byte	0x0
 779 0014 00       		.byte	0x0
 780 0015 02       		.uleb128 0x2
 781 0016 24       		.uleb128 0x24
 782 0017 00       		.byte	0x0
 783 0018 0B       		.uleb128 0xb
 784 0019 0B       		.uleb128 0xb
ARM GAS  C:\Users\RAPHAE~1\AppData\Local\Temp\cci4gtaY.s 			page 20


 785 001a 3E       		.uleb128 0x3e
 786 001b 0B       		.uleb128 0xb
 787 001c 03       		.uleb128 0x3
 788 001d 0E       		.uleb128 0xe
 789 001e 00       		.byte	0x0
 790 001f 00       		.byte	0x0
 791 0020 03       		.uleb128 0x3
 792 0021 24       		.uleb128 0x24
 793 0022 00       		.byte	0x0
 794 0023 0B       		.uleb128 0xb
 795 0024 0B       		.uleb128 0xb
 796 0025 3E       		.uleb128 0x3e
 797 0026 0B       		.uleb128 0xb
 798 0027 03       		.uleb128 0x3
 799 0028 08       		.uleb128 0x8
 800 0029 00       		.byte	0x0
 801 002a 00       		.byte	0x0
 802 002b 04       		.uleb128 0x4
 803 002c 16       		.uleb128 0x16
 804 002d 00       		.byte	0x0
 805 002e 03       		.uleb128 0x3
 806 002f 0E       		.uleb128 0xe
 807 0030 3A       		.uleb128 0x3a
 808 0031 0B       		.uleb128 0xb
 809 0032 3B       		.uleb128 0x3b
 810 0033 0B       		.uleb128 0xb
 811 0034 49       		.uleb128 0x49
 812 0035 13       		.uleb128 0x13
 813 0036 00       		.byte	0x0
 814 0037 00       		.byte	0x0
 815 0038 05       		.uleb128 0x5
 816 0039 2E       		.uleb128 0x2e
 817 003a 00       		.byte	0x0
 818 003b 3F       		.uleb128 0x3f
 819 003c 0C       		.uleb128 0xc
 820 003d 03       		.uleb128 0x3
 821 003e 0E       		.uleb128 0xe
 822 003f 3A       		.uleb128 0x3a
 823 0040 0B       		.uleb128 0xb
 824 0041 3B       		.uleb128 0x3b
 825 0042 0B       		.uleb128 0xb
 826 0043 27       		.uleb128 0x27
 827 0044 0C       		.uleb128 0xc
 828 0045 11       		.uleb128 0x11
 829 0046 01       		.uleb128 0x1
 830 0047 12       		.uleb128 0x12
 831 0048 01       		.uleb128 0x1
 832 0049 40       		.uleb128 0x40
 833 004a 06       		.uleb128 0x6
 834 004b 00       		.byte	0x0
 835 004c 00       		.byte	0x0
 836 004d 06       		.uleb128 0x6
 837 004e 2E       		.uleb128 0x2e
 838 004f 01       		.byte	0x1
 839 0050 3F       		.uleb128 0x3f
 840 0051 0C       		.uleb128 0xc
 841 0052 03       		.uleb128 0x3
ARM GAS  C:\Users\RAPHAE~1\AppData\Local\Temp\cci4gtaY.s 			page 21


 842 0053 0E       		.uleb128 0xe
 843 0054 3A       		.uleb128 0x3a
 844 0055 0B       		.uleb128 0xb
 845 0056 3B       		.uleb128 0x3b
 846 0057 0B       		.uleb128 0xb
 847 0058 27       		.uleb128 0x27
 848 0059 0C       		.uleb128 0xc
 849 005a 11       		.uleb128 0x11
 850 005b 01       		.uleb128 0x1
 851 005c 12       		.uleb128 0x12
 852 005d 01       		.uleb128 0x1
 853 005e 40       		.uleb128 0x40
 854 005f 06       		.uleb128 0x6
 855 0060 01       		.uleb128 0x1
 856 0061 13       		.uleb128 0x13
 857 0062 00       		.byte	0x0
 858 0063 00       		.byte	0x0
 859 0064 07       		.uleb128 0x7
 860 0065 05       		.uleb128 0x5
 861 0066 00       		.byte	0x0
 862 0067 03       		.uleb128 0x3
 863 0068 0E       		.uleb128 0xe
 864 0069 3A       		.uleb128 0x3a
 865 006a 0B       		.uleb128 0xb
 866 006b 3B       		.uleb128 0x3b
 867 006c 0B       		.uleb128 0xb
 868 006d 49       		.uleb128 0x49
 869 006e 13       		.uleb128 0x13
 870 006f 02       		.uleb128 0x2
 871 0070 0A       		.uleb128 0xa
 872 0071 00       		.byte	0x0
 873 0072 00       		.byte	0x0
 874 0073 08       		.uleb128 0x8
 875 0074 2E       		.uleb128 0x2e
 876 0075 01       		.byte	0x1
 877 0076 3F       		.uleb128 0x3f
 878 0077 0C       		.uleb128 0xc
 879 0078 03       		.uleb128 0x3
 880 0079 0E       		.uleb128 0xe
 881 007a 3A       		.uleb128 0x3a
 882 007b 0B       		.uleb128 0xb
 883 007c 3B       		.uleb128 0x3b
 884 007d 05       		.uleb128 0x5
 885 007e 27       		.uleb128 0x27
 886 007f 0C       		.uleb128 0xc
 887 0080 11       		.uleb128 0x11
 888 0081 01       		.uleb128 0x1
 889 0082 12       		.uleb128 0x12
 890 0083 01       		.uleb128 0x1
 891 0084 40       		.uleb128 0x40
 892 0085 06       		.uleb128 0x6
 893 0086 01       		.uleb128 0x1
 894 0087 13       		.uleb128 0x13
 895 0088 00       		.byte	0x0
 896 0089 00       		.byte	0x0
 897 008a 09       		.uleb128 0x9
 898 008b 34       		.uleb128 0x34
ARM GAS  C:\Users\RAPHAE~1\AppData\Local\Temp\cci4gtaY.s 			page 22


 899 008c 00       		.byte	0x0
 900 008d 03       		.uleb128 0x3
 901 008e 0E       		.uleb128 0xe
 902 008f 3A       		.uleb128 0x3a
 903 0090 0B       		.uleb128 0xb
 904 0091 3B       		.uleb128 0x3b
 905 0092 05       		.uleb128 0x5
 906 0093 49       		.uleb128 0x49
 907 0094 13       		.uleb128 0x13
 908 0095 02       		.uleb128 0x2
 909 0096 0A       		.uleb128 0xa
 910 0097 00       		.byte	0x0
 911 0098 00       		.byte	0x0
 912 0099 0A       		.uleb128 0xa
 913 009a 34       		.uleb128 0x34
 914 009b 00       		.byte	0x0
 915 009c 03       		.uleb128 0x3
 916 009d 0E       		.uleb128 0xe
 917 009e 3A       		.uleb128 0x3a
 918 009f 0B       		.uleb128 0xb
 919 00a0 3B       		.uleb128 0x3b
 920 00a1 0B       		.uleb128 0xb
 921 00a2 49       		.uleb128 0x49
 922 00a3 13       		.uleb128 0x13
 923 00a4 3F       		.uleb128 0x3f
 924 00a5 0C       		.uleb128 0xc
 925 00a6 02       		.uleb128 0x2
 926 00a7 0A       		.uleb128 0xa
 927 00a8 00       		.byte	0x0
 928 00a9 00       		.byte	0x0
 929 00aa 00       		.byte	0x0
 930              		.section	.debug_pubnames,"",%progbits
 931 0000 BC000000 		.4byte	0xbc
 932 0004 0200     		.2byte	0x2
 933 0006 00000000 		.4byte	.Ldebug_info0
 934 000a 98010000 		.4byte	0x198
 935 000e 8F000000 		.4byte	0x8f
 936 0012 56444143 		.ascii	"VDAC8_1_Init\000"
 936      385F315F 
 936      496E6974 
 936      00
 937 001f A4000000 		.4byte	0xa4
 938 0023 56444143 		.ascii	"VDAC8_1_Enable\000"
 938      385F315F 
 938      456E6162 
 938      6C6500
 939 0032 B9000000 		.4byte	0xb9
 940 0036 56444143 		.ascii	"VDAC8_1_Start\000"
 940      385F315F 
 940      53746172 
 940      7400
 941 0044 CE000000 		.4byte	0xce
 942 0048 56444143 		.ascii	"VDAC8_1_Stop\000"
 942      385F315F 
 942      53746F70 
 942      00
 943 0055 E3000000 		.4byte	0xe3
ARM GAS  C:\Users\RAPHAE~1\AppData\Local\Temp\cci4gtaY.s 			page 23


 944 0059 56444143 		.ascii	"VDAC8_1_SetSpeed\000"
 944      385F315F 
 944      53657453 
 944      70656564 
 944      00
 945 006a 0B010000 		.4byte	0x10b
 946 006e 56444143 		.ascii	"VDAC8_1_SetRange\000"
 946      385F315F 
 946      53657452 
 946      616E6765 
 946      00
 947 007f 33010000 		.4byte	0x133
 948 0083 56444143 		.ascii	"VDAC8_1_SetValue\000"
 948      385F315F 
 948      53657456 
 948      616C7565 
 948      00
 949 0094 5B010000 		.4byte	0x15b
 950 0098 56444143 		.ascii	"VDAC8_1_DacTrim\000"
 950      385F315F 
 950      44616354 
 950      72696D00 
 951 00a8 85010000 		.4byte	0x185
 952 00ac 56444143 		.ascii	"VDAC8_1_initVar\000"
 952      385F315F 
 952      696E6974 
 952      56617200 
 953 00bc 00000000 		.4byte	0x0
 954              		.section	.debug_aranges,"",%progbits
 955 0000 54000000 		.4byte	0x54
 956 0004 0200     		.2byte	0x2
 957 0006 00000000 		.4byte	.Ldebug_info0
 958 000a 04       		.byte	0x4
 959 000b 00       		.byte	0x0
 960 000c 0000     		.2byte	0x0
 961 000e 0000     		.2byte	0x0
 962 0010 00000000 		.4byte	.LFB0
 963 0014 32000000 		.4byte	.LFE0-.LFB0
 964 0018 00000000 		.4byte	.LFB1
 965 001c 42000000 		.4byte	.LFE1-.LFB1
 966 0020 00000000 		.4byte	.LFB2
 967 0024 32000000 		.4byte	.LFE2-.LFB2
 968 0028 00000000 		.4byte	.LFB3
 969 002c 3E000000 		.4byte	.LFE3-.LFB3
 970 0030 00000000 		.4byte	.LFB4
 971 0034 50000000 		.4byte	.LFE4-.LFB4
 972 0038 00000000 		.4byte	.LFB5
 973 003c 52000000 		.4byte	.LFE5-.LFB5
 974 0040 00000000 		.4byte	.LFB6
 975 0044 20000000 		.4byte	.LFE6-.LFB6
 976 0048 00000000 		.4byte	.LFB7
 977 004c 44000000 		.4byte	.LFE7-.LFB7
 978 0050 00000000 		.4byte	0x0
 979 0054 00000000 		.4byte	0x0
 980              		.section	.debug_ranges,"",%progbits
 981              	.Ldebug_ranges0:
 982 0000 00000000 		.4byte	.Ltext0
ARM GAS  C:\Users\RAPHAE~1\AppData\Local\Temp\cci4gtaY.s 			page 24


 983 0004 00000000 		.4byte	.Letext0
 984 0008 00000000 		.4byte	.LFB0
 985 000c 32000000 		.4byte	.LFE0
 986 0010 00000000 		.4byte	.LFB1
 987 0014 42000000 		.4byte	.LFE1
 988 0018 00000000 		.4byte	.LFB2
 989 001c 32000000 		.4byte	.LFE2
 990 0020 00000000 		.4byte	.LFB3
 991 0024 3E000000 		.4byte	.LFE3
 992 0028 00000000 		.4byte	.LFB4
 993 002c 50000000 		.4byte	.LFE4
 994 0030 00000000 		.4byte	.LFB5
 995 0034 52000000 		.4byte	.LFE5
 996 0038 00000000 		.4byte	.LFB6
 997 003c 20000000 		.4byte	.LFE6
 998 0040 00000000 		.4byte	.LFB7
 999 0044 44000000 		.4byte	.LFE7
 1000 0048 00000000 		.4byte	0x0
 1001 004c 00000000 		.4byte	0x0
 1002              		.section	.debug_str,"MS",%progbits,1
 1003              	.LASF6:
 1004 0000 6C6F6E67 		.ascii	"long long int\000"
 1004      206C6F6E 
 1004      6720696E 
 1004      7400
 1005              	.LASF22:
 1006 000e 56444143 		.ascii	"VDAC8_1_DacTrim\000"
 1006      385F315F 
 1006      44616354 
 1006      72696D00 
 1007              	.LASF15:
 1008 001e 56444143 		.ascii	"VDAC8_1_Stop\000"
 1008      385F315F 
 1008      53746F70 
 1008      00
 1009              	.LASF21:
 1010 002b 76616C75 		.ascii	"value\000"
 1010      6500
 1011              	.LASF8:
 1012 0031 756E7369 		.ascii	"unsigned int\000"
 1012      676E6564 
 1012      20696E74 
 1012      00
 1013              	.LASF16:
 1014 003e 56444143 		.ascii	"VDAC8_1_SetSpeed\000"
 1014      385F315F 
 1014      53657453 
 1014      70656564 
 1014      00
 1015              	.LASF9:
 1016 004f 666C6F61 		.ascii	"float\000"
 1016      7400
 1017              	.LASF1:
 1018 0055 756E7369 		.ascii	"unsigned char\000"
 1018      676E6564 
 1018      20636861 
 1018      7200
ARM GAS  C:\Users\RAPHAE~1\AppData\Local\Temp\cci4gtaY.s 			page 25


 1019              	.LASF13:
 1020 0063 56444143 		.ascii	"VDAC8_1_Enable\000"
 1020      385F315F 
 1020      456E6162 
 1020      6C6500
 1021              	.LASF5:
 1022 0072 6C6F6E67 		.ascii	"long unsigned int\000"
 1022      20756E73 
 1022      69676E65 
 1022      6420696E 
 1022      7400
 1023              	.LASF3:
 1024 0084 73686F72 		.ascii	"short unsigned int\000"
 1024      7420756E 
 1024      7369676E 
 1024      65642069 
 1024      6E7400
 1025              	.LASF19:
 1026 0097 72616E67 		.ascii	"range\000"
 1026      6500
 1027              	.LASF14:
 1028 009d 56444143 		.ascii	"VDAC8_1_Start\000"
 1028      385F315F 
 1028      53746172 
 1028      7400
 1029              	.LASF10:
 1030 00ab 646F7562 		.ascii	"double\000"
 1030      6C6500
 1031              	.LASF25:
 1032 00b2 5C5C766D 		.ascii	"\\\\vmware-host\\Shared Folders\\Documents\\Archive"
 1032      77617265 
 1032      2D686F73 
 1032      745C5368 
 1032      61726564 
 1033 00e0 5C536F70 		.ascii	"\\Sophomore Year\\6.115\\Synthdude\\Synthdude.cydsn"
 1033      686F6D6F 
 1033      72652059 
 1033      6561725C 
 1033      362E3131 
 1034 010f 00       		.ascii	"\000"
 1035              	.LASF24:
 1036 0110 2E5C4765 		.ascii	".\\Generated_Source\\PSoC5\\VDAC8_1.c\000"
 1036      6E657261 
 1036      7465645F 
 1036      536F7572 
 1036      63655C50 
 1037              	.LASF7:
 1038 0133 6C6F6E67 		.ascii	"long long unsigned int\000"
 1038      206C6F6E 
 1038      6720756E 
 1038      7369676E 
 1038      65642069 
 1039              	.LASF20:
 1040 014a 56444143 		.ascii	"VDAC8_1_SetValue\000"
 1040      385F315F 
 1040      53657456 
 1040      616C7565 
ARM GAS  C:\Users\RAPHAE~1\AppData\Local\Temp\cci4gtaY.s 			page 26


 1040      00
 1041              	.LASF27:
 1042 015b 6D6F6465 		.ascii	"mode\000"
 1042      00
 1043              	.LASF18:
 1044 0160 73706565 		.ascii	"speed\000"
 1044      6400
 1045              	.LASF23:
 1046 0166 474E5520 		.ascii	"GNU C 4.4.1\000"
 1046      4320342E 
 1046      342E3100 
 1047              	.LASF12:
 1048 0172 56444143 		.ascii	"VDAC8_1_Init\000"
 1048      385F315F 
 1048      496E6974 
 1048      00
 1049              	.LASF11:
 1050 017f 63686172 		.ascii	"char\000"
 1050      00
 1051              	.LASF28:
 1052 0184 56444143 		.ascii	"VDAC8_1_initVar\000"
 1052      385F315F 
 1052      696E6974 
 1052      56617200 
 1053              	.LASF2:
 1054 0194 73686F72 		.ascii	"short int\000"
 1054      7420696E 
 1054      7400
 1055              	.LASF26:
 1056 019e 75696E74 		.ascii	"uint8\000"
 1056      3800
 1057              	.LASF4:
 1058 01a4 6C6F6E67 		.ascii	"long int\000"
 1058      20696E74 
 1058      00
 1059              	.LASF0:
 1060 01ad 7369676E 		.ascii	"signed char\000"
 1060      65642063 
 1060      68617200 
 1061              	.LASF17:
 1062 01b9 56444143 		.ascii	"VDAC8_1_SetRange\000"
 1062      385F315F 
 1062      53657452 
 1062      616E6765 
 1062      00
 1063              		.ident	"GCC: (Sourcery G++ Lite 2010q1-188) 4.4.1"
