Archive member included because of file (symbol)

.\ARM_GCC_493\Debug\Synthdude.a(cyfitter_cfg.o)
                              .\ARM_GCC_493\Debug\Cm3Start.o (cyfitter_cfg)
.\ARM_GCC_493\Debug\Synthdude.a(isr_1.o)
                              .\ARM_GCC_493\Debug\main.o (isr_1_StartEx)
.\ARM_GCC_493\Debug\Synthdude.a(Timer_1.o)
                              .\ARM_GCC_493\Debug\main.o (Timer_1_Start)
.\ARM_GCC_493\Debug\Synthdude.a(UART_1.o)
                              .\ARM_GCC_493\Debug\main.o (UART_1_Start)
.\ARM_GCC_493\Debug\Synthdude.a(UART_1_INT.o)
                              .\ARM_GCC_493\Debug\Synthdude.a(UART_1.o) (UART_1_RXISR)
.\ARM_GCC_493\Debug\Synthdude.a(CyDmac.o)
                              .\ARM_GCC_493\Debug\Cm3Start.o (CyDmacConfigure)
.\ARM_GCC_493\Debug\Synthdude.a(CyLib.o)
                              .\ARM_GCC_493\Debug\Cm3Start.o (CyResetStatus)
.\ARM_GCC_493\Debug\Synthdude.a(cyPm.o)
                              .\ARM_GCC_493\Debug\Synthdude.a(CyLib.o) (CyPmReadStatus)
.\ARM_GCC_493\Debug\Synthdude.a(timer_clock_1.o)
                              .\ARM_GCC_493\Debug\main.o (timer_clock_1_SetDividerRegister)
.\ARM_GCC_493\Debug\Synthdude.a(isr_2.o)
                              .\ARM_GCC_493\Debug\main.o (isr_2_StartEx)
.\ARM_GCC_493\Debug\Synthdude.a(WaveDAC8_1.o)
                              .\ARM_GCC_493\Debug\main.o (WaveDAC8_1_Wave1Setup)
.\ARM_GCC_493\Debug\Synthdude.a(WaveDAC8_1_Wave1_DMA_dma.o)
                              .\ARM_GCC_493\Debug\Synthdude.a(WaveDAC8_1.o) (WaveDAC8_1_Wave1_DMA_DmaInitialize)
.\ARM_GCC_493\Debug\Synthdude.a(WaveDAC8_1_Wave2_DMA_dma.o)
                              .\ARM_GCC_493\Debug\Synthdude.a(WaveDAC8_1.o) (WaveDAC8_1_Wave2_DMA_DmaInitialize)
.\ARM_GCC_493\Debug\Synthdude.a(WaveDAC8_1_VDAC8.o)
                              .\ARM_GCC_493\Debug\Synthdude.a(WaveDAC8_1.o) (WaveDAC8_1_VDAC8_Init)
.\ARM_GCC_493\Debug\Synthdude.a(WaveDAC8_1_BuffAmp.o)
                              .\ARM_GCC_493\Debug\Synthdude.a(WaveDAC8_1.o) (WaveDAC8_1_BuffAmp_Init)
.\ARM_GCC_493\Debug\Synthdude.a(CyBootAsmGnu.o)
                              .\ARM_GCC_493\Debug\Synthdude.a(cyfitter_cfg.o) (CyDelayCycles)
.\ARM_GCC_493\Debug\Synthdude.a(CyFlash.o)
                              .\ARM_GCC_493\Debug\Synthdude.a(cyPm.o) (CyFlash_SetWaitCycles)
.\ARM_GCC_493\Debug\Synthdude.a(CySpc.o)
                              .\ARM_GCC_493\Debug\Synthdude.a(CyFlash.o) (CySpcStart)
c:/program files (x86)/cypress/psoc creator/4.0/psoc creator/import/gnu/arm/4.9.3/bin/../lib/gcc/arm-none-eabi/4.9.3/../../../../arm-none-eabi/lib/armv7-m\libm.a(lib_a-w_pow.o)
                              .\ARM_GCC_493\Debug\main.o (pow)
c:/program files (x86)/cypress/psoc creator/4.0/psoc creator/import/gnu/arm/4.9.3/bin/../lib/gcc/arm-none-eabi/4.9.3/../../../../arm-none-eabi/lib/armv7-m\libm.a(lib_a-w_sqrt.o)
                              .\ARM_GCC_493\Debug\main.o (sqrt)
c:/program files (x86)/cypress/psoc creator/4.0/psoc creator/import/gnu/arm/4.9.3/bin/../lib/gcc/arm-none-eabi/4.9.3/../../../../arm-none-eabi/lib/armv7-m\libm.a(lib_a-e_pow.o)
                              c:/program files (x86)/cypress/psoc creator/4.0/psoc creator/import/gnu/arm/4.9.3/bin/../lib/gcc/arm-none-eabi/4.9.3/../../../../arm-none-eabi/lib/armv7-m\libm.a(lib_a-w_pow.o) (__ieee754_pow)
c:/program files (x86)/cypress/psoc creator/4.0/psoc creator/import/gnu/arm/4.9.3/bin/../lib/gcc/arm-none-eabi/4.9.3/../../../../arm-none-eabi/lib/armv7-m\libm.a(lib_a-e_sqrt.o)
                              c:/program files (x86)/cypress/psoc creator/4.0/psoc creator/import/gnu/arm/4.9.3/bin/../lib/gcc/arm-none-eabi/4.9.3/../../../../arm-none-eabi/lib/armv7-m\libm.a(lib_a-w_sqrt.o) (__ieee754_sqrt)
c:/program files (x86)/cypress/psoc creator/4.0/psoc creator/import/gnu/arm/4.9.3/bin/../lib/gcc/arm-none-eabi/4.9.3/../../../../arm-none-eabi/lib/armv7-m\libm.a(lib_a-s_fabs.o)
                              c:/program files (x86)/cypress/psoc creator/4.0/psoc creator/import/gnu/arm/4.9.3/bin/../lib/gcc/arm-none-eabi/4.9.3/../../../../arm-none-eabi/lib/armv7-m\libm.a(lib_a-e_pow.o) (fabs)
c:/program files (x86)/cypress/psoc creator/4.0/psoc creator/import/gnu/arm/4.9.3/bin/../lib/gcc/arm-none-eabi/4.9.3/../../../../arm-none-eabi/lib/armv7-m\libm.a(lib_a-s_finite.o)
                              c:/program files (x86)/cypress/psoc creator/4.0/psoc creator/import/gnu/arm/4.9.3/bin/../lib/gcc/arm-none-eabi/4.9.3/../../../../arm-none-eabi/lib/armv7-m\libm.a(lib_a-w_pow.o) (finite)
c:/program files (x86)/cypress/psoc creator/4.0/psoc creator/import/gnu/arm/4.9.3/bin/../lib/gcc/arm-none-eabi/4.9.3/../../../../arm-none-eabi/lib/armv7-m\libm.a(lib_a-s_fpclassify.o)
                              c:/program files (x86)/cypress/psoc creator/4.0/psoc creator/import/gnu/arm/4.9.3/bin/../lib/gcc/arm-none-eabi/4.9.3/../../../../arm-none-eabi/lib/armv7-m\libm.a(lib_a-w_pow.o) (__fpclassifyd)
[...]
Memory Configuration

Name             Origin             Length             Attributes
rom              0x00000000         0x00040000         xr
ram              0x1fff8000         0x00010000         xrw
*default*        0x00000000         0xffffffff

Linker script and memory map

LOAD c:/program files (x86)/cypress/psoc creator/4.0/psoc creator/import/gnu/arm/4.9.3/bin/../lib/gcc/arm-none-eabi/4.9.3/armv7-m/crti.o
LOAD c:/program files (x86)/cypress/psoc creator/4.0/psoc creator/import/gnu/arm/4.9.3/bin/../lib/gcc/arm-none-eabi/4.9.3/armv7-m/crtbegin.o
LOAD c:/program files (x86)/cypress/psoc creator/4.0/psoc creator/import/gnu/arm/4.9.3/bin/../lib/gcc/arm-none-eabi/4.9.3/../../../../arm-none-eabi/lib/armv7-m/crt0.o
START GROUP
LOAD .\ARM_GCC_493\Debug\main.o
LOAD .\ARM_GCC_493\Debug\Cm3Start.o
LOAD .\ARM_GCC_493\Debug\cymetadata.o
LOAD .\ARM_GCC_493\Debug\Synthdude.a
LOAD C:\Program Files (x86)\Cypress\PSoC Creator\4.0\PSoC Creator\psoc\content\cycomponentlibrary\CyComponentLibrary.cylib\CortexM3\ARM_GCC_493\Debug\CyComponentLibrary.a
LOAD c:/program files (x86)/cypress/psoc creator/4.0/psoc creator/import/gnu/arm/4.9.3/bin/../lib/gcc/arm-none-eabi/4.9.3/../../../../arm-none-eabi/lib/armv7-m\libm.a
END GROUP
START GROUP
LOAD c:/program files (x86)/cypress/psoc creator/4.0/psoc creator/import/gnu/arm/4.9.3/bin/../lib/gcc/arm-none-eabi/4.9.3/armv7-m\libgcc.a
LOAD c:/program files (x86)/cypress/psoc creator/4.0/psoc creator/import/gnu/arm/4.9.3/bin/../lib/gcc/arm-none-eabi/4.9.3/../../../../arm-none-eabi/lib/armv7-m\libg_nano.a
LOAD c:/program files (x86)/cypress/psoc creator/4.0/psoc creator/import/gnu/arm/4.9.3/bin/../lib/gcc/arm-none-eabi/4.9.3/../../../../arm-none-eabi/lib/armv7-m\libc_nano.a
END GROUP
START GROUP
LOAD c:/program files (x86)/cypress/psoc creator/4.0/psoc creator/import/gnu/arm/4.9.3/bin/../lib/gcc/arm-none-eabi/4.9.3/armv7-m\libgcc.a
LOAD c:/program files (x86)/cypress/psoc creator/4.0/psoc creator/import/gnu/arm/4.9.3/bin/../lib/gcc/arm-none-eabi/4.9.3/../../../../arm-none-eabi/lib/armv7-m\libc_nano.a
END GROUP
LOAD c:/program files (x86)/cypress/psoc creator/4.0/psoc creator/import/gnu/arm/4.9.3/bin/../lib/gcc/arm-none-eabi/4.9.3/armv7-m/crtend.o
LOAD c:/program files (x86)/cypress/psoc creator/4.0/psoc creator/import/gnu/arm/4.9.3/bin/../lib/gcc/arm-none-eabi/4.9.3/armv7-m/crtn.o
START GROUP
LOAD c:/program files (x86)/cypress/psoc creator/4.0/psoc creator/import/gnu/arm/4.9.3/bin/../lib/gcc/arm-none-eabi/4.9.3/armv7-m\libgcc.a
LOAD c:/program files (x86)/cypress/psoc creator/4.0/psoc creator/import/gnu/arm/4.9.3/bin/../lib/gcc/arm-none-eabi/4.9.3/../../../../arm-none-eabi/lib/armv7-m\libc.a
LOAD c:/program files (x86)/cypress/psoc creator/4.0/psoc creator/import/gnu/arm/4.9.3/bin/../lib/gcc/arm-none-eabi/4.9.3/../../../../arm-none-eabi/lib/armv7-m\libnosys.a
END GROUP
                0x00000000                CY_APPL_ORIGIN = 0x0
                0x00000100                CY_FLASH_ROW_SIZE = 0x100
                0x00000020                CY_ECC_ROW_SIZE = 0x20
                0x00000000                CY_EE_IN_BTLDR = 0x0
                0x00000000                CY_APPL_LOADABLE = 0x0
                0x00000800                CY_EE_SIZE = 0x800
                0x00000001                CY_APPL_NUM = 0x1
                0x00000001                CY_APPL_MAX = 0x1
                0x00000040                CY_METADATA_SIZE = 0x40
                0x00000000                CY_APPL_LOADABLE = 0x0
                0x00000000                CY_CHECKSUM_EXCLUDE_SIZE = ALIGN (0x0, CY_FLASH_ROW_SIZE)
                0x1fff9470                PROVIDE (__cy_heap_start, _end)
                0x00000001                PROVIDE (__cy_region_num, ((__cy_regions_end - __cy_regions) / 0x10))
                0x20008000                PROVIDE (__cy_stack, (ORIGIN (ram) + 0x10000))
                0x20007800                PROVIDE (__cy_heap_end, (__cy_stack - 0x800))

.cybootloader   0x00000000        0x0
 *(.cybootloader)
                0x00000000                appl1_start = CY_APPL_ORIGIN?CY_APPL_ORIGIN:ALIGN (CY_FLASH_ROW_SIZE)
                0x0001ff00                appl2_start = (appl1_start + ALIGN ((((0x40000 - appl1_start) - (0x2 * CY_FLASH_ROW_SIZE)) / 0x2), CY_FLASH_ROW_SIZE))
                0x00000000                appl_start = (CY_APPL_NUM == 0x1)?appl1_start:appl2_start
                0x00000000                ecc_offset = ((appl_start / CY_FLASH_ROW_SIZE) * CY_ECC_ROW_SIZE)
                0x00000000                ee_offset = (CY_APPL_LOADABLE && ! (CY_EE_IN_BTLDR))?((CY_EE_SIZE / CY_APPL_MAX) * (CY_APPL_NUM - 0x1)):0x0
                0x00000800                ee_size = (CY_APPL_LOADABLE && ! (CY_EE_IN_BTLDR))?(CY_EE_SIZE / CY_APPL_MAX):CY_EE_SIZE
                0x00000000                PROVIDE (CY_ECC_OFFSET, ecc_offset)

.text           0x00000000     0x4792
 CREATE_OBJECT_SYMBOLS
                0x00000000                PROVIDE (__cy_interrupt_vector, RomVectors)
 *(.romvectors)
 .romvectors    0x00000000       0x10 .\ARM_GCC_493\Debug\Cm3Start.o
                0x00000000                RomVectors
                0x00000001                ASSERT ((. != __cy_interrupt_vector), No interrupt vector)
                0x00000001                ASSERT (CY_APPL_ORIGIN?(SIZEOF (.cybootloader) <= CY_APPL_ORIGIN):0x1, Wrong image location)
                0x00000010                PROVIDE (__cy_reset, Reset)
 *(.text.Reset)
 .text.Reset    0x00000010       0x18 .\ARM_GCC_493\Debug\Cm3Start.o
                0x00000010                Reset
                0x00000001                ASSERT ((. != __cy_reset), No reset code)
 *(.dma_init)
 .dma_init      0x00000028      0x1e8 .\ARM_GCC_493\Debug\Synthdude.a(cyfitter_cfg.o)
                0x00000001                ASSERT ((((appl_start + .) <= 0x10000) || 0x0), DMA Init must be within the first 64k of flash)
 *(.text .text.* .gnu.linkonce.t.*)
 .text          0x00000210       0x5c c:/program files (x86)/cypress/psoc creator/4.0/psoc creator/import/gnu/arm/4.9.3/bin/../lib/gcc/arm-none-eabi/4.9.3/armv7-m/crtbegin.o
 .text.FFT      0x0000026c      0x410 .\ARM_GCC_493\Debug\main.o
                0x0000026c                FFT
 .text.isr_1    0x0000067c      0x214 .\ARM_GCC_493\Debug\main.o
                0x0000067c                isr_1
 .text.isr_2    0x00000890      0x3c0 .\ARM_GCC_493\Debug\main.o
                0x00000890                isr_2
 .text.main     0x00000c50      0x918 .\ARM_GCC_493\Debug\main.o
                0x00000c50                main
 .text.IntDefaultHandler
                0x00001568       0x14 .\ARM_GCC_493\Debug\Cm3Start.o
                0x00001568                IntDefaultHandler
 .text.Start_c  0x0000157c       0x98 .\ARM_GCC_493\Debug\Cm3Start.o
                0x0000157c                Start_c
 .text.initialize_psoc
                0x00001614       0x90 .\ARM_GCC_493\Debug\Cm3Start.o
                0x00001614                initialize_psoc
 .text.CYMEMZERO
                0x000016a4       0x1c .\ARM_GCC_493\Debug\Synthdude.a(cyfitter_cfg.o)
 .text.CYCONFIGCPY
                0x000016c0       0x1c .\ARM_GCC_493\Debug\Synthdude.a(cyfitter_cfg.o)
 .text.CyClockStartupError
                0x000016dc        0xc .\ARM_GCC_493\Debug\Synthdude.a(cyfitter_cfg.o)
 .text.cfg_dma_init
                0x000016e8      0x180 .\ARM_GCC_493\Debug\Synthdude.a(cyfitter_cfg.o)
 .text.ClockSetup
                0x00001868      0x12c .\ARM_GCC_493\Debug\Synthdude.a(cyfitter_cfg.o)
 .text.AnalogSetDefault
                0x00001994       0x80 .\ARM_GCC_493\Debug\Synthdude.a(cyfitter_cfg.o)
 .text.cyfitter_cfg
                0x00001a14       0xe0 .\ARM_GCC_493\Debug\Synthdude.a(cyfitter_cfg.o)
                0x00001a14                cyfitter_cfg
 .text.isr_1_StartEx
                0x00001af4       0x24 .\ARM_GCC_493\Debug\Synthdude.a(isr_1.o)
                0x00001af4                isr_1_StartEx
 .text.isr_1_SetVector
                0x00001b18       0x24 .\ARM_GCC_493\Debug\Synthdude.a(isr_1.o)
                0x00001b18                isr_1_SetVector
 .text.isr_1_SetPriority
                0x00001b3c       0x24 .\ARM_GCC_493\Debug\Synthdude.a(isr_1.o)
                0x00001b3c                isr_1_SetPriority
 .text.isr_1_Enable
                0x00001b60       0x18 .\ARM_GCC_493\Debug\Synthdude.a(isr_1.o)
                0x00001b60                isr_1_Enable
 .text.isr_1_Disable
                0x00001b78       0x18 .\ARM_GCC_493\Debug\Synthdude.a(isr_1.o)
                0x00001b78                isr_1_Disable
 .text.Timer_1_Init
                0x00001b90       0x9c .\ARM_GCC_493\Debug\Synthdude.a(Timer_1.o)
                0x00001b90                Timer_1_Init
 .text.Timer_1_Enable
                0x00001c2c       0x48 .\ARM_GCC_493\Debug\Synthdude.a(Timer_1.o)
                0x00001c2c                Timer_1_Enable
 .text.Timer_1_Start
                0x00001c74       0x20 .\ARM_GCC_493\Debug\Synthdude.a(Timer_1.o)
                0x00001c74                Timer_1_Start
 .text.Timer_1_SetInterruptMode
                0x00001c94       0x20 .\ARM_GCC_493\Debug\Synthdude.a(Timer_1.o)
                0x00001c94                Timer_1_SetInterruptMode
 .text.Timer_1_ReadStatusRegister
                0x00001cb4       0x18 .\ARM_GCC_493\Debug\Synthdude.a(Timer_1.o)
                0x00001cb4                Timer_1_ReadStatusRegister
 .text.Timer_1_WritePeriod
                0x00001ccc       0x24 .\ARM_GCC_493\Debug\Synthdude.a(Timer_1.o)
                0x00001ccc                Timer_1_WritePeriod
 .text.Timer_1_WriteCounter
                0x00001cf0       0x20 .\ARM_GCC_493\Debug\Synthdude.a(Timer_1.o)
                0x00001cf0                Timer_1_WriteCounter
 .text.UART_1_Start
                0x00001d10       0x20 .\ARM_GCC_493\Debug\Synthdude.a(UART_1.o)
                0x00001d10                UART_1_Start
 .text.UART_1_Init
                0x00001d30       0x58 .\ARM_GCC_493\Debug\Synthdude.a(UART_1.o)
                0x00001d30                UART_1_Init
 .text.UART_1_Enable
                0x00001d88       0x64 .\ARM_GCC_493\Debug\Synthdude.a(UART_1.o)
                0x00001d88                UART_1_Enable
 .text.UART_1_ReadRxStatus
                0x00001dec       0x40 .\ARM_GCC_493\Debug\Synthdude.a(UART_1.o)
                0x00001dec                UART_1_ReadRxStatus
 .text.UART_1_GetChar
                0x00001e2c       0xb8 .\ARM_GCC_493\Debug\Synthdude.a(UART_1.o)
                0x00001e2c                UART_1_GetChar
 .text.UART_1_GetRxBufferSize
                0x00001ee4       0x90 .\ARM_GCC_493\Debug\Synthdude.a(UART_1.o)
                0x00001ee4                UART_1_GetRxBufferSize
 .text.UART_1_WriteTxData
                0x00001f74       0x2c .\ARM_GCC_493\Debug\Synthdude.a(UART_1.o)
                0x00001f74                UART_1_WriteTxData
 .text.UART_1_RXISR
                0x00001fa0       0xd8 .\ARM_GCC_493\Debug\Synthdude.a(UART_1_INT.o)
                0x00001fa0                UART_1_RXISR
 .text.CyDmacConfigure
                0x00002078       0x5c .\ARM_GCC_493\Debug\Synthdude.a(CyDmac.o)
                0x00002078                CyDmacConfigure
 .text.CyDmaChEnable
                0x000020d4       0x8c .\ARM_GCC_493\Debug\Synthdude.a(CyDmac.o)
                0x000020d4                CyDmaChEnable
 .text.CyDmaChPriority
                0x00002160       0x60 .\ARM_GCC_493\Debug\Synthdude.a(CyDmac.o)
                0x00002160                CyDmaChPriority
 .text.CyDmaChSetExtendedAddress
                0x000021c0       0x7c .\ARM_GCC_493\Debug\Synthdude.a(CyDmac.o)
                0x000021c0                CyDmaChSetExtendedAddress
 .text.CyDmaChSetInitialTd
                0x0000223c       0x3c .\ARM_GCC_493\Debug\Synthdude.a(CyDmac.o)
                0x0000223c                CyDmaChSetInitialTd
 .text.CyDmaChSetConfiguration
                0x00002278       0xa0 .\ARM_GCC_493\Debug\Synthdude.a(CyDmac.o)
                0x00002278                CyDmaChSetConfiguration
 .text.CyDmaTdAllocate
                0x00002318       0x5c .\ARM_GCC_493\Debug\Synthdude.a(CyDmac.o)
                0x00002318                CyDmaTdAllocate
 .text.CyDmaTdSetConfiguration
                0x00002374       0x80 .\ARM_GCC_493\Debug\Synthdude.a(CyDmac.o)
                0x00002374                CyDmaTdSetConfiguration
 .text.CyDmaTdSetAddress
                0x000023f4       0x5c .\ARM_GCC_493\Debug\Synthdude.a(CyDmac.o)
                0x000023f4                CyDmaTdSetAddress
 .text.CyHalt   0x00002450       0x18 .\ARM_GCC_493\Debug\Synthdude.a(CyLib.o)
                0x00002450                CyHalt
 .text.CyIntSetVector
                0x00002468       0x50 .\ARM_GCC_493\Debug\Synthdude.a(CyLib.o)
                0x00002468                CyIntSetVector
 .text.CyIntSetPriority
                0x000024b8       0x44 .\ARM_GCC_493\Debug\Synthdude.a(CyLib.o)
                0x000024b8                CyIntSetPriority
 .text.timer_clock_1_SetDividerRegister
                0x000024fc      0x160 .\ARM_GCC_493\Debug\Synthdude.a(timer_clock_1.o)
                0x000024fc                timer_clock_1_SetDividerRegister
 .text.timer_clock_1_GetDividerRegister
                0x0000265c       0x18 .\ARM_GCC_493\Debug\Synthdude.a(timer_clock_1.o)
                0x0000265c                timer_clock_1_GetDividerRegister
 .text.timer_clock_1_GetSourceRegister
                0x00002674       0x20 .\ARM_GCC_493\Debug\Synthdude.a(timer_clock_1.o)
                0x00002674                timer_clock_1_GetSourceRegister
 .text.isr_2_StartEx
                0x00002694       0x24 .\ARM_GCC_493\Debug\Synthdude.a(isr_2.o)
                0x00002694                isr_2_StartEx
 .text.isr_2_SetVector
                0x000026b8       0x24 .\ARM_GCC_493\Debug\Synthdude.a(isr_2.o)
                0x000026b8                isr_2_SetVector
 .text.isr_2_SetPriority
                0x000026dc       0x24 .\ARM_GCC_493\Debug\Synthdude.a(isr_2.o)
                0x000026dc                isr_2_SetPriority
 .text.isr_2_Enable
                0x00002700       0x18 .\ARM_GCC_493\Debug\Synthdude.a(isr_2.o)
                0x00002700                isr_2_Enable
 .text.isr_2_Disable
                0x00002718       0x18 .\ARM_GCC_493\Debug\Synthdude.a(isr_2.o)
                0x00002718                isr_2_Disable
 .text.WaveDAC8_1_Init
                0x00002730       0x58 .\ARM_GCC_493\Debug\Synthdude.a(WaveDAC8_1.o)
                0x00002730                WaveDAC8_1_Init
 .text.WaveDAC8_1_Enable
                0x00002788       0x34 .\ARM_GCC_493\Debug\Synthdude.a(WaveDAC8_1.o)
                0x00002788                WaveDAC8_1_Enable
 .text.WaveDAC8_1_Start
                0x000027bc       0x20 .\ARM_GCC_493\Debug\Synthdude.a(WaveDAC8_1.o)
                0x000027bc                WaveDAC8_1_Start
 .text.WaveDAC8_1_Wave1Setup
                0x000027dc       0x70 .\ARM_GCC_493\Debug\Synthdude.a(WaveDAC8_1.o)
                0x000027dc                WaveDAC8_1_Wave1Setup
 .text.WaveDAC8_1_Wave2Setup
                0x0000284c       0x70 .\ARM_GCC_493\Debug\Synthdude.a(WaveDAC8_1.o)
                0x0000284c                WaveDAC8_1_Wave2Setup
 .text.WaveDAC8_1_Wave1_DMA_DmaInitialize
                0x000028bc       0x68 .\ARM_GCC_493\Debug\Synthdude.a(WaveDAC8_1_Wave1_DMA_dma.o)
                0x000028bc                WaveDAC8_1_Wave1_DMA_DmaInitialize
 .text.WaveDAC8_1_Wave2_DMA_DmaInitialize
                0x00002924       0x68 .\ARM_GCC_493\Debug\Synthdude.a(WaveDAC8_1_Wave2_DMA_dma.o)
                0x00002924                WaveDAC8_1_Wave2_DMA_DmaInitialize
 .text.WaveDAC8_1_VDAC8_Init
                0x0000298c       0x3c .\ARM_GCC_493\Debug\Synthdude.a(WaveDAC8_1_VDAC8.o)
                0x0000298c                WaveDAC8_1_VDAC8_Init
 .text.WaveDAC8_1_VDAC8_Enable
                0x000029c8       0x34 .\ARM_GCC_493\Debug\Synthdude.a(WaveDAC8_1_VDAC8.o)
                0x000029c8                WaveDAC8_1_VDAC8_Enable
 .text.WaveDAC8_1_VDAC8_SetSpeed
                0x000029fc       0x40 .\ARM_GCC_493\Debug\Synthdude.a(WaveDAC8_1_VDAC8.o)
                0x000029fc                WaveDAC8_1_VDAC8_SetSpeed
 .text.WaveDAC8_1_VDAC8_SetRange
                0x00002a3c       0x40 .\ARM_GCC_493\Debug\Synthdude.a(WaveDAC8_1_VDAC8.o)
                0x00002a3c                WaveDAC8_1_VDAC8_SetRange
 .text.WaveDAC8_1_VDAC8_SetValue
                0x00002a7c       0x20 .\ARM_GCC_493\Debug\Synthdude.a(WaveDAC8_1_VDAC8.o)
                0x00002a7c                WaveDAC8_1_VDAC8_SetValue
 .text.WaveDAC8_1_VDAC8_DacTrim
                0x00002a9c       0x3c .\ARM_GCC_493\Debug\Synthdude.a(WaveDAC8_1_VDAC8.o)
                0x00002a9c                WaveDAC8_1_VDAC8_DacTrim
 .text.WaveDAC8_1_BuffAmp_Init
                0x00002ad8        0xc .\ARM_GCC_493\Debug\Synthdude.a(WaveDAC8_1_BuffAmp.o)
                0x00002ad8                WaveDAC8_1_BuffAmp_Init
 .text.WaveDAC8_1_BuffAmp_Enable
                0x00002ae4       0x48 .\ARM_GCC_493\Debug\Synthdude.a(WaveDAC8_1_BuffAmp.o)
                0x00002ae4                WaveDAC8_1_BuffAmp_Enable
 .text.WaveDAC8_1_BuffAmp_SetPower
                0x00002b2c       0x40 .\ARM_GCC_493\Debug\Synthdude.a(WaveDAC8_1_BuffAmp.o)
                0x00002b2c                WaveDAC8_1_BuffAmp_SetPower
 *fill*         0x00002b6c        0x4 
 .text          0x00002b70       0x58 .\ARM_GCC_493\Debug\Synthdude.a(CyBootAsmGnu.o)
                0x00002b70                CyDelayCycles
                0x00002bae                CyEnterCriticalSection
                0x00002bb6                CyExitCriticalSection
 .text.pow      0x00002bc8      0x2f0 c:/program files (x86)/cypress/psoc creator/4.0/psoc creator/import/gnu/arm/4.9.3/bin/../lib/gcc/arm-none-eabi/4.9.3/../../../../arm-none-eabi/lib/armv7-m\libm.a(lib_a-w_pow.o)
                0x00002bc8                pow
 .text.sqrt     0x00002eb8       0xac c:/program files (x86)/cypress/psoc creator/4.0/psoc creator/import/gnu/arm/4.9.3/bin/../lib/gcc/arm-none-eabi/4.9.3/../../../../arm-none-eabi/lib/armv7-m\libm.a(lib_a-w_sqrt.o)
                0x00002eb8                sqrt
 *fill*         0x00002f64        0x4 
 .text.__ieee754_pow
                0x00002f68      0xaa0 c:/program files (x86)/cypress/psoc creator/4.0/psoc creator/import/gnu/arm/4.9.3/bin/../lib/gcc/arm-none-eabi/4.9.3/../../../../arm-none-eabi/lib/armv7-m\libm.a(lib_a-e_pow.o)
                0x00002f68                __ieee754_pow
 .text.__ieee754_sqrt
                0x00003a08      0x18c c:/program files (x86)/cypress/psoc creator/4.0/psoc creator/import/gnu/arm/4.9.3/bin/../lib/gcc/arm-none-eabi/4.9.3/../../../../arm-none-eabi/lib/armv7-m\libm.a(lib_a-e_sqrt.o)
                0x00003a08                __ieee754_sqrt
 .text.fabs     0x00003b94        0x8 c:/program files (x86)/cypress/psoc creator/4.0/psoc creator/import/gnu/arm/4.9.3/bin/../lib/gcc/arm-none-eabi/4.9.3/../../../../arm-none-eabi/lib/armv7-m\libm.a(lib_a-s_fabs.o)
                0x00003b94                fabs
 .text.finite   0x00003b9c        0xc c:/program files (x86)/cypress/psoc creator/4.0/psoc creator/import/gnu/arm/4.9.3/bin/../lib/gcc/arm-none-eabi/4.9.3/../../../../arm-none-eabi/lib/armv7-m\libm.a(lib_a-s_finite.o)
                0x00003b9c                finite
 .text.__fpclassifyd
                0x00003ba8       0x58 c:/program files (x86)/cypress/psoc creator/4.0/psoc creator/import/gnu/arm/4.9.3/bin/../lib/gcc/arm-none-eabi/4.9.3/../../../../arm-none-eabi/lib/armv7-m\libm.a(lib_a-s_fpclassify.o)
                0x00003ba8                __fpclassifyd
 .text.matherr  0x00003c00        0x4 c:/program files (x86)/cypress/psoc creator/4.0/psoc creator/import/gnu/arm/4.9.3/bin/../lib/gcc/arm-none-eabi/4.9.3/../../../../arm-none-eabi/lib/armv7-m\libm.a(lib_a-s_matherr.o)
                0x00003c00                matherr
 .text.nan      0x00003c04        0xc c:/program files (x86)/cypress/psoc creator/4.0/psoc creator/import/gnu/arm/4.9.3/bin/../lib/gcc/arm-none-eabi/4.9.3/../../../../arm-none-eabi/lib/armv7-m\libm.a(lib_a-s_nan.o)
                0x00003c04                nan
 .text.rint     0x00003c10      0x11c c:/program files (x86)/cypress/psoc creator/4.0/psoc creator/import/gnu/arm/4.9.3/bin/../lib/gcc/arm-none-eabi/4.9.3/../../../../arm-none-eabi/lib/armv7-m\libm.a(lib_a-s_rint.o)
                0x00003c10                rint
 *fill*         0x00003d2c        0x4 
 .text.scalbn   0x00003d30       0xf0 c:/program files (x86)/cypress/psoc creator/4.0/psoc creator/import/gnu/arm/4.9.3/bin/../lib/gcc/arm-none-eabi/4.9.3/../../../../arm-none-eabi/lib/armv7-m\libm.a(lib_a-s_scalbn.o)
                0x00003d30                scalbn
 .text.copysign
                0x00003e20       0x10 c:/program files (x86)/cypress/psoc creator/4.0/psoc creator/import/gnu/arm/4.9.3/bin/../lib/gcc/arm-none-eabi/4.9.3/../../../../arm-none-eabi/lib/armv7-m\libm.a(lib_a-s_copysign.o)
                0x00003e20                copysign
 .text          0x00003e30      0x370 c:/program files (x86)/cypress/psoc creator/4.0/psoc creator/import/gnu/arm/4.9.3/bin/../lib/gcc/arm-none-eabi/4.9.3/armv7-m\libgcc.a(_arm_addsubdf3.o)
                0x00003e30                __aeabi_drsub
                0x00003e38                __aeabi_dsub
                0x00003e38                __subdf3
                0x00003e3c                __aeabi_dadd
                0x00003e3c                __adddf3
                0x000040b4                __floatunsidf
                0x000040b4                __aeabi_ui2d
                0x000040d4                __floatsidf
                0x000040d4                __aeabi_i2d
                0x000040f8                __aeabi_f2d
                0x000040f8                __extendsfdf2
                0x00004134                __floatundidf
                0x00004134                __aeabi_ul2d
                0x00004144                __floatdidf
                0x00004144                __aeabi_l2d
 .text          0x000041a0      0x424 c:/program files (x86)/cypress/psoc creator/4.0/psoc creator/import/gnu/arm/4.9.3/bin/../lib/gcc/arm-none-eabi/4.9.3/armv7-m\libgcc.a(_arm_muldivdf3.o)
                0x000041a0                __aeabi_dmul
                0x000041a0                __muldf3
                0x000043f4                __divdf3
                0x000043f4                __aeabi_ddiv
 .text          0x000045c4      0x110 c:/program files (x86)/cypress/psoc creator/4.0/psoc creator/import/gnu/arm/4.9.3/bin/../lib/gcc/arm-none-eabi/4.9.3/armv7-m\libgcc.a(_arm_cmpdf2.o)
                0x000045c4                __gtdf2
                0x000045c4                __gedf2
                0x000045cc                __ltdf2
                0x000045cc                __ledf2
                0x000045d4                __nedf2
                0x000045d4                __eqdf2
                0x000045d4                __cmpdf2
                0x00004650                __aeabi_cdrcmple
                0x00004660                __aeabi_cdcmpeq
                0x00004660                __aeabi_cdcmple
                0x00004670                __aeabi_dcmpeq
                0x00004684                __aeabi_dcmplt
                0x00004698                __aeabi_dcmple
                0x000046ac                __aeabi_dcmpge
                0x000046c0                __aeabi_dcmpgt
 .text          0x000046d4       0x40 c:/program files (x86)/cypress/psoc creator/4.0/psoc creator/import/gnu/arm/4.9.3/bin/../lib/gcc/arm-none-eabi/4.9.3/armv7-m\libgcc.a(_arm_fixunsdfsi.o)
                0x000046d4                __aeabi_d2uiz
                0x000046d4                __fixunsdfsi
 .text.__errno  0x00004714        0xc c:/program files (x86)/cypress/psoc creator/4.0/psoc creator/import/gnu/arm/4.9.3/bin/../lib/gcc/arm-none-eabi/4.9.3/../../../../arm-none-eabi/lib/armv7-m\libg_nano.a(lib_a-errno.o)
                0x00004714                __errno
 .text.__libc_init_array
                0x00004720       0x4c c:/program files (x86)/cypress/psoc creator/4.0/psoc creator/import/gnu/arm/4.9.3/bin/../lib/gcc/arm-none-eabi/4.9.3/../../../../arm-none-eabi/lib/armv7-m\libg_nano.a(lib_a-init.o)
                0x00004720                __libc_init_array
 .text.memcpy   0x0000476c       0x16 c:/program files (x86)/cypress/psoc creator/4.0/psoc creator/import/gnu/arm/4.9.3/bin/../lib/gcc/arm-none-eabi/4.9.3/../../../../arm-none-eabi/lib/armv7-m\libg_nano.a(lib_a-memcpy.o)
                0x0000476c                memcpy
 .text.memset   0x00004782       0x10 c:/program files (x86)/cypress/psoc creator/4.0/psoc creator/import/gnu/arm/4.9.3/bin/../lib/gcc/arm-none-eabi/4.9.3/../../../../arm-none-eabi/lib/armv7-m\libg_nano.a(lib_a-memset.o)
                0x00004782                memset
 *(.plt)
 *(.gnu.warning)
 *(.glue_7t)
 .glue_7t       0x00000000        0x0 linker stubs
 *(.glue_7)
 .glue_7        0x00000000        0x0 linker stubs
 *(.vfp11_veneer)
 .vfp11_veneer  0x00000000        0x0 linker stubs
 *(.bootloader)
 *(.ARM.extab* .gnu.linkonce.armextab.*)
 *(.gcc_except_table)

.v4_bx          0x00004794        0x0
 .v4_bx         0x00000000        0x0 linker stubs

.iplt           0x00004794        0x0
 .iplt          0x00000000        0x0 c:/program files (x86)/cypress/psoc creator/4.0/psoc creator/import/gnu/arm/4.9.3/bin/../lib/gcc/arm-none-eabi/4.9.3/armv7-m/crtbegin.o

.eh_frame_hdr
 *(.eh_frame_hdr)

.eh_frame       0x00004794        0x4
 *(.eh_frame)
 .eh_frame      0x00004794        0x0 c:/program files (x86)/cypress/psoc creator/4.0/psoc creator/import/gnu/arm/4.9.3/bin/../lib/gcc/arm-none-eabi/4.9.3/armv7-m/crtbegin.o
 .eh_frame      0x00004794        0x4 c:/program files (x86)/cypress/psoc creator/4.0/psoc creator/import/gnu/arm/4.9.3/bin/../lib/gcc/arm-none-eabi/4.9.3/armv7-m/crtend.o
                0x00004798                PROVIDE (__exidx_start, .)

.ARM.exidx
 *(.ARM.exidx* .gnu.linkonce.armexidx.*)
                0x00004798                __exidx_end = .

.rodata         0x00004798      0x7c8
 *(.rodata .rodata.* .gnu.linkonce.r.*)
 .rodata        0x00004798      0x460 .\ARM_GCC_493\Debug\main.o
                0x00004798                NoteFrequencies
                0x000047f8                SineTable256
                0x000048f8                SquareTable256
                0x000049f8                TriTable256
                0x00004af8                SawTable256
 .rodata        0x00004bf8       0xe0 .\ARM_GCC_493\Debug\Synthdude.a(cyfitter_cfg.o)
 .rodata        0x00004cd8      0x200 .\ARM_GCC_493\Debug\Synthdude.a(WaveDAC8_1.o)
                0x00004cd8                WaveDAC8_1_wave1
                0x00004dd8                WaveDAC8_1_wave2
 .rodata.str1.4
                0x00004ed8        0x4 c:/program files (x86)/cypress/psoc creator/4.0/psoc creator/import/gnu/arm/4.9.3/bin/../lib/gcc/arm-none-eabi/4.9.3/../../../../arm-none-eabi/lib/armv7-m\libm.a(lib_a-w_pow.o)
 .rodata.str1.4
                0x00004edc        0x5 c:/program files (x86)/cypress/psoc creator/4.0/psoc creator/import/gnu/arm/4.9.3/bin/../lib/gcc/arm-none-eabi/4.9.3/../../../../arm-none-eabi/lib/armv7-m\libm.a(lib_a-w_sqrt.o)
                                  0x8 (size before relaxing)
 *fill*         0x00004ee1        0x7 
 .rodata.dp_h   0x00004ee8       0x10 c:/program files (x86)/cypress/psoc creator/4.0/psoc creator/import/gnu/arm/4.9.3/bin/../lib/gcc/arm-none-eabi/4.9.3/../../../../arm-none-eabi/lib/armv7-m\libm.a(lib_a-e_pow.o)
 .rodata.dp_l   0x00004ef8       0x10 c:/program files (x86)/cypress/psoc creator/4.0/psoc creator/import/gnu/arm/4.9.3/bin/../lib/gcc/arm-none-eabi/4.9.3/../../../../arm-none-eabi/lib/armv7-m\libm.a(lib_a-e_pow.o)
 .rodata.bp     0x00004f08       0x10 c:/program files (x86)/cypress/psoc creator/4.0/psoc creator/import/gnu/arm/4.9.3/bin/../lib/gcc/arm-none-eabi/4.9.3/../../../../arm-none-eabi/lib/armv7-m\libm.a(lib_a-e_pow.o)
 .rodata.str1.4
                0x00000000        0x8 c:/program files (x86)/cypress/psoc creator/4.0/psoc creator/import/gnu/arm/4.9.3/bin/../lib/gcc/arm-none-eabi/4.9.3/../../../../arm-none-eabi/lib/armv7-m\libm.a(lib_a-e_pow.o)
                                  0x4 (size before relaxing)
 .rodata.TWO52  0x00004f18       0x10 c:/program files (x86)/cypress/psoc creator/4.0/psoc creator/import/gnu/arm/4.9.3/bin/../lib/gcc/arm-none-eabi/4.9.3/../../../../arm-none-eabi/lib/armv7-m\libm.a(lib_a-s_rint.o)
 .rodata.str1.1
                0x00004f28        0x2 c:/program files (x86)/cypress/psoc creator/4.0/psoc creator/import/gnu/arm/4.9.3/bin/../lib/gcc/arm-none-eabi/4.9.3/../../../../arm-none-eabi/lib/armv7-m\libg_nano.a(lib_a-impure.o)
                0x00004f2c                . = ALIGN (0x4)
 *fill*         0x00004f2a        0x2 
 *(.init)
 .init          0x00004f2c        0x4 c:/program files (x86)/cypress/psoc creator/4.0/psoc creator/import/gnu/arm/4.9.3/bin/../lib/gcc/arm-none-eabi/4.9.3/armv7-m/crti.o
                0x00004f2c                _init
 .init          0x00004f30        0x8 c:/program files (x86)/cypress/psoc creator/4.0/psoc creator/import/gnu/arm/4.9.3/bin/../lib/gcc/arm-none-eabi/4.9.3/armv7-m/crtn.o
                0x00004f38                . = ALIGN (0x4)
                0x00004f38                __preinit_array_start = .
 *(.preinit_array)
                0x00004f38                __preinit_array_end = .
                0x00004f38                . = ALIGN (0x4)
                0x00004f38                __init_array_start = .
 *(SORT(.init_array.*))
 *(.init_array)
 .init_array    0x00004f38        0x4 c:/program files (x86)/cypress/psoc creator/4.0/psoc creator/import/gnu/arm/4.9.3/bin/../lib/gcc/arm-none-eabi/4.9.3/armv7-m/crtbegin.o
 .init_array    0x00004f3c        0x4 .\ARM_GCC_493\Debug\Cm3Start.o
                0x00004f40                __init_array_end = .
                0x00004f40                . = ALIGN (0x4)
 *(.fini)
 .fini          0x00004f40        0x4 c:/program files (x86)/cypress/psoc creator/4.0/psoc creator/import/gnu/arm/4.9.3/bin/../lib/gcc/arm-none-eabi/4.9.3/armv7-m/crti.o
                0x00004f40                _fini
 .fini          0x00004f44        0x8 c:/program files (x86)/cypress/psoc creator/4.0/psoc creator/import/gnu/arm/4.9.3/bin/../lib/gcc/arm-none-eabi/4.9.3/armv7-m/crtn.o
                0x00004f4c                . = ALIGN (0x4)
                0x00004f4c                __fini_array_start = .
 *(.fini_array)
 .fini_array    0x00004f4c        0x4 c:/program files (x86)/cypress/psoc creator/4.0/psoc creator/import/gnu/arm/4.9.3/bin/../lib/gcc/arm-none-eabi/4.9.3/armv7-m/crtbegin.o
 *(SORT(.fini_array.*))
                0x00004f50                __fini_array_end = .
                0x00004f50                . = ALIGN (0x4)
 *crtbegin.o(.ctors)
 *(EXCLUDE_FILE(*crtend.o) .ctors)
 *(SORT(.ctors.*))
 *crtend.o(.ctors)
                0x00004f50                . = ALIGN (0x4)
 *crtbegin.o(.dtors)
 *(EXCLUDE_FILE(*crtend.o) .dtors)
 *(SORT(.dtors.*))
 *crtend.o(.dtors)
                0x00004f50                . = ALIGN (0x4)
                0x00004f50                __cy_regions = .
                0x00004f50        0x4 LONG 0x4f60 __cy_region_init_ram
                0x00004f54        0x4 LONG 0x1fff8108 __cy_region_start_data
                0x00004f58        0x4 LONG 0xf0 __cy_region_init_size_ram
                0x00004f5c        0x4 LONG 0x1278 __cy_region_zero_size_ram
                0x00004f60                __cy_regions_end = .
                0x00004f60                . = ALIGN (0x8)
                0x00004f60                _etext = .

.cy_checksum_exclude
                0x00004f60        0x0
 *(.cy_checksum_exclude)

.ramvectors     0x1fff8000      0x100
                0x1fff8000                __cy_region_start_ram = .
 *(.ramvectors)
 .ramvectors    0x1fff8000      0x100 .\ARM_GCC_493\Debug\Cm3Start.o
                0x1fff8000                CyRamVectors

.noinit         0x1fff8100        0x5
 *(.noinit)
 .noinit        0x1fff8100        0x4 .\ARM_GCC_493\Debug\Cm3Start.o
 .noinit        0x1fff8104        0x1 .\ARM_GCC_493\Debug\Synthdude.a(CyLib.o)
                0x1fff8104                CyResetStatus

.data           0x1fff8108       0xf0 load address 0x00004f60
                0x1fff8108                __cy_region_start_data = .
 *(.jcr)
 .jcr           0x1fff8108        0x0 c:/program files (x86)/cypress/psoc creator/4.0/psoc creator/import/gnu/arm/4.9.3/bin/../lib/gcc/arm-none-eabi/4.9.3/armv7-m/crtbegin.o
 .jcr           0x1fff8108        0x4 c:/program files (x86)/cypress/psoc creator/4.0/psoc creator/import/gnu/arm/4.9.3/bin/../lib/gcc/arm-none-eabi/4.9.3/armv7-m/crtend.o
 *(.got.plt)
 *(.got)
 *(.shdata)
 *(.data .data.* .gnu.linkonce.d.*)
 *fill*         0x1fff810c        0x4 
 .data          0x1fff8110       0x78 .\ARM_GCC_493\Debug\main.o
                0x1fff8110                Filter
                0x1fff8150                step_scale
                0x1fff8158                velocity
                0x1fff8160                attack
                0x1fff8168                decay
                0x1fff8170                sustain
                0x1fff8178                release
                0x1fff8180                mode
                0x1fff8181                start_fft
 .data          0x1fff8188        0x8 .\ARM_GCC_493\Debug\Synthdude.a(CyDmac.o)
 .data          0x1fff8190        0x1 .\ARM_GCC_493\Debug\Synthdude.a(WaveDAC8_1_Wave1_DMA_dma.o)
                0x1fff8190                WaveDAC8_1_Wave1_DMA_DmaHandle
 .data          0x1fff8191        0x1 .\ARM_GCC_493\Debug\Synthdude.a(WaveDAC8_1_Wave2_DMA_dma.o)
                0x1fff8191                WaveDAC8_1_Wave2_DMA_DmaHandle
 .data.__fdlib_version
                0x1fff8192        0x1 c:/program files (x86)/cypress/psoc creator/4.0/psoc creator/import/gnu/arm/4.9.3/bin/../lib/gcc/arm-none-eabi/4.9.3/../../../../arm-none-eabi/lib/armv7-m\libm.a(lib_a-s_lib_ver.o)
                0x1fff8192                __fdlib_version
 *fill*         0x1fff8193        0x1 
 .data.impure_data
                0x1fff8194       0x60 c:/program files (x86)/cypress/psoc creator/4.0/psoc creator/import/gnu/arm/4.9.3/bin/../lib/gcc/arm-none-eabi/4.9.3/../../../../arm-none-eabi/lib/armv7-m\libg_nano.a(lib_a-impure.o)
 .data._impure_ptr
                0x1fff81f4        0x4 c:/program files (x86)/cypress/psoc creator/4.0/psoc creator/import/gnu/arm/4.9.3/bin/../lib/gcc/arm-none-eabi/4.9.3/../../../../arm-none-eabi/lib/armv7-m\libg_nano.a(lib_a-impure.o)
                0x1fff81f4                _impure_ptr
                0x1fff81f8                . = ALIGN (0x8)
 *(.ram)
                0x1fff81f8                _edata = .

.igot.plt       0x1fff81f8        0x0 load address 0x00005050
 .igot.plt      0x00000000        0x0 c:/program files (x86)/cypress/psoc creator/4.0/psoc creator/import/gnu/arm/4.9.3/bin/../lib/gcc/arm-none-eabi/4.9.3/armv7-m/crtbegin.o

.bss            0x1fff81f8     0x1278 load address 0x00005050
                0x1fff81f8                PROVIDE (__bss_start__, .)
 *(.shbss)
 *(.bss .bss.* .gnu.linkonce.b.*)
 .bss           0x1fff81f8       0x1c c:/program files (x86)/cypress/psoc creator/4.0/psoc creator/import/gnu/arm/4.9.3/bin/../lib/gcc/arm-none-eabi/4.9.3/armv7-m/crtbegin.o
 *fill*         0x1fff8214        0x4 
 .bss           0x1fff8218     0x1230 .\ARM_GCC_493\Debug\main.o
                0x1fff8218                ArbTable16
                0x1fff8228                waveform
                0x1fff8328                phase
                0x1fff8330                current_note
                0x1fff8331                note
                0x1fff8332                octave
                0x1fff8333                adsr_state
                0x1fff8338                current_level
                0x1fff8340                data_re
                0x1fff8b40                data_im
                0x1fff9340                scaled_waveform
                0x1fff9440                message_type
                0x1fff9444                uart_state
 .bss           0x1fff9448        0x8 .\ARM_GCC_493\Debug\Synthdude.a(cyfitter_cfg.o)
 .bss           0x1fff9450        0x1 .\ARM_GCC_493\Debug\Synthdude.a(Timer_1.o)
                0x1fff9450                Timer_1_initVar
 .bss           0x1fff9451        0x7 .\ARM_GCC_493\Debug\Synthdude.a(UART_1.o)
                0x1fff9451                UART_1_initVar
                0x1fff9452                UART_1_errorStatus
                0x1fff9453                UART_1_rxBufferRead
                0x1fff9454                UART_1_rxBufferWrite
                0x1fff9455                UART_1_rxBufferLoopDetect
                0x1fff9456                UART_1_rxBufferOverflow
 .bss           0x1fff9458        0x5 .\ARM_GCC_493\Debug\Synthdude.a(WaveDAC8_1.o)
                0x1fff9458                WaveDAC8_1_initVar
 *(COMMON)
 *fill*         0x1fff945d        0x3 
 COMMON         0x1fff9460       0x10 .\ARM_GCC_493\Debug\Synthdude.a(UART_1.o)
                0x1fff9460                UART_1_rxBuffer
                0x1fff9470                . = ALIGN (0x8)
 *(.ram.b)
                0x1fff9470                _end = .
                0x1fff9470                __end = .
                0x1fff9470                PROVIDE (end, .)
                0x1fff9470                PROVIDE (__bss_end__, .)
                0x00004f60                __cy_region_init_ram = LOADADDR (.data)
                0x000000f0                __cy_region_init_size_ram = (_edata - ADDR (.data))
                0x00001278                __cy_region_zero_size_ram = (_end - _edata)

.heap           0x1fff9470       0x80 load address 0x00005050
                0x1fff9470                . = _end
                0x1fff94f0                . = (. + 0x80)
 *fill*         0x1fff9470       0x80 
                0x1fff94f0                __cy_heap_limit = .

.stack          0x20007800      0x800
                0x20007800                __cy_stack_limit = .
                0x20008000                . = (. + 0x800)
 *fill*         0x20007800      0x800 
                0x00000001                ASSERT ((__cy_stack_limit >= __cy_heap_limit), region RAM overflowed with stack)
                0x00000000                cy_checksum_exclude_size = (CY_APPL_LOADABLE == 0x1)?SIZEOF (.cy_checksum_exclude):0x0
                0x00000001                ASSERT ((cy_checksum_exclude_size <= CY_CHECKSUM_EXCLUDE_SIZE), CY_BOOT: Section .cy_checksum_exclude size exceedes specified limit.)

.cyloadermeta
 *(.cyloadermeta)

.cyloadablemeta
 *(.cyloadablemeta)

.cyconfigecc    0x80000000      0xd20
 *(.cyconfigecc)
 .cyconfigecc   0x80000000      0xd20 .\ARM_GCC_493\Debug\cymetadata.o
                0x80000000                cy_meta_configecc

.cycustnvl      0x90000000        0x4
 *(.cycustnvl)
 .cycustnvl     0x90000000        0x4 .\ARM_GCC_493\Debug\cymetadata.o
                0x90000000                cy_meta_custnvl

.cywolatch      0x90100000        0x4
 *(.cywolatch)
 .cywolatch     0x90100000        0x4 .\ARM_GCC_493\Debug\cymetadata.o
                0x90100000                cy_meta_wonvl

.cyeeprom       0x90200000        0x0
 *(.cyeeprom)
                0x00000001                ASSERT ((. <= ((0x90200000 + ee_offset) + ee_size)), .cyeeprom data will not fit in EEPROM)

.cyflashprotect
                0x90400000      0x100
 *(.cyflashprotect)
 .cyflashprotect
                0x90400000      0x100 .\ARM_GCC_493\Debug\cymetadata.o
                0x90400000                cy_meta_flashprotect

.cymeta         0x90500000        0xc
 *(.cymeta)
 .cymeta        0x90500000        0xc .\ARM_GCC_493\Debug\cymetadata.o
                0x90500000                cy_metadata

.rel.dyn        0x00005050        0x0 load address 0x9050000c
 .rel.iplt      0x00000000        0x0 c:/program files (x86)/cypress/psoc creator/4.0/psoc creator/import/gnu/arm/4.9.3/bin/../lib/gcc/arm-none-eabi/4.9.3/armv7-m/crtbegin.o

.stab
 *(.stab)

.stabstr
 *(.stabstr)

.debug
 *(.debug)

.line
 *(.line)

.debug_srcinfo
 *(.debug_srcinfo)

.debug_sfnames
 *(.debug_sfnames)

.debug_aranges  0x00000000      0xa60
 *(.debug_aranges)
 .debug_aranges
                0x00000000       0x38 .\ARM_GCC_493\Debug\main.o
 .debug_aranges
                0x00000038       0x48 .\ARM_GCC_493\Debug\Cm3Start.o
 .debug_aranges
                0x00000080       0x18 .\ARM_GCC_493\Debug\cymetadata.o
 .debug_aranges
                0x00000098       0x60 .\ARM_GCC_493\Debug\Synthdude.a(cyfitter_cfg.o)
 .debug_aranges
                0x000000f8       0x80 .\ARM_GCC_493\Debug\Synthdude.a(isr_1.o)
 .debug_aranges
                0x00000178       0x88 .\ARM_GCC_493\Debug\Synthdude.a(Timer_1.o)
 .debug_aranges
                0x00000200       0xf0 .\ARM_GCC_493\Debug\Synthdude.a(UART_1.o)
 .debug_aranges
                0x000002f0       0x20 .\ARM_GCC_493\Debug\Synthdude.a(UART_1_INT.o)
 .debug_aranges
                0x00000310       0xd8 .\ARM_GCC_493\Debug\Synthdude.a(CyDmac.o)
 .debug_aranges
                0x000003e8      0x2a0 .\ARM_GCC_493\Debug\Synthdude.a(CyLib.o)
 .debug_aranges
                0x00000688       0x98 .\ARM_GCC_493\Debug\Synthdude.a(cyPm.o)
 .debug_aranges
                0x00000720       0x70 .\ARM_GCC_493\Debug\Synthdude.a(timer_clock_1.o)
 .debug_aranges
                0x00000790       0x80 .\ARM_GCC_493\Debug\Synthdude.a(isr_2.o)
 .debug_aranges
                0x00000810       0x50 .\ARM_GCC_493\Debug\Synthdude.a(WaveDAC8_1.o)
 .debug_aranges
                0x00000860       0x28 .\ARM_GCC_493\Debug\Synthdude.a(WaveDAC8_1_Wave1_DMA_dma.o)
 .debug_aranges
                0x00000888       0x28 .\ARM_GCC_493\Debug\Synthdude.a(WaveDAC8_1_Wave2_DMA_dma.o)
 .debug_aranges
                0x000008b0       0x58 .\ARM_GCC_493\Debug\Synthdude.a(WaveDAC8_1_VDAC8.o)
 .debug_aranges
                0x00000908       0x40 .\ARM_GCC_493\Debug\Synthdude.a(WaveDAC8_1_BuffAmp.o)
 .debug_aranges
                0x00000948       0x20 .\ARM_GCC_493\Debug\Synthdude.a(CyBootAsmGnu.o)
 .debug_aranges
                0x00000968       0x80 .\ARM_GCC_493\Debug\Synthdude.a(CyFlash.o)
 .debug_aranges
                0x000009e8       0x78 .\ARM_GCC_493\Debug\Synthdude.a(CySpc.o)

.debug_pubnames
 *(.debug_pubnames)

.debug_info     0x00000000     0x4985
 *(.debug_info .gnu.linkonce.wi.*)
 .debug_info    0x00000000      0x565 .\ARM_GCC_493\Debug\main.o
 .debug_info    0x00000565      0x319 .\ARM_GCC_493\Debug\Cm3Start.o
 .debug_info    0x0000087e      0x13f .\ARM_GCC_493\Debug\cymetadata.o
 .debug_info    0x000009bd      0x3b8 .\ARM_GCC_493\Debug\Synthdude.a(cyfitter_cfg.o)
 .debug_info    0x00000d75      0x23a .\ARM_GCC_493\Debug\Synthdude.a(isr_1.o)
 .debug_info    0x00000faf      0x23e .\ARM_GCC_493\Debug\Synthdude.a(Timer_1.o)
 .debug_info    0x000011ed      0x5eb .\ARM_GCC_493\Debug\Synthdude.a(UART_1.o)
 .debug_info    0x000017d8      0x142 .\ARM_GCC_493\Debug\Synthdude.a(UART_1_INT.o)
 .debug_info    0x0000191a      0x8b4 .\ARM_GCC_493\Debug\Synthdude.a(CyDmac.o)
 .debug_info    0x000021ce      0xe4a .\ARM_GCC_493\Debug\Synthdude.a(CyLib.o)
 .debug_info    0x00003018      0x561 .\ARM_GCC_493\Debug\Synthdude.a(cyPm.o)
 .debug_info    0x00003579      0x25d .\ARM_GCC_493\Debug\Synthdude.a(timer_clock_1.o)
 .debug_info    0x000037d6      0x23a .\ARM_GCC_493\Debug\Synthdude.a(isr_2.o)
 .debug_info    0x00003a10      0x241 .\ARM_GCC_493\Debug\Synthdude.a(WaveDAC8_1.o)
 .debug_info    0x00003c51      0x114 .\ARM_GCC_493\Debug\Synthdude.a(WaveDAC8_1_Wave1_DMA_dma.o)
 .debug_info    0x00003d65      0x114 .\ARM_GCC_493\Debug\Synthdude.a(WaveDAC8_1_Wave2_DMA_dma.o)
 .debug_info    0x00003e79      0x185 .\ARM_GCC_493\Debug\Synthdude.a(WaveDAC8_1_VDAC8.o)
 .debug_info    0x00003ffe      0x11e .\ARM_GCC_493\Debug\Synthdude.a(WaveDAC8_1_BuffAmp.o)
 .debug_info    0x0000411c       0xac .\ARM_GCC_493\Debug\Synthdude.a(CyBootAsmGnu.o)
 .debug_info    0x000041c8      0x36a .\ARM_GCC_493\Debug\Synthdude.a(CyFlash.o)
 .debug_info    0x00004532      0x453 .\ARM_GCC_493\Debug\Synthdude.a(CySpc.o)

.debug_abbrev   0x00000000     0x1722
 *(.debug_abbrev)
 .debug_abbrev  0x00000000      0x14b .\ARM_GCC_493\Debug\main.o
 .debug_abbrev  0x0000014b      0x1b6 .\ARM_GCC_493\Debug\Cm3Start.o
 .debug_abbrev  0x00000301       0x77 .\ARM_GCC_493\Debug\cymetadata.o
 .debug_abbrev  0x00000378      0x183 .\ARM_GCC_493\Debug\Synthdude.a(cyfitter_cfg.o)
 .debug_abbrev  0x000004fb      0x172 .\ARM_GCC_493\Debug\Synthdude.a(isr_1.o)
 .debug_abbrev  0x0000066d       0xe9 .\ARM_GCC_493\Debug\Synthdude.a(Timer_1.o)
 .debug_abbrev  0x00000756      0x15f .\ARM_GCC_493\Debug\Synthdude.a(UART_1.o)
 .debug_abbrev  0x000008b5       0x8a .\ARM_GCC_493\Debug\Synthdude.a(UART_1_INT.o)
 .debug_abbrev  0x0000093f      0x194 .\ARM_GCC_493\Debug\Synthdude.a(CyDmac.o)
 .debug_abbrev  0x00000ad3      0x217 .\ARM_GCC_493\Debug\Synthdude.a(CyLib.o)
 .debug_abbrev  0x00000cea      0x161 .\ARM_GCC_493\Debug\Synthdude.a(cyPm.o)
 .debug_abbrev  0x00000e4b      0x11d .\ARM_GCC_493\Debug\Synthdude.a(timer_clock_1.o)
 .debug_abbrev  0x00000f68      0x172 .\ARM_GCC_493\Debug\Synthdude.a(isr_2.o)
 .debug_abbrev  0x000010da       0xe3 .\ARM_GCC_493\Debug\Synthdude.a(WaveDAC8_1.o)
 .debug_abbrev  0x000011bd       0x8b .\ARM_GCC_493\Debug\Synthdude.a(WaveDAC8_1_Wave1_DMA_dma.o)
 .debug_abbrev  0x00001248       0x8b .\ARM_GCC_493\Debug\Synthdude.a(WaveDAC8_1_Wave2_DMA_dma.o)
 .debug_abbrev  0x000012d3       0xeb .\ARM_GCC_493\Debug\Synthdude.a(WaveDAC8_1_VDAC8.o)
 .debug_abbrev  0x000013be       0xa8 .\ARM_GCC_493\Debug\Synthdude.a(WaveDAC8_1_BuffAmp.o)
 .debug_abbrev  0x00001466       0x14 .\ARM_GCC_493\Debug\Synthdude.a(CyBootAsmGnu.o)
 .debug_abbrev  0x0000147a      0x13c .\ARM_GCC_493\Debug\Synthdude.a(CyFlash.o)
 .debug_abbrev  0x000015b6      0x16c .\ARM_GCC_493\Debug\Synthdude.a(CySpc.o)

.debug_line     0x00000000     0x28c2
 *(.debug_line)
 .debug_line    0x00000000      0x439 .\ARM_GCC_493\Debug\main.o
 .debug_line    0x00000439      0x1db .\ARM_GCC_493\Debug\Cm3Start.o
 .debug_line    0x00000614       0x51 .\ARM_GCC_493\Debug\cymetadata.o
 .debug_line    0x00000665      0x223 .\ARM_GCC_493\Debug\Synthdude.a(cyfitter_cfg.o)
 .debug_line    0x00000888      0x150 .\ARM_GCC_493\Debug\Synthdude.a(isr_1.o)
 .debug_line    0x000009d8      0x15f .\ARM_GCC_493\Debug\Synthdude.a(Timer_1.o)
 .debug_line    0x00000b37      0x30c .\ARM_GCC_493\Debug\Synthdude.a(UART_1.o)
 .debug_line    0x00000e43       0x8a .\ARM_GCC_493\Debug\Synthdude.a(UART_1_INT.o)
 .debug_line    0x00000ecd      0x2b5 .\ARM_GCC_493\Debug\Synthdude.a(CyDmac.o)
 .debug_line    0x00001182      0x882 .\ARM_GCC_493\Debug\Synthdude.a(CyLib.o)
 .debug_line    0x00001a04      0x37f .\ARM_GCC_493\Debug\Synthdude.a(cyPm.o)
 .debug_line    0x00001d83      0x1a8 .\ARM_GCC_493\Debug\Synthdude.a(timer_clock_1.o)
 .debug_line    0x00001f2b      0x150 .\ARM_GCC_493\Debug\Synthdude.a(isr_2.o)
 .debug_line    0x0000207b       0xf0 .\ARM_GCC_493\Debug\Synthdude.a(WaveDAC8_1.o)
 .debug_line    0x0000216b       0x87 .\ARM_GCC_493\Debug\Synthdude.a(WaveDAC8_1_Wave1_DMA_dma.o)
 .debug_line    0x000021f2       0x87 .\ARM_GCC_493\Debug\Synthdude.a(WaveDAC8_1_Wave2_DMA_dma.o)
 .debug_line    0x00002279       0xf8 .\ARM_GCC_493\Debug\Synthdude.a(WaveDAC8_1_VDAC8.o)
 .debug_line    0x00002371       0xba .\ARM_GCC_493\Debug\Synthdude.a(WaveDAC8_1_BuffAmp.o)
 .debug_line    0x0000242b       0x7d .\ARM_GCC_493\Debug\Synthdude.a(CyBootAsmGnu.o)
 .debug_line    0x000024a8      0x205 .\ARM_GCC_493\Debug\Synthdude.a(CyFlash.o)
 .debug_line    0x000026ad      0x215 .\ARM_GCC_493\Debug\Synthdude.a(CySpc.o)

.debug_frame    0x00000000     0x2bb8
 *(.debug_frame)
 .debug_frame   0x00000000       0xd4 .\ARM_GCC_493\Debug\main.o
 .debug_frame   0x000000d4       0xd8 .\ARM_GCC_493\Debug\Cm3Start.o
 .debug_frame   0x000001ac      0x160 .\ARM_GCC_493\Debug\Synthdude.a(cyfitter_cfg.o)
 .debug_frame   0x0000030c      0x1e8 .\ARM_GCC_493\Debug\Synthdude.a(isr_1.o)
 .debug_frame   0x000004f4      0x208 .\ARM_GCC_493\Debug\Synthdude.a(Timer_1.o)
 .debug_frame   0x000006fc      0x428 .\ARM_GCC_493\Debug\Synthdude.a(UART_1.o)
 .debug_frame   0x00000b24       0x38 .\ARM_GCC_493\Debug\Synthdude.a(UART_1_INT.o)
 .debug_frame   0x00000b5c      0x3d0 .\ARM_GCC_493\Debug\Synthdude.a(CyDmac.o)
 .debug_frame   0x00000f2c      0xc0c .\ARM_GCC_493\Debug\Synthdude.a(CyLib.o)
 .debug_frame   0x00001b38      0x234 .\ARM_GCC_493\Debug\Synthdude.a(cyPm.o)
 .debug_frame   0x00001d6c      0x1b4 .\ARM_GCC_493\Debug\Synthdude.a(timer_clock_1.o)
 .debug_frame   0x00001f20      0x1e8 .\ARM_GCC_493\Debug\Synthdude.a(isr_2.o)
 .debug_frame   0x00002108       0xf8 .\ARM_GCC_493\Debug\Synthdude.a(WaveDAC8_1.o)
 .debug_frame   0x00002200       0x58 .\ARM_GCC_493\Debug\Synthdude.a(WaveDAC8_1_Wave1_DMA_dma.o)
 .debug_frame   0x00002258       0x58 .\ARM_GCC_493\Debug\Synthdude.a(WaveDAC8_1_Wave2_DMA_dma.o)
 .debug_frame   0x000022b0      0x130 .\ARM_GCC_493\Debug\Synthdude.a(WaveDAC8_1_VDAC8.o)
 .debug_frame   0x000023e0       0xb8 .\ARM_GCC_493\Debug\Synthdude.a(WaveDAC8_1_BuffAmp.o)
 .debug_frame   0x00002498      0x210 .\ARM_GCC_493\Debug\Synthdude.a(CyFlash.o)
 .debug_frame   0x000026a8      0x1f8 .\ARM_GCC_493\Debug\Synthdude.a(CySpc.o)
 .debug_frame   0x000028a0       0x44 c:/program files (x86)/cypress/psoc creator/4.0/psoc creator/import/gnu/arm/4.9.3/bin/../lib/gcc/arm-none-eabi/4.9.3/../../../../arm-none-eabi/lib/armv7-m\libm.a(lib_a-w_pow.o)
 .debug_frame   0x000028e4       0x44 c:/program files (x86)/cypress/psoc creator/4.0/psoc creator/import/gnu/arm/4.9.3/bin/../lib/gcc/arm-none-eabi/4.9.3/../../../../arm-none-eabi/lib/armv7-m\libm.a(lib_a-w_sqrt.o)
 .debug_frame   0x00002928       0x64 c:/program files (x86)/cypress/psoc creator/4.0/psoc creator/import/gnu/arm/4.9.3/bin/../lib/gcc/arm-none-eabi/4.9.3/../../../../arm-none-eabi/lib/armv7-m\libm.a(lib_a-e_pow.o)
 .debug_frame   0x0000298c       0x30 c:/program files (x86)/cypress/psoc creator/4.0/psoc creator/import/gnu/arm/4.9.3/bin/../lib/gcc/arm-none-eabi/4.9.3/../../../../arm-none-eabi/lib/armv7-m\libm.a(lib_a-e_sqrt.o)
 .debug_frame   0x000029bc       0x20 c:/program files (x86)/cypress/psoc creator/4.0/psoc creator/import/gnu/arm/4.9.3/bin/../lib/gcc/arm-none-eabi/4.9.3/../../../../arm-none-eabi/lib/armv7-m\libm.a(lib_a-s_fabs.o)
 .debug_frame   0x000029dc       0x20 c:/program files (x86)/cypress/psoc creator/4.0/psoc creator/import/gnu/arm/4.9.3/bin/../lib/gcc/arm-none-eabi/4.9.3/../../../../arm-none-eabi/lib/armv7-m\libm.a(lib_a-s_finite.o)
 .debug_frame   0x000029fc       0x34 c:/program files (x86)/cypress/psoc creator/4.0/psoc creator/import/gnu/arm/4.9.3/bin/../lib/gcc/arm-none-eabi/4.9.3/../../../../arm-none-eabi/lib/armv7-m\libm.a(lib_a-s_fpclassify.o)
 .debug_frame   0x00002a30       0x20 c:/program files (x86)/cypress/psoc creator/4.0/psoc creator/import/gnu/arm/4.9.3/bin/../lib/gcc/arm-none-eabi/4.9.3/../../../../arm-none-eabi/lib/armv7-m\libm.a(lib_a-s_matherr.o)
 .debug_frame   0x00002a50       0x20 c:/program files (x86)/cypress/psoc creator/4.0/psoc creator/import/gnu/arm/4.9.3/bin/../lib/gcc/arm-none-eabi/4.9.3/../../../../arm-none-eabi/lib/armv7-m\libm.a(lib_a-s_nan.o)
 .debug_frame   0x00002a70       0x3c c:/program files (x86)/cypress/psoc creator/4.0/psoc creator/import/gnu/arm/4.9.3/bin/../lib/gcc/arm-none-eabi/4.9.3/../../../../arm-none-eabi/lib/armv7-m\libm.a(lib_a-s_rint.o)
 .debug_frame   0x00002aac       0x30 c:/program files (x86)/cypress/psoc creator/4.0/psoc creator/import/gnu/arm/4.9.3/bin/../lib/gcc/arm-none-eabi/4.9.3/../../../../arm-none-eabi/lib/armv7-m\libm.a(lib_a-s_scalbn.o)
 .debug_frame   0x00002adc       0x20 c:/program files (x86)/cypress/psoc creator/4.0/psoc creator/import/gnu/arm/4.9.3/bin/../lib/gcc/arm-none-eabi/4.9.3/../../../../arm-none-eabi/lib/armv7-m\libm.a(lib_a-s_copysign.o)
 .debug_frame   0x00002afc       0x20 c:/program files (x86)/cypress/psoc creator/4.0/psoc creator/import/gnu/arm/4.9.3/bin/../lib/gcc/arm-none-eabi/4.9.3/../../../../arm-none-eabi/lib/armv7-m\libg_nano.a(lib_a-errno.o)
 .debug_frame   0x00002b1c       0x28 c:/program files (x86)/cypress/psoc creator/4.0/psoc creator/import/gnu/arm/4.9.3/bin/../lib/gcc/arm-none-eabi/4.9.3/../../../../arm-none-eabi/lib/armv7-m\libg_nano.a(lib_a-exit.o)
 .debug_frame   0x00002b44       0x2c c:/program files (x86)/cypress/psoc creator/4.0/psoc creator/import/gnu/arm/4.9.3/bin/../lib/gcc/arm-none-eabi/4.9.3/../../../../arm-none-eabi/lib/armv7-m\libg_nano.a(lib_a-init.o)
 .debug_frame   0x00002b70       0x28 c:/program files (x86)/cypress/psoc creator/4.0/psoc creator/import/gnu/arm/4.9.3/bin/../lib/gcc/arm-none-eabi/4.9.3/../../../../arm-none-eabi/lib/armv7-m\libg_nano.a(lib_a-memcpy.o)
 .debug_frame   0x00002b98       0x20 c:/program files (x86)/cypress/psoc creator/4.0/psoc creator/import/gnu/arm/4.9.3/bin/../lib/gcc/arm-none-eabi/4.9.3/../../../../arm-none-eabi/lib/armv7-m\libg_nano.a(lib_a-memset.o)

.debug_str      0x00000000     0x2466
 *(.debug_str)
 .debug_str     0x00000000      0x2bf .\ARM_GCC_493\Debug\main.o
                                0x31b (size before relaxing)
 .debug_str     0x000002bf      0x13d .\ARM_GCC_493\Debug\Cm3Start.o
                                0x2e7 (size before relaxing)
 .debug_str     0x000003fc       0x75 .\ARM_GCC_493\Debug\cymetadata.o
                                0x206 (size before relaxing)
 .debug_str     0x00000471      0x186 .\ARM_GCC_493\Debug\Synthdude.a(cyfitter_cfg.o)
                                0x32f (size before relaxing)
 .debug_str     0x000005f7       0xfe .\ARM_GCC_493\Debug\Synthdude.a(isr_1.o)
                                0x2b6 (size before relaxing)
 .debug_str     0x000006f5      0x182 .\ARM_GCC_493\Debug\Synthdude.a(Timer_1.o)
                                0x325 (size before relaxing)
 .debug_str     0x00000877      0x360 .\ARM_GCC_493\Debug\Synthdude.a(UART_1.o)
                                0x526 (size before relaxing)
 .debug_str     0x00000bd7       0x57 .\ARM_GCC_493\Debug\Synthdude.a(UART_1_INT.o)
                                0x26b (size before relaxing)
 .debug_str     0x00000c2e      0x36c .\ARM_GCC_493\Debug\Synthdude.a(CyDmac.o)
                                0x52d (size before relaxing)
 .debug_str     0x00000f9a      0x7ca .\ARM_GCC_493\Debug\Synthdude.a(CyLib.o)
                                0x9fa (size before relaxing)
 .debug_str     0x00001764      0x365 .\ARM_GCC_493\Debug\Synthdude.a(cyPm.o)
                                0x547 (size before relaxing)
 .debug_str     0x00001ac9      0x1aa .\ARM_GCC_493\Debug\Synthdude.a(timer_clock_1.o)
                                0x352 (size before relaxing)
 .debug_str     0x00001c73       0xe6 .\ARM_GCC_493\Debug\Synthdude.a(isr_2.o)
                                0x2b6 (size before relaxing)
 .debug_str     0x00001d59      0x168 .\ARM_GCC_493\Debug\Synthdude.a(WaveDAC8_1.o)
                                0x307 (size before relaxing)
 .debug_str     0x00001ec1       0xcf .\ARM_GCC_493\Debug\Synthdude.a(WaveDAC8_1_Wave1_DMA_dma.o)
                                0x267 (size before relaxing)
 .debug_str     0x00001f90       0x94 .\ARM_GCC_493\Debug\Synthdude.a(WaveDAC8_1_Wave2_DMA_dma.o)
                                0x267 (size before relaxing)
 .debug_str     0x00002024      0x10b .\ARM_GCC_493\Debug\Synthdude.a(WaveDAC8_1_VDAC8.o)
                                0x2a9 (size before relaxing)
 .debug_str     0x0000212f       0xcc .\ARM_GCC_493\Debug\Synthdude.a(WaveDAC8_1_BuffAmp.o)
                                0x262 (size before relaxing)
 .debug_str     0x000021fb      0x145 .\ARM_GCC_493\Debug\Synthdude.a(CyFlash.o)
                                0x306 (size before relaxing)
 .debug_str     0x00002340      0x126 .\ARM_GCC_493\Debug\Synthdude.a(CySpc.o)
                                0x303 (size before relaxing)

.debug_loc
 *(.debug_loc)

.debug_macinfo
 *(.debug_macinfo)

.debug_ranges   0x00000000      0x8f8
 *(.debug_ranges)
 .debug_ranges  0x00000000       0x28 .\ARM_GCC_493\Debug\main.o
 .debug_ranges  0x00000028       0x38 .\ARM_GCC_493\Debug\Cm3Start.o
 .debug_ranges  0x00000060       0x50 .\ARM_GCC_493\Debug\Synthdude.a(cyfitter_cfg.o)
 .debug_ranges  0x000000b0       0x70 .\ARM_GCC_493\Debug\Synthdude.a(isr_1.o)
 .debug_ranges  0x00000120       0x78 .\ARM_GCC_493\Debug\Synthdude.a(Timer_1.o)
 .debug_ranges  0x00000198       0xe0 .\ARM_GCC_493\Debug\Synthdude.a(UART_1.o)
 .debug_ranges  0x00000278       0x10 .\ARM_GCC_493\Debug\Synthdude.a(UART_1_INT.o)
 .debug_ranges  0x00000288       0xc8 .\ARM_GCC_493\Debug\Synthdude.a(CyDmac.o)
 .debug_ranges  0x00000350      0x290 .\ARM_GCC_493\Debug\Synthdude.a(CyLib.o)
 .debug_ranges  0x000005e0       0x88 .\ARM_GCC_493\Debug\Synthdude.a(cyPm.o)
 .debug_ranges  0x00000668       0x60 .\ARM_GCC_493\Debug\Synthdude.a(timer_clock_1.o)
 .debug_ranges  0x000006c8       0x70 .\ARM_GCC_493\Debug\Synthdude.a(isr_2.o)
 .debug_ranges  0x00000738       0x40 .\ARM_GCC_493\Debug\Synthdude.a(WaveDAC8_1.o)
 .debug_ranges  0x00000778       0x18 .\ARM_GCC_493\Debug\Synthdude.a(WaveDAC8_1_Wave1_DMA_dma.o)
 .debug_ranges  0x00000790       0x18 .\ARM_GCC_493\Debug\Synthdude.a(WaveDAC8_1_Wave2_DMA_dma.o)
 .debug_ranges  0x000007a8       0x48 .\ARM_GCC_493\Debug\Synthdude.a(WaveDAC8_1_VDAC8.o)
 .debug_ranges  0x000007f0       0x30 .\ARM_GCC_493\Debug\Synthdude.a(WaveDAC8_1_BuffAmp.o)
 .debug_ranges  0x00000820       0x70 .\ARM_GCC_493\Debug\Synthdude.a(CyFlash.o)
 .debug_ranges  0x00000890       0x68 .\ARM_GCC_493\Debug\Synthdude.a(CySpc.o)

.comment        0x00000000       0x70
 .comment       0x00000000       0x70 .\ARM_GCC_493\Debug\main.o
                                 0x71 (size before relaxing)
 .comment       0x00000000       0x71 .\ARM_GCC_493\Debug\Cm3Start.o
 .comment       0x00000000       0x71 .\ARM_GCC_493\Debug\cymetadata.o
 .comment       0x00000000       0x71 .\ARM_GCC_493\Debug\Synthdude.a(cyfitter_cfg.o)
 .comment       0x00000000       0x71 .\ARM_GCC_493\Debug\Synthdude.a(isr_1.o)
 .comment       0x00000000       0x71 .\ARM_GCC_493\Debug\Synthdude.a(Timer_1.o)
 .comment       0x00000000       0x71 .\ARM_GCC_493\Debug\Synthdude.a(UART_1.o)
 .comment       0x00000000       0x71 .\ARM_GCC_493\Debug\Synthdude.a(UART_1_INT.o)
 .comment       0x00000000       0x71 .\ARM_GCC_493\Debug\Synthdude.a(CyDmac.o)
 .comment       0x00000000       0x71 .\ARM_GCC_493\Debug\Synthdude.a(CyLib.o)
 .comment       0x00000000       0x71 .\ARM_GCC_493\Debug\Synthdude.a(cyPm.o)
 .comment       0x00000000       0x71 .\ARM_GCC_493\Debug\Synthdude.a(timer_clock_1.o)
 .comment       0x00000000       0x71 .\ARM_GCC_493\Debug\Synthdude.a(isr_2.o)
 .comment       0x00000000       0x71 .\ARM_GCC_493\Debug\Synthdude.a(WaveDAC8_1.o)
 .comment       0x00000000       0x71 .\ARM_GCC_493\Debug\Synthdude.a(WaveDAC8_1_Wave1_DMA_dma.o)
 .comment       0x00000000       0x71 .\ARM_GCC_493\Debug\Synthdude.a(WaveDAC8_1_Wave2_DMA_dma.o)
 .comment       0x00000000       0x71 .\ARM_GCC_493\Debug\Synthdude.a(WaveDAC8_1_VDAC8.o)
 .comment       0x00000000       0x71 .\ARM_GCC_493\Debug\Synthdude.a(WaveDAC8_1_BuffAmp.o)
 .comment       0x00000000       0x71 .\ARM_GCC_493\Debug\Synthdude.a(CyFlash.o)
 .comment       0x00000000       0x71 .\ARM_GCC_493\Debug\Synthdude.a(CySpc.o)

.debug_weaknames
 *(.debug_weaknames)

.debug_funcnames
 *(.debug_funcnames)

.debug_typenames
 *(.debug_typenames)

.debug_varnames
 *(.debug_varnames)

.note.gnu.arm.ident
 *(.note.gnu.arm.ident)

.ARM.attributes
                0x00000000       0x29
 *(.ARM.attributes)
 .ARM.attributes
                0x00000000       0x1d c:/program files (x86)/cypress/psoc creator/4.0/psoc creator/import/gnu/arm/4.9.3/bin/../lib/gcc/arm-none-eabi/4.9.3/armv7-m/crti.o
 .ARM.attributes
                0x0000001d       0x2d c:/program files (x86)/cypress/psoc creator/4.0/psoc creator/import/gnu/arm/4.9.3/bin/../lib/gcc/arm-none-eabi/4.9.3/armv7-m/crtbegin.o
 .ARM.attributes
                0x0000004a       0x1b c:/program files (x86)/cypress/psoc creator/4.0/psoc creator/import/gnu/arm/4.9.3/bin/../lib/gcc/arm-none-eabi/4.9.3/../../../../arm-none-eabi/lib/armv7-m/crt0.o
 .ARM.attributes
                0x00000065       0x33 .\ARM_GCC_493\Debug\main.o
 .ARM.attributes
                0x00000098       0x33 .\ARM_GCC_493\Debug\Cm3Start.o
 .ARM.attributes
                0x000000cb       0x33 .\ARM_GCC_493\Debug\cymetadata.o
 .ARM.attributes
                0x000000fe       0x33 .\ARM_GCC_493\Debug\Synthdude.a(cyfitter_cfg.o)
 .ARM.attributes
                0x00000131       0x33 .\ARM_GCC_493\Debug\Synthdude.a(isr_1.o)
 .ARM.attributes
                0x00000164       0x33 .\ARM_GCC_493\Debug\Synthdude.a(Timer_1.o)
 .ARM.attributes
                0x00000197       0x33 .\ARM_GCC_493\Debug\Synthdude.a(UART_1.o)
 .ARM.attributes
                0x000001ca       0x33 .\ARM_GCC_493\Debug\Synthdude.a(UART_1_INT.o)
 .ARM.attributes
                0x000001fd       0x33 .\ARM_GCC_493\Debug\Synthdude.a(CyDmac.o)
 .ARM.attributes
                0x00000230       0x33 .\ARM_GCC_493\Debug\Synthdude.a(CyLib.o)
 .ARM.attributes
                0x00000263       0x33 .\ARM_GCC_493\Debug\Synthdude.a(cyPm.o)
 .ARM.attributes
                0x00000296       0x33 .\ARM_GCC_493\Debug\Synthdude.a(timer_clock_1.o)
 .ARM.attributes
                0x000002c9       0x33 .\ARM_GCC_493\Debug\Synthdude.a(isr_2.o)
 .ARM.attributes
                0x000002fc       0x33 .\ARM_GCC_493\Debug\Synthdude.a(WaveDAC8_1.o)
 .ARM.attributes
                0x0000032f       0x33 .\ARM_GCC_493\Debug\Synthdude.a(WaveDAC8_1_Wave1_DMA_dma.o)
 .ARM.attributes
                0x00000362       0x33 .\ARM_GCC_493\Debug\Synthdude.a(WaveDAC8_1_Wave2_DMA_dma.o)
 .ARM.attributes
                0x00000395       0x33 .\ARM_GCC_493\Debug\Synthdude.a(WaveDAC8_1_VDAC8.o)
 .ARM.attributes
                0x000003c8       0x33 .\ARM_GCC_493\Debug\Synthdude.a(WaveDAC8_1_BuffAmp.o)
 .ARM.attributes
                0x000003fb       0x21 .\ARM_GCC_493\Debug\Synthdude.a(CyBootAsmGnu.o)
 .ARM.attributes
                0x0000041c       0x33 .\ARM_GCC_493\Debug\Synthdude.a(CyFlash.o)
 .ARM.attributes
                0x0000044f       0x33 .\ARM_GCC_493\Debug\Synthdude.a(CySpc.o)
 .ARM.attributes
                0x00000482       0x2d c:/program files (x86)/cypress/psoc creator/4.0/psoc creator/import/gnu/arm/4.9.3/bin/../lib/gcc/arm-none-eabi/4.9.3/../../../../arm-none-eabi/lib/armv7-m\libm.a(lib_a-w_pow.o)
 .ARM.attributes
                0x000004af       0x2d c:/program files (x86)/cypress/psoc creator/4.0/psoc creator/import/gnu/arm/4.9.3/bin/../lib/gcc/arm-none-eabi/4.9.3/../../../../arm-none-eabi/lib/armv7-m\libm.a(lib_a-w_sqrt.o)
 .ARM.attributes
                0x000004dc       0x2d c:/program files (x86)/cypress/psoc creator/4.0/psoc creator/import/gnu/arm/4.9.3/bin/../lib/gcc/arm-none-eabi/4.9.3/../../../../arm-none-eabi/lib/armv7-m\libm.a(lib_a-e_pow.o)
 .ARM.attributes
                0x00000509       0x2d c:/program files (x86)/cypress/psoc creator/4.0/psoc creator/import/gnu/arm/4.9.3/bin/../lib/gcc/arm-none-eabi/4.9.3/../../../../arm-none-eabi/lib/armv7-m\libm.a(lib_a-e_sqrt.o)
 .ARM.attributes
                0x00000536       0x2d c:/program files (x86)/cypress/psoc creator/4.0/psoc creator/import/gnu/arm/4.9.3/bin/../lib/gcc/arm-none-eabi/4.9.3/../../../../arm-none-eabi/lib/armv7-m\libm.a(lib_a-s_fabs.o)
 .ARM.attributes
                0x00000563       0x2d c:/program files (x86)/cypress/psoc creator/4.0/psoc creator/import/gnu/arm/4.9.3/bin/../lib/gcc/arm-none-eabi/4.9.3/../../../../arm-none-eabi/lib/armv7-m\libm.a(lib_a-s_finite.o)
 .ARM.attributes
                0x00000590       0x2d c:/program files (x86)/cypress/psoc creator/4.0/psoc creator/import/gnu/arm/4.9.3/bin/../lib/gcc/arm-none-eabi/4.9.3/../../../../arm-none-eabi/lib/armv7-m\libm.a(lib_a-s_fpclassify.o)
 .ARM.attributes
                0x000005bd       0x2d c:/program files (x86)/cypress/psoc creator/4.0/psoc creator/import/gnu/arm/4.9.3/bin/../lib/gcc/arm-none-eabi/4.9.3/../../../../arm-none-eabi/lib/armv7-m\libm.a(lib_a-s_lib_ver.o)
 .ARM.attributes
                0x000005ea       0x2d c:/program files (x86)/cypress/psoc creator/4.0/psoc creator/import/gnu/arm/4.9.3/bin/../lib/gcc/arm-none-eabi/4.9.3/../../../../arm-none-eabi/lib/armv7-m\libm.a(lib_a-s_matherr.o)
 .ARM.attributes
                0x00000617       0x2d c:/program files (x86)/cypress/psoc creator/4.0/psoc creator/import/gnu/arm/4.9.3/bin/../lib/gcc/arm-none-eabi/4.9.3/../../../../arm-none-eabi/lib/armv7-m\libm.a(lib_a-s_nan.o)
 .ARM.attributes
                0x00000644       0x2d c:/program files (x86)/cypress/psoc creator/4.0/psoc creator/import/gnu/arm/4.9.3/bin/../lib/gcc/arm-none-eabi/4.9.3/../../../../arm-none-eabi/lib/armv7-m\libm.a(lib_a-s_rint.o)
 .ARM.attributes
                0x00000671       0x2d c:/program files (x86)/cypress/psoc creator/4.0/psoc creator/import/gnu/arm/4.9.3/bin/../lib/gcc/arm-none-eabi/4.9.3/../../../../arm-none-eabi/lib/armv7-m\libm.a(lib_a-s_scalbn.o)
 .ARM.attributes
                0x0000069e       0x2d c:/program files (x86)/cypress/psoc creator/4.0/psoc creator/import/gnu/arm/4.9.3/bin/../lib/gcc/arm-none-eabi/4.9.3/../../../../arm-none-eabi/lib/armv7-m\libm.a(lib_a-s_copysign.o)
 .ARM.attributes
                0x000006cb       0x1d c:/program files (x86)/cypress/psoc creator/4.0/psoc creator/import/gnu/arm/4.9.3/bin/../lib/gcc/arm-none-eabi/4.9.3/armv7-m\libgcc.a(_arm_addsubdf3.o)
 .ARM.attributes
                0x000006e8       0x1d c:/program files (x86)/cypress/psoc creator/4.0/psoc creator/import/gnu/arm/4.9.3/bin/../lib/gcc/arm-none-eabi/4.9.3/armv7-m\libgcc.a(_arm_muldivdf3.o)
 .ARM.attributes
                0x00000705       0x1d c:/program files (x86)/cypress/psoc creator/4.0/psoc creator/import/gnu/arm/4.9.3/bin/../lib/gcc/arm-none-eabi/4.9.3/armv7-m\libgcc.a(_arm_cmpdf2.o)
 .ARM.attributes
                0x00000722       0x1d c:/program files (x86)/cypress/psoc creator/4.0/psoc creator/import/gnu/arm/4.9.3/bin/../lib/gcc/arm-none-eabi/4.9.3/armv7-m\libgcc.a(_arm_fixunsdfsi.o)
 .ARM.attributes
                0x0000073f       0x2d c:/program files (x86)/cypress/psoc creator/4.0/psoc creator/import/gnu/arm/4.9.3/bin/../lib/gcc/arm-none-eabi/4.9.3/../../../../arm-none-eabi/lib/armv7-m\libg_nano.a(lib_a-errno.o)
 .ARM.attributes
                0x0000076c       0x2d c:/program files (x86)/cypress/psoc creator/4.0/psoc creator/import/gnu/arm/4.9.3/bin/../lib/gcc/arm-none-eabi/4.9.3/../../../../arm-none-eabi/lib/armv7-m\libg_nano.a(lib_a-exit.o)
 .ARM.attributes
                0x00000799       0x2d c:/program files (x86)/cypress/psoc creator/4.0/psoc creator/import/gnu/arm/4.9.3/bin/../lib/gcc/arm-none-eabi/4.9.3/../../../../arm-none-eabi/lib/armv7-m\libg_nano.a(lib_a-impure.o)
 .ARM.attributes
                0x000007c6       0x2d c:/program files (x86)/cypress/psoc creator/4.0/psoc creator/import/gnu/arm/4.9.3/bin/../lib/gcc/arm-none-eabi/4.9.3/../../../../arm-none-eabi/lib/armv7-m\libg_nano.a(lib_a-init.o)
 .ARM.attributes
                0x000007f3       0x2d c:/program files (x86)/cypress/psoc creator/4.0/psoc creator/import/gnu/arm/4.9.3/bin/../lib/gcc/arm-none-eabi/4.9.3/../../../../arm-none-eabi/lib/armv7-m\libg_nano.a(lib_a-memcpy.o)
 .ARM.attributes
                0x00000820       0x2d c:/program files (x86)/cypress/psoc creator/4.0/psoc creator/import/gnu/arm/4.9.3/bin/../lib/gcc/arm-none-eabi/4.9.3/../../../../arm-none-eabi/lib/armv7-m\libg_nano.a(lib_a-memset.o)
 .ARM.attributes
                0x0000084d       0x2d c:/program files (x86)/cypress/psoc creator/4.0/psoc creator/import/gnu/arm/4.9.3/bin/../lib/gcc/arm-none-eabi/4.9.3/armv7-m/crtend.o
 .ARM.attributes
                0x0000087a       0x1d c:/program files (x86)/cypress/psoc creator/4.0/psoc creator/import/gnu/arm/4.9.3/bin/../lib/gcc/arm-none-eabi/4.9.3/armv7-m/crtn.o

/DISCARD/
 *(.note.GNU-stack)
OUTPUT(.\ARM_GCC_493\Debug\Synthdude.elf elf32-littlearm)
